c --- [ banner ] -------------------------------------------------------------
c 
c CaDiCaL SAT Solver
c Copyright (c) 2016-2025
c A. Biere, M. Fleury, N. Froleyks, K. Fazekas, F. Pollitt, T. Faller
c JKU Linz, University of Freiburg, TU Wien
c 
c Version 3.0.0 7b99c07f0bcab5824a5a3ce62c7066554017f641
c Apple clang version 21.0.0 (clang-2100.0.123.102) -Wall -Wextra -O3 -DNDEBUG -DNCLOSEFROM
c Thu Apr 23 22:35:47 PDT 2026 Darwin dada-mun-26.local 25.4.0 arm64
c 
c --- [ proof tracing ] ------------------------------------------------------
c 
c opening file to write '/Users/adam/projects/math-projects/erdos-97-96-formalization/scratch/atail-force/unique4-exact-two-core-map/.p5-largest.trimmed-stage-9109-1784846568619672000/p5-largest.drat'
c writing non-binary proof trace to '/Users/adam/projects/math-projects/erdos-97-96-formalization/scratch/atail-force/unique4-exact-two-core-map/.p5-largest.trimmed-stage-9109-1784846568619672000/p5-largest.drat'
c 
c --- [ parsing input ] ------------------------------------------------------
c 
c reading DIMACS file from '/Users/adam/projects/math-projects/erdos-97-96-formalization/scratch/atail-force/unique4-exact-two-core-map/.p5-largest.trimmed-stage-9109-1784846568619672000/p5-largest.dense.cnf'
c opening file to read '/Users/adam/projects/math-projects/erdos-97-96-formalization/scratch/atail-force/unique4-exact-two-core-map/.p5-largest.trimmed-stage-9109-1784846568619672000/p5-largest.dense.cnf'
c found 'p cnf 616 9412' header
c parsed 9412 clauses in 0.00 seconds process time
c 
c --- [ options ] ------------------------------------------------------------
c 
c   --binary=false                 (different from default 'true')
c   --factor=false                 (different from default 'true')
c   --seed=7                       (different from default '0')
c 
c --- [ solving ] ------------------------------------------------------------
c 
c time measured in process time since initialization
c 
c  seconds  reduction conflicts       size tier2     variables
c         MB    restarts   redundant    glue  trail      remaining
c          level     rate       size/glu tier1 irredundant
c 
c *  0.00  0  0 0   0  0    0    0 0.0 0 0 2 6  0% 9411 615 100%
c (  0.00  0  0 0   0  0    0    0 0.0 0 0 2 6  0% 9411 615 100%
c .  0.00  0  0 0   0  0    0    0 0.0 0 0 2 6  0% 9411 615 100%
c c  0.00  0  0 0   0  0    0    0 0.0 0 0 2 6  0% 9411 615 100%
c d  0.00  0  0 0   0  0    0    0 0.0 0 0 2 6  0% 9391 605 98%
c e  0.01  0  0 0   0  0    0    0 0.0 0 0 2 6  0% 9391 604 98%
c P  0.01  0  0 0   0  0    0    0 0.0 0 0 2 6  0% 9391 604 98%
c )  0.01  0  0 0   0  0    0    0 0.0 0 0 2 6  0% 9391 604 98%
c {  0.01  0  0 0   0  0    0    0 0.0 0 0 2 6  0% 9391 604 98%
c -  0.01  0 54 1   8  4  300  180 1.7 11 7 2 6 62% 9391 604 98%
c i  0.01  0 43 1  27  4  652  458 1.7 11 6 2 6 55% 9391 603 98%
c -  0.01  0 43 2  35  4  733  348 1.7 11 7 2 6 55% 9375 603 98%
c }  0.01  0 40 2  56  4 1004  594 1.8 12 7 2 6 57% 9375 603 98%
c [  0.01  0  0 2  56  0 1004  594 0.0 0 0 2 6  0% 9375 603 98%
c O  0.01  0  9 2  56 10 1005  595 3.0 3 1 2 6 33% 9375 603 98%
c -  0.02  0 18 3  56  1 1409  612 2.0 17 9 2 6 59% 9375 603 98%
c 2  0.02  0 17 3  56  1 1579  768 2.1 18 9 2 6 59% 9375 603 98%
c p  0.02  0 17 3  56  1 1579  768 2.1 18 9 2 6 59% 9375 603 98%
c ]  0.02  0 19 3  56  1 1828  997 2.0 18 9 2 6 59% 9375 603 98%
c {  0.02  0 40 3  56  4 1828  997 1.8 12 7 2 6 57% 9375 603 98%
c 
c  seconds  reduction conflicts       size  tier2     variables
c         MB    restarts   redundant     glue  trail      remaining
c          level     rate       size/glue tier1 irredundant
c 
c -  0.03  0 38 4 139  5 2350  940 1.7 13 7 2 6 56% 9375 603 98%
c O  0.03  0 37 4 181  5 3009 1546 1.8 13 7 2 6 58% 9375 603 98%
c i  0.03  0 37 4 181  5 3009 1546 1.8 13 7 2 6 58% 9375 593 96%
c -  0.04  0 34 5 210  4 3561 1468 1.9 14 7 2 6 58% 9330 593 96%
c 2  0.04  0 33 5 264  4 4081 1954 1.9 14 7 2 6 58% 9329 593 96%
c d  0.04  0 33 5 264  4 4081 1953 1.9 14 7 2 6 58% 9313 585 95%
c 2  0.04  0 33 5 264  4 4081 1953 1.9 14 7 2 6 58% 9310 585 95%
c }  0.04  0 33 5 271  4 4197 2059 1.9 14 7 2 6 58% 9310 585 95%
c [  0.04  0 19 5 271  1 4197 2059 2.0 18 9 2 6 59% 9310 585 95%
c -  0.05  0 23 6 272  1 5054 2034 2.0 18 9 5 8 57% 9310 585 95%
c I  0.06  0 22 6 273  1 6010 2901 2.0 19 9 5 7 57% 9310 585 95%
c ]  0.07  0 24 6 273  1 6461 3308 2.0 19 10 5 8 58% 9310 585 95%
c {  0.07  0 33 6 273  4 6461 3308 1.9 14 7 2 6 58% 9310 585 95%
c -  0.07  0 32 7 299  4 6831 2297 1.9 14 7 2 6 58% 9310 585 95%
c s  0.08  0 31 7 355  4 7877 3241 1.9 14 7 4 6 58% 9243 585 95%
c e  0.09  0 31 7 355  4 7877 3103 1.9 14 7 4 6 58% 9232 583 95%
c s  0.09  0 31 7 355  4 7877 3095 1.9 14 7 4 6 58% 9104 583 95%
c -  0.10  0 29 8 382  3 8897 3118 2.0 15 7 4 6 58% 9104 583 95%
c u  0.11  0 29 8 394  3 9383 3523 2.0 15 7 4 6 57% 9103 583 95%
c v  0.11  0 29 8 394  3 9383 3518 2.0 15 7 4 6 57% 9103 583 95%
c 
c  seconds  reduction conflicts       size  tier2     variables
c         MB    restarts   redundant     glue  trail      remaining
c          level     rate       size/glue tier1 irredundant
c 
c w  0.11  0 29 8 394  3 9383 3518 2.0 15 7 4 6 57% 9103 583 95%
c #  0.11  0 28 8 446  3 10012 4106 2.0 15 7 4 6 56% 9103 583 95%
c }  0.12  0 28 8 492  3 10694 4749 2.0 15 7 4 6 56% 9103 583 95%
c [  0.12  0 24 8 492  1 10694 4749 2.0 19 10 5 8 58% 9103 583 95%
c -  0.13  0 23 9 492  1 11255 4037 2.1 19 9 5 8 57% 9103 583 95%
c p  0.14  0 22 9 493  1 12167 4902 2.2 20 9 5 8 56% 9103 583 95%
c -  0.17  0 21 10 494  1 13908 4670 2.1 20 9 4 7 56% 9103 583 95%
c ]  0.17  0 21 10 495  1 14290 4998 2.1 20 9 4 7 56% 9103 583 95%
c {  0.17  0 28 10 495  3 14290 4998 2.0 15 7 4 6 56% 9103 583 95%
c B  0.18  0 28 10 608  3 15013 5679 2.0 15 7 4 6 56% 9103 583 95%
c p  0.18  0 28 10 612  3 15033 5694 2.0 15 7 4 6 56% 9103 583 95%
c -  0.21  0 26 11 797  3 16859 5623 2.1 15 7 4 6 56% 9104 583 95%
c u  0.23  0 26 11 968  4 17975 6598 2.1 15 7 4 6 55% 9104 583 95%
c v  0.23  0 26 11 968  4 17975 6585 2.1 15 7 4 6 55% 9104 583 95%
c w  0.23  0 26 11 968  4 17975 6585 2.1 15 7 4 6 55% 9104 583 95%
c }  0.24  0 26 11 1031  4 18399 6984 2.0 15 7 4 6 55% 9104 583 95%
c [  0.24  0 21 11 1031  1 18399 6984 2.1 20 9 4 7 56% 9104 583 95%
c -  0.26  0 20 12 1031  1 20108 6419 2.2 19 9 4 7 55% 9104 583 95%
c B  0.28  0 20 12 1032  1 21014 7187 2.1 19 9 4 7 55% 9104 583 95%
c ]  0.32  0 20 12 1032  1 23309 9224 2.1 20 10 4 7 56% 9104 583 95%
c 
c  seconds  reductions   conflicts       size  tier2     variables
c         MB     restarts     redundant     glue  trail      remaining
c          level       rate        size/glue tier1 irredundant
c 
c {  0.32  0 26 12 1032  4 23309 9224 2.0 15 7 4 6 55% 9104 583 95%
c -  0.32  0 26 13 1088  4 23654 6900 2.0 15 8 4 6 55% 9104 583 95%
c s  0.33  0 26 13 1097  4 23738 6979 2.0 15 8 4 6 55% 9103 583 95%
c 2  0.34  0 26 13 1170  4 24064 7292 2.0 15 8 4 6 55% 9103 583 95%
c u  0.34  0 26 13 1170  4 24064 7260 2.0 15 8 4 6 55% 9103 583 95%
c v  0.34  0 26 13 1170  4 24064 7260 2.0 15 8 4 6 55% 9103 583 95%
c w  0.34  0 26 13 1170  4 24064 7259 2.0 15 8 4 6 55% 9103 583 95%
c -  0.41  0 25 14 1504  4 27498 7931 2.1 16 8 4 6 55% 9103 583 95%
c W  0.43  0 25 14 1567  4 28017 8412 2.1 16 8 4 6 55% 9105 583 95%
c }  0.45  0 25 14 1677  4 28752 9104 2.1 16 8 4 6 55% 9105 583 95%
c [  0.45  0 20 14 1677  1 28752 9104 2.1 20 10 4 7 56% 9105 583 95%
c -  0.50  0 21 15 1679  1 31644 8784 2.0 20 10 4 7 56% 9105 583 95%
c p  0.50  0 21 15 1679  1 31644 8784 2.0 20 10 4 7 56% 9105 583 95%
c u  0.50  0 21 15 1679  1 31644 8689 2.0 20 10 4 7 56% 9105 583 95%
c v  0.51  0 21 15 1679  1 31644 8685 2.0 20 10 4 7 56% 9105 583 95%
c w  0.51  0 21 15 1679  1 31644 8685 2.0 20 10 4 7 56% 9105 583 95%
c ]  0.56  0 20 15 1681  1 34728 11082 1.9 20 10 4 7 56% 9105 583 95%
c {  0.56  0 25 15 1681  4 34728 11082 2.1 16 8 4 6 55% 9105 583 95%
c F  0.59  0 24 15 1817  4 36018 12213 2.1 16 8 4 6 54% 9105 583 95%
c -  0.59  0 24 16 1835  4 36092 9057 2.1 16 8 4 6 54% 9105 583 95%
c 
c  seconds  reductions   conflicts       size  tier2     variables
c         MB     restarts     redundant     glue  trail      remaining
c          level       rate        size/glue tier1 irredundant
c 
c -  0.69  0 24 17 2333  4 40844 8227 2.1 17 8 3 4 54% 9105 583 95%
c p  0.69  0 24 17 2333  4 40844 8227 2.1 17 8 3 4 54% 9105 583 95%
c u  0.69  0 24 17 2333  4 40844 8073 2.1 17 8 3 4 54% 9105 583 95%
c v  0.69  0 24 17 2333  4 40844 8062 2.1 17 8 3 4 54% 9105 583 95%
c }  0.71  0 24 17 2460  4 41381 8569 2.1 17 8 3 4 54% 9105 583 95%
c [  0.71  0 20 17 2460  1 41381 8569 1.9 20 10 4 7 56% 9105 583 95%
c W  0.78  0 20 17 2463  1 45022 11873 1.9 20 10 4 7 56% 9105 583 95%
c -  0.80  0 20 18 2463  1 45896 8257 1.9 20 10 4 7 56% 9105 583 95%
c u  0.81  0 20 18 2463  1 45896 8206 1.9 20 10 4 7 56% 9105 583 95%
c v  0.81  0 20 18 2463  1 45896 8201 1.9 20 10 4 7 56% 9105 583 95%
c w  0.81  0 20 18 2463  1 45896 8201 1.9 20 10 4 7 56% 9105 583 95%
c ^  0.84  0 20 18 2463  1 47527 9476 1.9 20 11 4 7 56% 9105 583 95%
c ]  0.89  0 20 18 2464  1 50359 11764 1.8 20 11 4 7 56% 9105 583 95%
c {  0.89  0 24 18 2464  4 50359 11764 2.1 17 8 3 4 54% 9105 583 95%
c -  0.92  0 24 19 2611  4 51252 8315 2.1 17 8 3 4 54% 9105 583 95%
c u  0.92  0 24 19 2611  4 51252 8206 2.1 17 8 3 4 54% 9105 583 95%
c v  0.92  0 24 19 2611  4 51252 8201 2.1 17 8 3 4 54% 9105 583 95%
c w  0.92  0 24 19 2611  4 51252 8201 2.1 17 8 3 4 54% 9105 583 95%
c B  0.99  0 23 19 3082  4 55025 11744 2.1 17 8 3 4 54% 9105 583 95%
c -  1.04  0 23 20 3347  4 56911 9148 2.1 17 8 3 4 54% 9105 583 95%
c 
c  seconds  reductions   conflicts       size  tier2     variables
c         MB     restarts     redundant     glue  trail      remaining
c          level       rate        size/glue tier1 irredundant
c 
c u  1.05  0 23 20 3347  4 56911 9007 2.1 17 8 3 4 54% 9105 583 95%
c v  1.05  0 23 20 3347  4 56911 8994 2.1 17 8 3 4 54% 9105 583 95%
c }  1.09  0 23 20 3551  4 58877 10845 2.1 17 8 3 4 54% 9105 583 95%
c [  1.09  0 20 20 3551  1 58877 10845 1.8 20 11 4 7 56% 9105 583 95%
c -  1.17  0 20 21 3551  1 62875 9859 1.9 21 11 4 7 56% 9105 583 95%
c u  1.17  0 20 21 3551  1 62875 9769 1.9 21 11 4 7 56% 9105 583 95%
c v  1.17  0 20 21 3551  1 62875 9755 1.9 21 11 4 7 56% 9105 583 95%
c w  1.17  0 20 21 3551  1 62875 9755 1.9 21 11 4 7 56% 9105 583 95%
c O  1.23  0 20 21 3552  1 66027 12635 1.9 21 11 4 7 56% 9105 583 95%
c -  1.29  0 20 22 3554  1 69143 10105 1.9 21 11 4 7 56% 9105 583 95%
c u  1.30  0 20 22 3554  1 69143 10070 1.9 21 11 4 7 56% 9105 583 95%
c v  1.30  0 20 22 3554  1 69143 10063 1.9 21 11 4 7 56% 9105 583 95%
c w  1.30  0 20 22 3554  1 69143 10062 1.9 21 11 4 7 56% 9105 583 95%
c x  1.30  0 20 22 3554  1 69143 10061 1.9 21 11 4 7 56% 9102 583 95%
c ]  1.31  0 20 22 3554  1 69696 10497 1.9 20 11 4 7 55% 9102 583 95%
c {  1.31  0 23 22 3554  4 69696 10497 2.1 17 8 3 4 54% 9102 583 95%
c -  1.46  0 22 23 4294  4 75716 9179 2.1 17 8 2 3 54% 9102 583 95%
c u  1.47  0 22 23 4294  4 75716 9125 2.1 17 8 2 3 54% 9102 583 95%
c v  1.47  0 22 23 4294  4 75716 9107 2.1 17 8 2 3 54% 9102 583 95%
c w  1.47  0 22 23 4294  4 75716 9107 2.1 17 8 2 3 54% 9102 583 95%
c 
c  seconds  reductions   conflicts        size  tier2     variables
c         MB     restarts      redundant     glue  trail      remaining
c          level       rate         size/glue tier1 irredundant
c 
c W  1.55  0 22 23 4529  4 78029 11289 2.1 18 8 2 3 54% 9102 583 95%
c e  1.58  0 22 23 4725  4 79248 12445 2.1 18 8 2 3 54% 9104 581 94%
c ^  1.58  0 22 23 4725  4 79248 12445 2.1 18 8 2 3 54% 9104 581 94%
c }  1.59  0 22 23 4822  4 79681 12855 2.1 18 8 2 3 54% 9104 581 94%
c [  1.59  0 20 23 4822  1 79681 12855 1.9 20 11 4 7 55% 9104 581 94%
c -  1.65  0 19 24 4825  1 82595 9379 1.8 20 11 4 7 55% 9104 581 94%
c u  1.66  0 19 24 4825  1 82595 9331 1.8 20 11 4 7 55% 9104 581 94%
c v  1.66  0 19 24 4825  1 82595 9318 1.8 20 11 4 7 55% 9104 581 94%
c w  1.66  0 19 24 4825  1 82595 9318 1.8 20 11 4 7 55% 9104 581 94%
c x  1.66  0 19 24 4825  1 82595 9317 1.8 20 11 4 7 55% 9102 581 94%
c -  1.79  0 19 25 4828  1 89781 8962 1.8 20 11 4 7 55% 9102 581 94%
c u  1.80  0 19 25 4828  1 89781 8861 1.8 20 11 4 7 55% 9102 581 94%
c v  1.80  0 19 25 4828  1 89781 8829 1.8 20 11 4 7 55% 9102 581 94%
c w  1.80  0 19 25 4828  1 89781 8829 1.8 20 11 4 7 55% 9102 581 94%
c B  1.82  0 19 25 4829  1 91031 9845 1.8 20 11 4 7 55% 9102 581 94%
c ]  1.88  0 18 25 4831  1 94042 11973 1.8 20 11 4 7 55% 9102 581 94%
c {  1.88  0 22 25 4831  4 94042 11973 2.1 18 8 2 3 54% 9102 581 94%
c -  1.95  0 22 26 5192  4 97271 9120 2.1 18 8 2 3 54% 9102 581 94%
c u  1.95  0 22 26 5192  4 97271 9035 2.1 18 8 2 3 54% 9102 581 94%
c v  1.95  0 22 26 5192  4 97271 9002 2.1 18 8 2 3 54% 9102 581 94%
c 
c  seconds  reductions   conflicts       size  tier2     variables
c         MB     restarts     redundant     glue  trail      remaining
c          level       rate        size/glue tier1 irredundant
c 
c w  1.95  0 22 26 5192  4 97271 9002 2.1 18 8 2 3 54% 9102 581 94%
c #  2.11  0 22 26 5884  4 105032 16281 2.1 18 8 2 3 54% 9102 581 94%
c -  2.11  0 22 27 5884  4 105068 10104 2.1 18 8 2 3 54% 9102 581 94%
c u  2.12  0 22 27 5884  4 105068 9999 2.1 18 8 2 3 54% 9102 581 94%
c v  2.12  0 22 27 5884  4 105068 9969 2.1 18 8 2 3 54% 9102 581 94%
c w  2.12  0 22 27 5884  4 105068 9969 2.1 18 8 2 3 54% 9102 581 94%
c x  2.12  0 22 27 5884  4 105068 9967 2.1 18 8 2 3 54% 9099 581 94%
c }  2.19  0 22 27 6140  4 108820 13407 2.1 18 8 2 3 54% 9099 581 94%
c [  2.19  0 18 27 6140  1 108820 13407 1.8 20 11 4 7 55% 9099 581 94%
c -  2.29  0 19 28 6142  1 113171 10741 1.8 20 11 4 7 55% 9099 581 94%
c u  2.29  0 19 28 6142  1 113171 10620 1.8 20 11 4 7 55% 9099 581 94%
c v  2.29  0 19 28 6142  1 113171 10578 1.8 20 11 4 7 55% 9099 581 94%
c w  2.29  0 19 28 6142  1 113171 10578 1.8 20 11 4 7 55% 9099 581 94%
c ^  2.41  0 19 28 6143  1 118948 15482 1.8 20 11 4 7 55% 9099 581 94%
c W  2.48  0 19 28 6143  1 120035 16355 1.8 20 11 4 7 55% 9099 581 94%
c -  2.52  0 19 29 6143  1 121582 10538 1.8 20 11 4 7 55% 9099 581 94%
c u  2.53  0 19 29 6143  1 121582 10458 1.8 20 11 4 7 55% 9099 581 94%
c v  2.53  0 19 29 6143  1 121582 10438 1.8 20 11 4 7 55% 9099 581 94%
c x  2.53  0 19 29 6143  1 121582 10437 1.8 20 11 4 7 55% 9091 581 94%
c ]  2.58  0 19 29 6144  1 124269 12635 1.8 20 11 4 7 55% 9091 581 94%
c 
c  seconds  reductions   conflicts         size  tier2     variables
c         MB     restarts       redundant     glue  trail      remaining
c          level       rate          size/glue tier1 irredundant
c 
c {  2.58  0 22 29 6144  4 124269 12635 2.1 18 8 2 3 54% 9091 581 94%
c -  2.72  0 21 30 6794  4 130299 11082 2.1 18 9 2 3 53% 9091 581 94%
c u  2.73  0 21 30 6794  4 130299 10970 2.1 18 9 2 3 53% 9091 581 94%
c v  2.73  0 21 30 6794  4 130299 10959 2.1 18 9 2 3 53% 9091 581 94%
c w  2.73  0 21 30 6794  4 130299 10959 2.1 18 9 2 3 53% 9091 581 94%
c B  2.85  0 21 30 7267  3 136036 16132 2.1 18 9 2 3 53% 9091 581 94%
c -  2.93  0 20 31 7312  3 139323 12185 2.1 18 8 2 3 53% 9091 581 94%
c u  2.95  0 20 31 7312  3 139323 12092 2.1 18 8 2 3 53% 9091 581 94%
c v  2.95  0 20 31 7312  3 139323 12068 2.1 18 8 2 3 53% 9091 581 94%
c w  2.95  0 20 31 7312  3 139323 12068 2.1 18 8 2 3 53% 9091 581 94%
c }  2.99  0 20 31 7459  3 140916 13525 2.1 18 8 2 3 53% 9091 581 94%
c [  2.99  0 19 31 7459  1 140916 13525 1.8 20 11 4 7 55% 9091 581 94%
c -  3.19  0 18 32 7459  1 148654 12432 1.8 20 11 4 7 55% 9091 581 94%
c u  3.20  0 18 32 7459  1 148654 12366 1.8 20 11 4 7 55% 9091 581 94%
c v  3.20  0 18 32 7459  1 148654 12359 1.8 20 11 4 7 55% 9091 581 94%
c w  3.20  0 18 32 7459  1 148654 12359 1.8 20 11 4 7 55% 9091 581 94%
c x  3.20  0 18 32 7459  1 148654 12356 1.8 20 11 4 7 55% 9087 581 94%
c I  3.30  0 18 32 7459  1 153037 16415 1.8 20 11 4 7 55% 9087 581 94%
c -  3.41  0 19 33 7461  1 158293 12501 1.8 21 12 4 7 55% 9087 581 94%
c u  3.42  0 19 33 7461  1 158293 12406 1.8 21 12 4 7 55% 9087 581 94%
c 
c  seconds  reductions   conflicts         size   tier2     variables
c         MB     restarts       redundant     glue   trail      remaining
c          level       rate          size/glue  tier1 irredundant
c 
c v  3.42  0 19 33 7461  1 158293 12383 1.8 21 12 4 7 55% 9087 581 94%
c w  3.42  0 19 33 7461  1 158293 12383 1.8 21 12 4 7 55% 9087 581 94%
c ]  3.42  0 19 33 7461  1 158361 12435 1.8 21 12 4 7 55% 9087 581 94%
c {  3.42  0 20 33 7461  3 158361 12435 2.1 18 8 2 3 53% 9087 581 94%
c e  3.65  0 20 33 8517  3 166578 20104 2.1 18 9 2 3 53% 9091 580 94%
c ^  3.65  0 20 33 8517  3 166578 20104 2.1 18 9 2 3 53% 9091 580 94%
c -  3.69  0 20 34 8623  3 168239 13324 2.1 18 9 2 3 53% 9091 580 94%
c u  3.70  0 20 34 8623  3 168239 13064 2.1 18 9 2 3 53% 9091 580 94%
c v  3.70  0 20 34 8623  3 168239 13036 2.1 18 9 2 3 53% 9091 580 94%
c w  3.70  0 20 34 8623  3 168239 13036 2.1 18 9 2 3 53% 9091 580 94%
c W  3.83  0 20 34 9113  3 171041 15613 2.1 18 9 2 3 53% 9091 580 94%
c }  3.94  0 20 34 9333  3 175860 19932 2.1 18 9 2 3 53% 9091 580 94%
c [  3.94  0 19 34 9333  1 175860 19932 1.8 21 12 4 7 55% 9091 580 94%
c -  4.01  0 19 35 9334  1 178498 13970 1.8 21 11 4 7 55% 9091 580 94%
c u  4.01  0 19 35 9334  1 178498 13780 1.8 21 11 4 7 55% 9091 580 94%
c v  4.01  0 19 35 9334  1 178498 13736 1.8 21 11 4 7 55% 9091 580 94%
c -  4.27  0 18 36 9341  1 189060 13868 1.8 20 11 4 7 55% 9091 580 94%
c u  4.28  0 18 36 9341  1 189060 13752 1.8 20 11 4 7 55% 9091 580 94%
c v  4.28  0 18 36 9341  1 189060 13739 1.8 20 11 4 7 55% 9091 580 94%
c w  4.28  0 18 36 9341  1 189060 13738 1.8 20 11 4 7 55% 9091 580 94%
c 
c  seconds  reductions   conflicts         size   tier2     variables
c         MB     restarts       redundant     glue   trail      remaining
c          level       rate          size/glue  tier1 irredundant
c 
c x  4.28  0 18 36 9341  1 189060 13734 1.8 20 11 4 7 55% 9088 580 94%
c B  4.31  0 18 36 9341  1 190046 14502 1.8 20 11 4 7 55% 9088 580 94%
c ]  4.43  0 18 36 9344  1 195236 19250 1.8 21 11 4 7 55% 9088 580 94%
c {  4.43  0 20 36 9344  3 195236 19250 2.1 18 9 2 3 53% 9088 580 94%
c -  4.57  0 20 37 9844  3 199931 14460 2.1 18 9 2 3 53% 9088 580 94%
c u  4.58  0 20 37 9844  3 199931 14234 2.1 18 9 2 3 53% 9088 580 94%
c v  4.58  0 20 37 9844  3 199931 14211 2.1 18 9 2 3 53% 9088 580 94%
c w  4.58  0 20 37 9844  3 199931 14211 2.1 18 9 2 3 53% 9088 580 94%
c F  4.75  0 19 37 9982  3 210047 21996 2.0 17 9 2 3 51% 9088 580 94%
c -  4.78  0 19 38 10025  3 211110 14648 2.0 17 9 2 3 51% 9088 580 94%
c u  4.79  0 19 38 10025  3 211110 14558 2.0 17 9 2 3 51% 9088 580 94%
c v  4.79  0 19 38 10025  3 211110 14552 2.0 17 9 2 3 51% 9088 580 94%
c x  4.79  0 19 38 10025  3 211110 14551 2.0 17 9 2 3 51% 9086 580 94%
c }  4.99  0 18 38 10405  3 220833 22327 2.0 17 8 2 3 51% 9086 580 94%
c [  4.99  0 18 38 10405  1 220833 22327 1.8 21 11 4 7 55% 9086 580 94%
c e  5.03  0 18 38 10406  1 222164 23424 1.8 21 11 4 7 55% 9110 576 94%
c ^  5.03  0 18 38 10406  1 222164 23424 1.8 21 11 4 7 55% 9110 576 94%
c -  5.04  0 18 39 10406  1 222596 15218 1.8 21 11 4 7 55% 9110 576 94%
c p  5.04  0 18 39 10406  1 222596 15218 1.8 21 11 4 7 55% 9110 576 94%
c u  5.07  0 18 39 10406  1 222596 15145 1.8 21 11 4 7 55% 9110 576 94%
c 
c  seconds  reductions    conflicts         size   tier2     variables
c         MB      restarts       redundant     glue   trail      remaining
c          level        rate          size/glue  tier1 irredundant
c 
c v  5.07  0 18 39 10406  1 222596 15133 1.8 21 11 4 7 55% 9110 576 94%
c w  5.07  0 18 39 10406  1 222596 15133 1.8 21 11 4 7 55% 9110 576 94%
c x  5.07  0 18 39 10406  1 222596 15133 1.8 21 11 4 7 55% 9102 576 94%
c W  5.34  0 18 39 10407  1 231049 21254 1.8 20 11 4 7 54% 9102 576 94%
c -  5.43  0 18 40 10409  1 234391 15610 1.8 20 11 4 7 54% 9102 576 94%
c u  5.44  0 18 40 10409  1 234391 15497 1.8 20 11 4 7 54% 9102 576 94%
c v  5.44  0 18 40 10409  1 234391 15483 1.8 20 11 4 7 54% 9102 576 94%
c w  5.44  0 18 40 10409  1 234391 15483 1.8 20 11 4 7 54% 9102 576 94%
c x  5.44  0 18 40 10409  1 234391 15483 1.8 20 11 4 7 54% 9096 576 94%
c ]  5.68  0 18 40 10414  1 244269 23005 1.8 20 12 4 7 54% 9096 576 94%
c {  5.68  0 18 40 10414  3 244269 23005 2.0 17 8 2 3 51% 9096 576 94%
c -  5.75  0 18 41 10593  3 246494 15350 2.0 17 8 2 3 51% 9096 576 94%
c u  5.76  0 18 41 10593  3 246494 15136 2.0 17 8 2 3 51% 9096 576 94%
c v  5.76  0 18 41 10593  3 246494 15102 2.0 17 8 2 3 51% 9096 576 94%
c B  5.94  0 18 41 11582  3 253051 20951 2.0 17 9 2 3 51% 9096 576 94%
c -  6.08  0 18 42 11871  3 258907 16595 2.0 17 9 2 3 51% 9096 576 94%
c u  6.08  0 18 42 11871  3 258907 16478 2.0 17 9 2 3 51% 9096 576 94%
c v  6.09  0 18 42 11871  3 258907 16456 2.0 17 9 2 3 51% 9096 576 94%
c x  6.09  0 18 42 11871  3 258907 16455 2.0 17 9 2 3 51% 9087 576 94%
c }  6.32  0 18 42 12804  3 267288 24010 2.0 17 9 2 3 51% 9087 576 94%
c 
c  seconds  reductions    conflicts         size   tier2     variables
c         MB      restarts       redundant     glue   trail      remaining
c          level        rate          size/glue  tier1 irredundant
c 
c [  6.32  0 18 42 12804  1 267288 24010 1.8 20 12 4 7 54% 9087 576 94%
c -  6.43  0 18 43 12807  1 271627 17565 1.8 20 11 4 7 54% 9087 576 94%
c u  6.44  0 18 43 12807  1 271627 17315 1.8 20 11 4 7 54% 9087 576 94%
c v  6.45  0 18 43 12807  1 271627 17282 1.8 20 11 4 7 54% 9087 576 94%
c w  6.45  0 18 43 12807  1 271627 17282 1.8 20 11 4 7 54% 9087 576 94%
c O  6.54  0 18 43 12810  1 276052 21369 1.8 20 11 4 7 54% 9087 576 94%
c -  6.74  0 18 44 12812  1 284659 17633 1.8 20 11 4 7 54% 9087 576 94%
c u  6.75  0 18 44 12812  1 284659 17455 1.8 20 11 4 7 54% 9087 576 94%
c v  6.75  0 18 44 12812  1 284659 17439 1.8 20 11 4 7 54% 9087 576 94%
c w  6.75  0 18 44 12812  1 284659 17439 1.8 20 11 4 7 54% 9087 576 94%
c e  6.79  0 17 44 12812  1 285898 18428 1.8 20 11 4 7 54% 9149 571 93%
c s  6.79  0 17 44 12812  1 285898 17689 1.8 20 11 4 7 54% 9148 571 93%
c ]  7.02  0 17 44 12813  1 294983 25707 1.8 21 11 4 7 54% 9148 571 93%
c {  7.02  0 18 44 12813  3 294983 25707 2.0 17 9 2 3 51% 9148 571 93%
c -  7.14  0 18 45 13268  3 297998 17601 2.0 17 9 2 3 51% 9148 571 93%
c u  7.14  0 18 45 13268  3 297998 17403 2.0 17 9 2 3 51% 9148 571 93%
c v  7.15  0 18 45 13268  3 297998 17368 2.0 17 9 2 3 51% 9148 571 93%
c x  7.15  0 18 45 13268  3 297998 17367 2.0 17 9 2 3 51% 9142 571 93%
c W  7.33  0 18 45 13629  3 300054 19270 2.0 17 9 2 3 51% 9142 571 93%
c -  7.65  0 17 46 14567  3 311647 18565 2.0 17 9 2 3 51% 9142 571 93%
c 
c  seconds  reductions    conflicts         size  tier2     variables
c         MB      restarts       redundant     glue  trail      remaining
c          level        rate          size/glue tier1 irredundant
c 
c p  7.65  0 17 46 14567  3 311647 18565 2.0 17 9 2 3 51% 9142 571 93%
c u  7.66  0 17 46 14567  3 311647 18386 2.0 17 9 2 3 51% 9142 571 93%
c v  7.66  0 17 46 14567  3 311647 18346 2.0 17 9 2 3 51% 9142 571 93%
c t  7.66  0 17 46 14567  3 311647 18345 2.0 17 9 2 3 51% 9142 571 93%
c }  7.85  0 17 46 15499  3 318433 24535 2.0 17 9 2 3 51% 9142 571 93%
c [  7.85  0 17 46 15499  1 318433 24535 1.8 21 11 4 7 54% 9142 571 93%
c B  8.02  0 17 46 15499  1 325055 30009 1.8 21 11 4 7 54% 9142 571 93%
c -  8.04  0 17 47 15499  1 325603 19461 1.8 21 11 4 7 54% 9142 571 93%
c u  8.05  0 17 47 15499  1 325603 19356 1.8 21 11 4 7 54% 9142 571 93%
c v  8.05  0 17 47 15499  1 325603 19317 1.8 21 11 4 7 54% 9142 571 93%
c w  8.05  0 17 47 15499  1 325603 19317 1.8 21 11 4 7 54% 9142 571 93%
c -  8.43  0 17 48 15500  1 339868 19311 1.8 21 11 2 3 54% 9142 571 93%
c u  8.46  0 17 48 15500  1 339868 19161 1.8 21 11 2 3 54% 9142 571 93%
c v  8.47  0 17 48 15500  1 339868 19127 1.8 21 11 2 3 54% 9142 571 93%
c w  8.47  0 17 48 15500  1 339868 19126 1.8 21 11 2 3 54% 9142 571 93%
c ]  8.66  0 18 48 15500  1 347669 25586 1.8 21 11 2 3 54% 9142 571 93%
c {  8.66  0 17 48 15500  3 347669 25586 2.0 17 9 2 3 51% 9142 571 93%
c #  8.77  0 17 48 15890  3 351057 28715 2.0 17 9 2 3 51% 9142 571 93%
c -  8.88  0 17 49 16100  3 354442 19668 2.0 17 9 2 3 51% 9142 571 93%
c u  8.89  0 17 49 16100  3 354442 19545 2.0 17 9 2 3 51% 9142 571 93%
c 
c  seconds  reductions    conflicts         size  tier2     variables
c         MB      restarts       redundant     glue  trail      remaining
c          level        rate          size/glue tier1 irredundant
c 
c v  8.89  0 17 49 16100  3 354442 19518 2.0 17 9 2 3 51% 9142 571 93%
c w  8.89  0 17 49 16100  3 354442 19518 2.0 17 9 2 3 51% 9142 571 93%
c x  8.90  0 17 49 16100  3 354442 19514 2.0 17 9 2 3 51% 9052 571 93%
c s  9.01  0 17 49 16683  3 357934 22160 2.0 17 9 2 3 51% 9052 571 93%
c -  9.41  0 17 50 18193  3 369328 20649 2.0 18 9 2 3 50% 9052 571 93%
c 2  9.41  0 17 50 18193  3 369328 20648 2.0 18 9 2 3 50% 9052 571 93%
c u  9.42  0 17 50 18193  3 369328 20391 2.0 18 9 2 3 50% 9052 571 93%
c v  9.42  0 17 50 18193  3 369328 20347 2.0 18 9 2 3 50% 9052 571 93%
c }  9.48  0 17 50 18447  3 371294 22157 2.0 18 9 2 3 51% 9052 571 93%
c [  9.48  0 18 50 18447  1 371294 22157 1.8 21 11 2 3 54% 9052 571 93%
c W  9.76  0 17 50 18447  1 378058 27952 1.9 21 11 2 3 54% 9052 571 93%
c -  9.95  0 17 51 18447  1 384521 20698 1.8 21 11 2 3 53% 9052 571 93%
c u  9.96  0 17 51 18447  1 384521 20426 1.8 21 11 2 3 53% 9052 571 93%
c v  9.97  0 17 51 18447  1 384521 20387 1.8 21 11 2 3 53% 9052 571 93%
c w  9.97  0 17 51 18447  1 384521 20387 1.8 21 11 2 3 53% 9052 571 93%
c t  9.97  0 17 51 18447  1 384521 20387 1.8 21 11 2 3 53% 9051 571 93%
c - 10.37  0 17 52 18456  1 400023 20052 1.8 21 11 2 3 53% 9051 571 93%
c u 10.38  0 17 52 18456  1 400023 19875 1.8 21 11 2 3 53% 9051 571 93%
c v 10.38  0 17 52 18456  1 400023 19836 1.8 21 11 2 3 53% 9051 571 93%
c w 10.38  0 17 52 18456  1 400023 19836 1.8 21 11 2 3 53% 9051 571 93%
c 
c  seconds  reductions    conflicts         size   tier2     variables
c         MB      restarts       redundant     glue   trail      remaining
c          level        rate          size/glue  tier1 irredundant
c 
c ] 10.46  0 17 52 18457  1 402865 22091 1.8 20 11 2 3 53% 9051 571 93%
c { 10.46  0 17 52 18457  3 402865 22091 2.0 18 9 2 3 51% 9051 571 93%
c B 10.54  0 17 52 18714  3 406059 24700 1.9 18 9 2 3 50% 9051 571 93%
c - 10.82  0 17 53 19370  3 415836 21231 2.0 18 9 2 3 50% 9051 571 93%
c u 10.83  0 17 53 19370  3 415836 20957 2.0 18 9 2 3 50% 9051 571 93%
c v 10.83  0 17 53 19370  3 415836 20903 2.0 18 9 2 3 50% 9051 571 93%
c - 11.28  0 16 54 20763  3 431957 21808 1.9 17 9 2 3 50% 9051 571 93%
c p 11.28  0 16 54 20763  3 431957 21808 1.9 17 9 2 3 50% 9051 571 93%
c u 11.29  0 16 54 20763  3 431957 21697 1.9 17 9 2 3 50% 9051 571 93%
c v 11.29  0 16 54 20763  3 431957 21636 1.9 17 9 2 3 50% 9051 571 93%
c x 11.30  0 16 54 20763  3 431957 21626 1.9 17 9 2 3 50% 8988 571 93%
c t 11.30  0 16 54 20763  3 431957 21624 1.9 17 9 2 3 50% 8988 571 93%
c } 11.36  0 16 54 20976  3 434375 23753 1.9 17 9 2 3 50% 8988 571 93%
c [ 11.36  0 17 54 20976  1 434375 23753 1.8 20 11 2 3 53% 8988 571 93%
c I 11.38  0 17 54 20977  1 435060 24382 1.8 20 11 2 3 53% 8988 571 93%
c s 11.45  0 17 54 20979  1 437668 25893 1.8 20 11 2 3 53% 8988 571 93%
c - 11.71  0 17 55 20981  1 448390 21833 1.8 20 11 2 3 52% 8988 571 93%
c 2 11.71  0 17 55 20981  1 448390 21832 1.8 20 11 2 3 52% 8988 571 93%
c u 11.72  0 17 55 20981  1 448390 21668 1.8 20 11 2 3 52% 8988 571 93%
c v 11.72  0 17 55 20981  1 448390 21647 1.8 20 11 2 3 52% 8988 571 93%
c 
c  seconds  reductions    conflicts         size   tier2     variables
c         MB      restarts       redundant     glue   trail      remaining
c          level        rate          size/glue  tier1 irredundant
c 
c w 11.72  0 17 55 20981  1 448390 21647 1.8 20 11 2 3 52% 8988 571 93%
c B 12.16  0 17 55 20990  1 465061 34926 1.8 21 11 2 3 52% 8988 571 93%
c - 12.16  0 17 56 20990  1 465130 21463 1.8 21 11 2 3 52% 8988 571 93%
c u 12.17  0 17 56 20990  1 465130 21239 1.8 21 11 2 3 52% 8988 571 93%
c v 12.18  0 17 56 20990  1 465130 21198 1.8 21 11 2 3 52% 8988 571 93%
c w 12.18  0 17 56 20990  1 465130 21198 1.8 21 11 2 3 52% 8988 571 93%
c t 12.18  0 17 56 20990  1 465130 21190 1.8 21 11 2 3 52% 8988 571 93%
c ] 12.33  0 17 56 20994  1 471285 26188 1.8 21 11 2 3 52% 8988 571 93%
c { 12.33  0 16 56 20994  3 471285 26188 1.9 17 9 2 3 50% 8988 571 93%
c - 12.62  0 16 57 21517  3 482182 22650 2.0 17 9 2 3 50% 8988 571 93%
c u 12.63  0 16 57 21517  3 482182 22575 2.0 17 9 2 3 50% 8988 571 93%
c v 12.63  0 16 57 21517  3 482182 22552 2.0 17 9 2 3 50% 8988 571 93%
c x 12.64  0 16 57 21517  3 482182 22549 2.0 17 9 2 3 50% 8943 571 93%
c t 12.64  0 16 57 21517  3 482182 22548 2.0 17 9 2 3 50% 8942 571 93%
c W 13.20  0 16 57 22598  3 496062 34257 2.0 18 9 2 3 50% 8942 571 93%
c - 13.33  0 16 58 22965  3 499542 24176 1.9 18 9 2 3 50% 8942 571 93%
c u 13.37  0 16 58 22965  3 499542 24002 1.9 18 9 2 3 50% 8942 571 93%
c v 13.38  0 16 58 22965  3 499542 23965 1.9 18 9 2 3 50% 8942 571 93%
c w 13.38  0 16 58 22965  3 499542 23965 1.9 18 9 2 3 50% 8942 571 93%
c t 13.38  0 16 58 22965  3 499542 23961 1.9 18 9 2 3 50% 8942 571 93%
c 
c  seconds  reductions    conflicts         size  tier2     variables
c         MB      restarts       redundant     glue  trail      remaining
c          level        rate          size/glue tier1 irredundant
c 
c } 13.56  0 16 58 23567  3 505844 29167 1.9 17 9 2 3 50% 8942 571 93%
c [ 13.56  0 17 58 23567  1 505844 29167 1.8 21 11 2 3 52% 8942 571 93%
c - 13.89  0 16 59 23569  1 517212 24098 1.8 20 11 2 3 52% 8942 571 93%
c u 13.90  0 16 59 23569  1 517212 23969 1.8 20 11 2 3 52% 8942 571 93%
c v 13.90  0 16 59 23569  1 517212 23923 1.8 20 11 2 3 52% 8942 571 93%
c w 13.90  0 16 59 23569  1 517212 23923 1.8 20 11 2 3 52% 8942 571 93%
c x 13.90  0 16 59 23569  1 517212 23917 1.8 20 11 2 3 52% 8887 571 93%
c t 13.90  0 16 59 23569  1 517212 23910 1.8 20 11 2 3 52% 8884 571 93%
c e 14.13  0 16 59 23570  1 525150 29853 1.8 20 11 2 3 52% 8894 569 92%
c s 14.13  0 16 59 23570  1 525150 29553 1.8 20 11 2 3 52% 8894 569 92%
c W 14.27  0 16 59 23570  1 528065 31994 1.8 20 11 2 3 52% 8894 569 92%
c - 14.48  0 16 60 23570  1 535191 24309 1.8 20 11 2 3 52% 8894 569 92%
c u 14.49  0 16 60 23570  1 535191 24201 1.8 20 11 2 3 52% 8894 569 92%
c v 14.49  0 16 60 23570  1 535191 24179 1.8 20 11 2 3 52% 8894 569 92%
c w 14.49  0 16 60 23570  1 535191 24179 1.8 20 11 2 3 52% 8894 569 92%
c x 14.49  0 16 60 23570  1 535191 24176 1.8 20 11 2 3 52% 8876 569 92%
c t 14.49  0 16 60 23570  1 535191 24171 1.8 20 11 2 3 52% 8876 569 92%
c ] 14.66  0 16 60 23576  1 541916 29477 1.8 20 11 2 3 52% 8876 569 92%
c { 14.66  0 16 60 23576  3 541916 29477 1.9 17 9 2 3 50% 8876 569 92%
c - 14.98  0 15 61 24099  2 553481 24804 1.9 17 9 2 3 50% 8876 569 92%
c 
c  seconds  reductions    conflicts         size  tier2     variables
c         MB      restarts       redundant     glue  trail      remaining
c          level        rate          size/glue tier1 irredundant
c 
c u 14.98  0 15 61 24099  2 553481 24607 1.9 17 9 2 3 50% 8876 569 92%
c v 14.99  0 15 61 24099  2 553481 24556 1.9 17 9 2 3 50% 8876 569 92%
c t 14.99  0 15 61 24099  2 553481 24546 1.9 17 9 2 3 50% 8876 569 92%
c F 15.19  0 15 61 24335  2 561066 30294 1.9 17 9 2 3 50% 8876 569 92%
c - 15.52  0 15 62 24737  2 572080 25554 1.9 17 9 2 3 50% 8876 569 92%
c u 15.53  0 15 62 24737  2 572080 25443 1.9 17 9 2 3 50% 8876 569 92%
c v 15.53  0 15 62 24737  2 572080 25424 1.9 17 9 2 3 50% 8876 569 92%
c w 15.53  0 15 62 24737  2 572080 25424 1.9 17 9 2 3 50% 8876 569 92%
c x 15.54  0 15 62 24737  2 572080 25411 1.9 17 9 2 3 50% 8801 569 92%
c } 15.80  0 14 62 25165  2 582032 33175 1.9 17 9 2 3 50% 8801 569 92%
c [ 15.80  0 16 62 25165  1 582032 33175 1.8 20 11 2 3 52% 8801 569 92%
c - 16.03  0 16 63 25169  1 590989 26217 1.8 20 11 2 3 52% 8801 569 92%
c u 16.04  0 16 63 25169  1 590989 26063 1.8 20 11 2 3 52% 8801 569 92%
c v 16.04  0 16 63 25169  1 590989 26038 1.8 20 11 2 3 52% 8801 569 92%
c w 16.04  0 16 63 25169  1 590989 26038 1.8 20 11 2 3 52% 8801 569 92%
c x 16.05  0 16 63 25169  1 590989 26035 1.8 20 11 2 3 52% 8799 569 92%
c t 16.05  0 16 63 25169  1 590989 26032 1.8 20 11 2 3 52% 8799 569 92%
c O 16.14  0 16 63 25172  1 595068 29581 1.8 20 11 2 3 52% 8799 569 92%
c - 16.58  0 16 64 25176  1 610207 26136 1.8 20 11 2 3 52% 8799 569 92%
c u 16.59  0 16 64 25176  1 610207 26005 1.8 20 11 2 3 52% 8799 569 92%
c 
c  seconds  reductions    conflicts         size   tier2     variables
c         MB      restarts       redundant     glue   trail      remaining
c          level        rate          size/glue  tier1 irredundant
c 
c v 16.59  0 16 64 25176  1 610207 25971 1.8 20 11 2 3 52% 8799 569 92%
c w 16.59  0 16 64 25176  1 610207 25971 1.8 20 11 2 3 52% 8799 569 92%
c t 16.59  0 16 64 25176  1 610207 25968 1.8 20 11 2 3 52% 8799 569 92%
c e 16.87  0 16 64 25181  1 620343 33941 1.8 20 11 2 3 52% 8819 567 92%
c s 16.87  0 16 64 25181  1 620343 33941 1.8 20 11 2 3 52% 8818 567 92%
c ] 16.96  0 16 64 25183  1 623318 36077 1.8 20 11 2 3 52% 8818 567 92%
c { 16.96  0 14 64 25183  2 623318 36077 1.9 17 9 2 3 50% 8818 567 92%
c - 17.15  0 14 65 25517  2 629736 26497 2.0 17 9 2 3 49% 8818 567 92%
c p 17.15  0 14 65 25517  2 629736 26497 2.0 17 9 2 3 49% 8818 567 92%
c u 17.15  0 14 65 25517  2 629736 26380 2.0 17 9 2 3 49% 8818 567 92%
c v 17.16  0 14 65 25517  2 629736 26346 2.0 17 9 2 3 49% 8818 567 92%
c w 17.16  0 14 65 25517  2 629736 26345 2.0 17 9 2 3 49% 8818 567 92%
c x 17.16  0 14 65 25517  2 629736 26336 2.0 17 9 2 3 49% 8803 567 92%
c t 17.16  0 14 65 25517  2 629736 26331 2.0 17 9 2 3 49% 8803 567 92%
c B 17.17  0 14 65 25517  2 630070 26578 2.0 17 9 2 3 49% 8803 567 92%
c - 17.82  0 14 66 27276  2 649575 28061 1.9 17 9 2 3 49% 8803 567 92%
c u 17.83  0 14 66 27276  2 649575 27859 1.9 17 9 2 3 49% 8803 567 92%
c v 17.83  0 14 66 27276  2 649575 27824 1.9 17 9 2 3 49% 8803 567 92%
c t 17.83  0 14 66 27276  2 649575 27817 1.9 17 9 2 3 49% 8803 567 92%
c } 18.22  0 14 66 27839  2 662037 37253 1.9 17 9 2 3 50% 8803 567 92%
c 
c  seconds  reductions    conflicts         size   tier2     variables
c         MB      restarts       redundant     glue   trail      remaining
c          level        rate          size/glue  tier1 irredundant
c 
c [ 18.22  0 16 66 27839  1 662037 37253 1.8 20 11 2 3 52% 8803 567 92%
c B 18.33  0 16 66 27842  1 666072 40770 1.8 20 11 2 3 51% 8803 567 92%
c - 18.46  0 16 67 27844  1 669725 28244 1.8 20 11 2 3 51% 8803 567 92%
c u 18.47  0 16 67 27844  1 669725 27940 1.8 20 11 2 3 51% 8803 567 92%
c v 18.47  0 16 67 27844  1 669725 27896 1.8 20 11 2 3 51% 8803 567 92%
c - 19.10  0 16 68 27846  1 690185 27942 1.8 20 11 2 3 51% 8803 567 92%
c u 19.11  0 16 68 27846  1 690185 27814 1.8 20 11 2 3 51% 8803 567 92%
c v 19.12  0 16 68 27846  1 690185 27792 1.8 20 11 2 3 51% 8803 567 92%
c w 19.12  0 16 68 27846  1 690185 27792 1.8 20 11 2 3 51% 8803 567 92%
c x 19.12  0 16 68 27846  1 690185 27785 1.8 20 11 2 3 51% 8803 567 92%
c t 19.12  0 16 68 27846  1 690185 27784 1.8 20 11 2 3 51% 8803 567 92%
c W 19.77  0 16 68 27847  1 703074 38011 1.8 20 11 2 3 51% 8803 567 92%
c ] 19.78  0 16 68 27847  1 703348 38249 1.8 20 11 2 3 51% 8803 567 92%
c { 19.78  0 14 68 27847  2 703348 38249 1.9 17 9 2 3 50% 8803 567 92%
c - 20.02  0 14 69 28100  2 710954 28123 1.9 17 9 2 3 50% 8803 567 92%
c u 20.08  0 14 69 28100  2 710954 27892 1.9 17 9 2 3 50% 8803 567 92%
c v 20.08  0 14 69 28100  2 710954 27851 1.9 17 9 2 3 50% 8803 567 92%
c w 20.08  0 14 69 28100  2 710954 27851 1.9 17 9 2 3 50% 8803 567 92%
c t 20.08  0 14 69 28100  2 710954 27842 1.9 17 9 2 3 50% 8803 567 92%
c s 20.47  0 14 69 28922  2 723279 37404 1.9 17 9 2 3 50% 8803 567 92%
c 
c  seconds  reductions    conflicts         size  tier2     variables
c         MB      restarts       redundant     glue  trail      remaining
c          level        rate          size/glue tier1 irredundant
c 
c - 20.77  0 13 70 29428  2 732034 28801 1.9 17 9 2 3 50% 8803 567 92%
c 2 20.77  0 13 70 29428  2 732034 28800 1.9 17 9 2 3 50% 8803 567 92%
c d 20.77  0 13 70 29428  2 732034 28725 1.9 17 9 2 3 50% 8802 566 92%
c p 20.77  0 13 70 29428  2 732034 28726 1.9 17 9 2 3 50% 8802 566 92%
c u 20.78  0 13 70 29428  2 732034 28548 1.9 17 9 2 3 50% 8802 566 92%
c v 20.78  0 13 70 29428  2 732034 28521 1.9 17 9 2 3 50% 8802 566 92%
c w 20.78  0 13 70 29428  2 732034 28521 1.9 17 9 2 3 50% 8802 566 92%
c x 20.79  0 13 70 29428  2 732034 28518 1.9 17 9 2 3 50% 8797 566 92%
c t 20.79  0 13 70 29428  2 732034 28511 1.9 17 9 2 3 50% 8796 566 92%
c W 21.13  0 13 70 30032  2 741079 34958 1.9 16 9 2 3 50% 8796 566 92%
c } 21.27  0 13 70 30216  2 745150 37955 1.9 16 9 2 3 50% 8796 566 92%
c [ 21.27  0 16 70 30216  1 745150 37955 1.8 20 11 2 3 51% 8796 566 92%
c - 21.56  0 16 71 30216  1 753425 28905 1.8 20 11 2 3 51% 8796 566 92%
c p 21.57  0 16 71 30216  1 753425 28906 1.8 20 11 2 3 51% 8796 566 92%
c u 21.57  0 16 71 30216  1 753425 28717 1.8 20 11 2 3 51% 8796 566 92%
c v 21.58  0 16 71 30216  1 753425 28676 1.8 20 11 2 3 51% 8796 566 92%
c w 21.58  0 16 71 30216  1 753425 28676 1.8 20 11 2 3 51% 8796 566 92%
c x 21.58  0 16 71 30216  1 753425 28671 1.8 20 11 2 3 51% 8793 566 92%
c i 21.83  0 15 71 30216  1 761000 33701 1.8 19 11 2 3 51% 8793 565 92%
c - 22.29  0 16 72 30217  1 775126 21624 1.8 20 11 2 3 52% 8677 565 92%
c 
c  seconds  reductions    conflicts         size   tier2     variables
c         MB      restarts       redundant     glue   trail      remaining
c          level        rate          size/glue  tier1 irredundant
c 
c p 22.29  0 16 72 30217  1 775126 21625 1.8 20 11 2 3 52% 8677 565 92%
c u 22.30  0 16 72 30217  1 775126 21437 1.8 20 11 2 3 52% 8677 565 92%
c v 22.30  0 16 72 30217  1 775126 21392 1.8 20 11 2 3 52% 8677 565 92%
c w 22.30  0 16 72 30217  1 775126 21392 1.8 20 11 2 3 52% 8677 565 92%
c x 22.31  0 16 72 30217  1 775126 21392 1.8 20 11 2 3 52% 8677 565 92%
c I 22.44  0 16 72 30217  1 780080 25024 1.8 20 11 2 3 52% 8677 565 92%
c ] 22.71  0 16 72 30217  1 790136 33422 1.8 20 11 2 3 52% 8677 565 92%
c { 22.71  0 13 72 30217  2 790136 33422 1.9 16 9 2 3 50% 8677 565 92%
c - 23.00  0 13 73 31312  2 797136 24309 1.9 17 9 2 3 50% 8677 565 92%
c u 23.01  0 13 73 31312  2 797136 24027 1.9 17 9 2 3 50% 8677 565 92%
c v 23.02  0 13 73 31312  2 797136 23974 1.9 17 9 2 3 50% 8677 565 92%
c w 23.02  0 13 73 31312  2 797136 23974 1.9 17 9 2 3 50% 8677 565 92%
c - 23.77  0 14 74 33712  2 819456 26472 1.9 17 9 2 3 50% 8677 565 92%
c p 23.77  0 14 74 33712  2 819456 26473 1.9 17 9 2 3 50% 8677 565 92%
c u 23.78  0 14 74 33712  2 819456 26287 1.9 17 9 2 3 50% 8677 565 92%
c v 23.79  0 14 74 33712  2 819456 26241 1.9 17 9 2 3 50% 8677 565 92%
c x 23.79  0 14 74 33712  2 819456 26240 1.9 17 9 2 3 50% 8677 565 92%
c # 23.81  0 14 74 33827  2 820081 26816 1.9 17 9 2 3 50% 8677 565 92%
c e 24.23  0 14 74 34838  2 834065 38314 1.9 17 9 2 3 50% 8693 564 92%
c s 24.23  0 14 74 34838  2 834065 38314 1.9 17 9 2 3 50% 8692 564 92%
c 
c  seconds  reductions    conflicts         size  tier2     variables
c         MB      restarts       redundant     glue  trail      remaining
c          level        rate          size/glue tier1 irredundant
c 
c } 24.23  0 14 74 34838  2 834065 38314 1.9 17 9 2 3 50% 8692 564 92%
c [ 24.23  0 16 74 34838  1 834065 38314 1.8 20 11 2 3 52% 8692 564 92%
c - 24.48  0 16 75 34838  1 842086 27918 1.8 20 11 2 3 52% 8692 564 92%
c p 24.48  0 16 75 34838  1 842086 27925 1.8 20 11 2 3 52% 8692 564 92%
c u 24.49  0 16 75 34838  1 842086 27772 1.8 20 11 2 3 52% 8692 564 92%
c v 24.50  0 16 75 34838  1 842086 27717 1.8 20 11 2 3 52% 8692 564 92%
c w 24.50  0 16 75 34838  1 842086 27717 1.8 20 11 2 3 52% 8692 564 92%
c B 25.04  0 16 75 34838  1 861083 44129 1.8 20 11 2 3 52% 8692 564 92%
c - 25.17  0 16 76 34838  1 865031 28492 1.8 20 11 2 3 52% 8692 564 92%
c p 25.17  0 16 76 34838  1 865031 28499 1.8 20 11 2 3 52% 8692 564 92%
c u 25.18  0 16 76 34838  1 865031 28314 1.8 20 11 2 3 52% 8692 564 92%
c v 25.19  0 16 76 34838  1 865031 28271 1.8 20 11 2 3 52% 8692 564 92%
c w 25.19  0 16 76 34838  1 865031 28271 1.8 20 11 2 3 52% 8692 564 92%
c ] 25.79  0 16 76 34841  1 884909 43642 1.8 20 11 2 3 52% 8692 564 92%
c { 25.79  0 14 76 34841  2 884909 43642 1.9 17 9 2 3 50% 8692 564 92%
c - 25.93  0 14 77 35178  2 888282 28340 1.9 17 9 2 3 50% 8692 564 92%
c p 25.93  0 14 77 35178  2 888282 28348 1.9 17 9 2 3 50% 8692 564 92%
c u 25.94  0 14 77 35178  2 888282 28189 1.9 17 9 2 3 50% 8692 564 92%
c v 25.95  0 14 77 35178  2 888282 28155 1.9 17 9 2 3 50% 8692 564 92%
c x 25.95  0 14 77 35178  2 888282 28152 1.9 17 9 2 3 50% 8684 564 92%
c 
c  seconds  reductions    conflicts         size  tier2     variables
c         MB      restarts       redundant     glue  trail      remaining
c          level        rate          size/glue tier1 irredundant
c 
c B 26.44  0 14 77 36786  2 903086 40668 1.9 17 9 2 3 50% 8684 564 92%
c - 26.75  0 14 78 37485  2 911844 30261 1.9 17 9 2 3 50% 8684 564 92%
c p 26.75  0 14 78 37485  2 911844 30266 1.9 17 9 2 3 50% 8684 564 92%
c u 26.76  0 14 78 37485  2 911844 30015 1.9 17 9 2 3 50% 8684 564 92%
c v 26.77  0 14 78 37485  2 911844 29970 1.9 17 9 2 3 50% 8684 564 92%
c } 27.45  0 14 78 39596  2 931790 46689 1.9 17 9 2 3 49% 8684 564 92%
c [ 27.45  0 16 78 39596  1 931790 46689 1.8 20 11 2 3 52% 8684 564 92%
c - 27.59  0 16 79 39598  1 935716 31553 1.8 20 11 2 3 52% 8684 564 92%
c p 27.59  0 16 79 39598  1 935716 31557 1.8 20 11 2 3 52% 8684 564 92%
c u 27.60  0 16 79 39598  1 935716 31263 1.8 20 11 2 3 52% 8684 564 92%
c v 27.61  0 16 79 39598  1 935716 31166 1.8 20 11 2 3 52% 8684 564 92%
c W 28.31  0 15 79 39604  1 946087 39068 1.8 20 11 2 3 52% 8684 564 92%
c s 28.53  0 16 79 39607  1 952444 43511 1.8 20 11 2 3 52% 8684 564 92%
c - 28.81  0 15 80 39608  1 959901 31116 1.8 20 11 2 3 52% 8684 564 92%
c 2 28.81  0 15 80 39608  1 959901 31114 1.8 20 11 2 3 52% 8684 564 92%
c p 28.81  0 15 80 39608  1 959901 31118 1.8 20 11 2 3 52% 8684 564 92%
c u 28.82  0 15 80 39608  1 959901 30858 1.8 20 11 2 3 52% 8684 564 92%
c v 28.83  0 15 80 39608  1 959901 30374 1.8 20 11 2 3 52% 8684 564 92%
c w 28.83  0 15 80 39608  1 959901 30374 1.8 20 11 2 3 52% 8684 564 92%
c t 28.83  0 15 80 39608  1 959901 30373 1.8 20 11 2 3 52% 8684 564 92%
c 
c  seconds  reductions    conflicts         size   tier2     variables
c         MB      restarts       redundant     glue   trail      remaining
c          level        rate          size/glue  tier1 irredundant
c 
c ] 29.49  0 15 80 39620  1 980459 46149 1.8 20 11 2 3 51% 8684 564 92%
c { 29.49  0 14 80 39620  2 980459 46149 1.9 17 9 2 3 49% 8684 564 92%
c - 29.66  0 14 81 40069  2 984394 31114 1.9 17 9 2 3 49% 8684 564 92%
c p 29.66  0 14 81 40069  2 984394 31119 1.9 17 9 2 3 49% 8684 564 92%
c u 29.73  0 14 81 40069  2 984394 30864 1.9 17 9 2 3 49% 8684 564 92%
c v 29.74  0 14 81 40069  2 984394 30812 1.9 17 9 2 3 49% 8684 564 92%
c w 29.74  0 14 81 40069  2 984394 30812 1.9 17 9 2 3 49% 8684 564 92%
c x 29.75  0 14 81 40069  2 984394 30811 1.9 17 9 2 3 49% 8672 564 92%
c t 29.75  0 14 81 40069  2 984394 30809 1.9 17 9 2 3 49% 8672 564 92%
c W 30.01  0 14 81 40512  2 990091 35216 1.9 17 9 2 3 49% 8672 564 92%
c - 30.65  0 14 82 41556  2 1009198 31888 1.9 17 9 2 3 49% 8672 564 92%
c p 30.66  0 14 82 41556  2 1009198 31895 1.9 17 9 2 3 49% 8672 564 92%
c u 30.67  0 14 82 41556  2 1009198 31587 1.9 17 9 2 3 49% 8672 564 92%
c v 30.68  0 14 82 41556  2 1009198 31529 1.9 17 9 2 3 49% 8672 564 92%
c t 30.68  0 14 82 41556  2 1009198 31525 1.9 17 9 2 3 49% 8672 564 92%
c } 31.51  0 14 82 43741  2 1032388 50583 1.9 17 9 2 3 49% 8672 564 92%
c [ 31.51  0 15 82 43741  1 1032388 50583 1.8 20 11 2 3 51% 8672 564 92%
c - 31.58  0 15 83 43742  1 1034314 33662 1.8 20 11 2 3 51% 8672 564 92%
c p 31.59  0 15 83 43742  1 1034314 33669 1.8 20 11 2 3 51% 8672 564 92%
c u 31.60  0 15 83 43742  1 1034314 33500 1.8 20 11 2 3 51% 8672 564 92%
c 
c  seconds  reductions     conflicts         size   tier2     variables
c         MB      restarts        redundant     glue   trail      remaining
c          level        rate           size/glue  tier1 irredundant
c 
c v 31.60  0 15 83 43742  1 1034314 33454 1.8 20 11 2 3 51% 8672 564 92%
c w 31.60  0 15 83 43742  1 1034314 33454 1.8 20 11 2 3 51% 8672 564 92%
c x 31.61  0 15 83 43742  1 1034314 33452 1.8 20 11 2 3 51% 8664 564 92%
c t 31.61  0 15 83 43742  1 1034314 33452 1.8 20 11 2 3 51% 8663 564 92%
c O 31.63  0 15 83 43742  1 1035094 34143 1.8 20 11 2 3 51% 8663 564 92%
c - 32.46  0 14 84 43745  1 1059741 33333 1.9 20 10 2 3 52% 8663 564 92%
c p 32.46  0 14 84 43745  1 1059741 33338 1.9 20 10 2 3 52% 8663 564 92%
c u 32.47  0 14 84 43745  1 1059741 33200 1.9 20 10 2 3 52% 8663 564 92%
c v 32.48  0 14 84 43745  1 1059741 33170 1.9 20 10 2 3 52% 8663 564 92%
c w 32.48  0 14 84 43745  1 1059741 33170 1.9 20 10 2 3 52% 8663 564 92%
c x 32.48  0 14 84 43745  1 1059741 33167 1.9 20 10 2 3 52% 8661 564 92%
c t 32.48  0 14 84 43745  1 1059741 33166 1.9 20 10 2 3 52% 8661 564 92%
c i 33.02  0 14 84 43753  1 1077305 45697 1.9 19 10 2 3 52% 8661 563 91%
c e 33.07  0 14 84 43754  1 1078671 45802 1.9 19 10 2 3 52% 8616 559 91%
c B 33.15  0 14 84 43756  1 1081099 47716 1.9 19 10 2 3 52% 8616 559 91%
c - 33.30  0 14 85 43759  1 1085476 25467 1.9 19 10 2 3 52% 8616 559 91%
c p 33.30  0 14 85 43759  1 1085476 25495 1.9 19 10 2 3 52% 8616 559 91%
c u 33.31  0 14 85 43759  1 1085476 25369 1.9 19 10 2 3 52% 8616 559 91%
c v 33.32  0 14 85 43759  1 1085476 25320 1.9 19 10 2 3 52% 8616 559 91%
c x 33.32  0 14 85 43759  1 1085476 25317 1.9 19 10 2 3 52% 8613 559 91%
c 
c  seconds  reductions     conflicts         size   tier2     variables
c         MB      restarts        redundant     glue   trail      remaining
c          level        rate           size/glue  tier1 irredundant
c 
c ] 33.45  0 14 85 43760  1 1089816 28724 1.9 19 10 2 3 52% 8613 559 91%
c { 33.45  0 14 85 43760  2 1089816 28724 1.9 17 9 2 3 49% 8613 559 91%
c - 34.39  0 14 86 46493  2 1111523 30286 1.9 17 9 2 3 50% 8613 559 91%
c p 34.39  0 14 86 46493  2 1111523 30295 1.9 17 9 2 3 50% 8613 559 91%
c u 34.41  0 14 86 46493  2 1111523 29976 1.9 17 9 2 3 50% 8613 559 91%
c v 34.42  0 14 86 46493  2 1111523 29884 1.9 17 9 2 3 50% 8613 559 91%
c w 34.42  0 14 86 46493  2 1111523 29884 1.9 17 9 2 3 50% 8613 559 91%
c F 35.00  0 14 86 47751  2 1128100 43657 1.9 17 9 2 3 50% 8613 559 91%
c } 35.42  0 14 86 48972  2 1136607 51201 1.9 17 9 2 3 50% 8613 559 91%
c [ 35.42  0 14 86 48972  1 1136607 51201 1.9 19 10 2 3 52% 8613 559 91%
c - 35.48  0 14 87 48972  1 1137880 32533 1.9 19 10 2 3 52% 8613 559 91%
c p 35.48  0 14 87 48972  1 1137880 32540 1.9 19 10 2 3 52% 8613 559 91%
c u 35.49  0 14 87 48972  1 1137880 32334 1.9 19 10 2 3 52% 8613 559 91%
c v 35.50  0 14 87 48972  1 1137880 32272 1.9 19 10 2 3 52% 8613 559 91%
c x 35.51  0 14 87 48972  1 1137880 32272 1.9 19 10 2 3 52% 8613 559 91%
c - 36.44  0 14 88 48985  1 1164547 33468 1.9 20 11 2 3 52% 8613 559 91%
c p 36.44  0 14 88 48985  1 1164547 33478 1.9 20 11 2 3 52% 8613 559 91%
c u 36.46  0 14 88 48985  1 1164547 33258 1.9 20 11 2 3 52% 8613 559 91%
c v 36.46  0 14 88 48985  1 1164547 33173 1.9 20 11 2 3 52% 8613 559 91%
c t 36.47  0 14 88 48985  1 1164547 33172 1.9 20 11 2 3 52% 8613 559 91%
c 
c  seconds  reductions     conflicts         size   tier2     variables
c         MB      restarts        redundant     glue   trail      remaining
c          level        rate           size/glue  tier1 irredundant
c 
c W 37.20  0 15 88 48987  1 1176102 42558 1.9 20 11 2 3 52% 8613 559 91%
c - 37.75  0 14 89 48988  1 1191527 32955 1.9 20 10 2 3 52% 8613 559 91%
c p 37.75  0 14 89 48988  1 1191527 32965 1.9 20 10 2 3 52% 8613 559 91%
c u 37.76  0 14 89 48988  1 1191527 32736 1.9 20 10 2 3 52% 8613 559 91%
c v 37.77  0 14 89 48988  1 1191527 32677 1.9 20 10 2 3 52% 8613 559 91%
c ] 37.79  0 14 89 48988  1 1192389 33289 1.9 20 10 2 3 52% 8613 559 91%
c { 37.79  0 14 89 48988  2 1192389 33289 1.9 17 9 2 3 50% 8613 559 91%
c - 38.81  0 14 90 50762  2 1218816 34612 1.9 17 9 2 3 50% 8613 559 91%
c p 38.81  0 14 90 50762  2 1218816 34621 1.9 17 9 2 3 50% 8613 559 91%
c u 38.83  0 14 90 50762  2 1218816 34406 1.9 17 9 2 3 50% 8613 559 91%
c v 38.83  0 14 90 50762  2 1218816 34368 1.9 17 9 2 3 50% 8613 559 91%
c x 38.84  0 14 90 50762  2 1218816 34367 1.9 17 9 2 3 50% 8603 559 91%
c B 39.07  0 14 90 51249  2 1225104 39435 1.9 17 9 2 3 50% 8603 559 91%
c } 39.86  0 14 90 52883  2 1244268 55160 1.9 17 9 2 3 50% 8603 559 91%
c [ 39.86  0 14 90 52883  1 1244268 55160 1.9 20 10 2 3 52% 8603 559 91%
c - 39.94  0 14 91 52884  1 1246418 36340 1.9 20 10 2 3 52% 8603 559 91%
c d 39.94  0 14 91 52884  1 1246418 36148 1.9 20 10 2 3 52% 8602 558 91%
c p 39.95  0 14 91 52884  1 1246418 36154 1.9 20 10 2 3 52% 8602 558 91%
c u 39.96  0 14 91 52884  1 1246418 35822 1.9 20 10 2 3 52% 8602 558 91%
c v 39.97  0 14 91 52884  1 1246418 35745 1.9 20 10 2 3 52% 8602 558 91%
c 
c  seconds  reductions     conflicts         size   tier2     variables
c         MB      restarts        redundant     glue   trail      remaining
c          level        rate           size/glue  tier1 irredundant
c 
c - 40.96  0 14 92 52884  1 1274329 35791 1.9 20 11 2 3 51% 8602 558 91%
c p 40.96  0 14 92 52884  1 1274329 35797 1.9 20 11 2 3 51% 8602 558 91%
c u 40.98  0 14 92 52884  1 1274329 35547 1.9 20 11 2 3 51% 8602 558 91%
c v 40.98  0 14 92 52884  1 1274329 35476 1.9 20 11 2 3 51% 8602 558 91%
c I 41.01  0 14 92 52884  1 1275105 36101 1.9 20 11 2 3 51% 8602 558 91%
c ] 41.98  0 14 92 52898  1 1302311 58024 1.9 20 10 2 3 51% 8602 558 91%
c { 41.98  0 14 92 52898  2 1302311 58024 1.9 17 9 2 3 50% 8602 558 91%
c - 42.00  0 14 93 52920  2 1302550 35814 1.9 17 9 2 3 50% 8602 558 91%
c p 42.00  0 14 93 52920  2 1302550 35820 1.9 17 9 2 3 50% 8602 558 91%
c u 42.01  0 14 93 52920  2 1302550 35656 1.9 17 9 2 3 50% 8602 558 91%
c v 42.02  0 14 93 52920  2 1302550 35596 1.9 17 9 2 3 50% 8602 558 91%
c w 42.02  0 14 93 52920  2 1302550 35595 1.9 17 9 2 3 50% 8602 558 91%
c W 43.29  0 14 93 55141  2 1326106 55334 1.9 17 9 2 3 50% 8602 558 91%
c - 43.48  0 14 94 55262  2 1331087 37765 1.9 17 9 2 3 50% 8602 558 91%
c p 43.48  0 14 94 55262  2 1331087 37770 1.9 17 9 2 3 50% 8602 558 91%
c u 43.56  0 14 94 55262  2 1331087 37615 1.9 17 9 2 3 50% 8602 558 91%
c v 43.57  0 14 94 55262  2 1331087 37572 1.9 17 9 2 3 50% 8602 558 91%
c x 43.58  0 14 94 55262  2 1331087 37569 1.9 17 9 2 3 50% 8596 558 91%
c } 44.62  0 14 94 56883  2 1358156 57604 1.9 17 9 2 3 50% 8596 558 91%
c [ 44.62  0 14 94 56883  1 1358156 57604 1.9 20 10 2 3 51% 8596 558 91%
c 
c  seconds  reductions     conflicts         size   tier2     variables
c         MB      restarts        redundant     glue   trail      remaining
c          level        rate           size/glue  tier1 irredundant
c 
c - 44.70  0 14 95 56884  1 1359930 39232 1.9 20 10 2 3 51% 8596 558 91%
c p 44.70  0 14 95 56884  1 1359930 39237 1.9 20 10 2 3 51% 8596 558 91%
c u 44.72  0 14 95 56884  1 1359930 38957 1.9 20 10 2 3 51% 8596 558 91%
c v 44.73  0 14 95 56884  1 1359930 38890 1.9 20 10 2 3 51% 8596 558 91%
c w 44.73  0 14 95 56884  1 1359930 38890 1.9 20 10 2 3 51% 8596 558 91%
c B 45.40  0 15 95 56891  1 1378108 54671 1.9 21 11 2 3 51% 8596 558 91%
c - 45.82  0 15 96 56898  1 1389084 40111 1.9 21 11 2 3 51% 8596 558 91%
c p 45.82  0 15 96 56898  1 1389084 40116 1.9 21 11 2 3 51% 8596 558 91%
c u 45.84  0 15 96 56898  1 1389084 39900 1.9 21 11 2 3 51% 8596 558 91%
c v 45.84  0 15 96 56898  1 1389084 39814 1.9 21 11 2 3 51% 8596 558 91%
c w 45.84  0 15 96 56898  1 1389084 39814 1.9 21 11 2 3 51% 8596 558 91%
c ] 46.86  0 15 96 56900  1 1416149 58795 1.9 20 11 2 3 51% 8596 558 91%
c { 46.86  0 14 96 56900  2 1416149 58795 1.9 17 9 2 3 50% 8596 558 91%
c - 46.97  0 14 97 57025  2 1418548 38630 1.9 17 9 2 3 50% 8596 558 91%
c p 46.97  0 14 97 57025  2 1418548 38635 1.9 17 9 2 3 50% 8596 558 91%
c u 46.99  0 14 97 57025  2 1418548 38411 1.9 17 9 2 3 50% 8596 558 91%
c v 47.00  0 14 97 57025  2 1418548 38310 1.9 17 9 2 3 50% 8596 558 91%
c w 47.00  0 14 97 57025  2 1418548 38310 1.9 17 9 2 3 50% 8596 558 91%
c # 47.42  0 13 97 57564  2 1431110 47375 1.9 17 9 2 3 50% 8596 558 91%
c - 48.05  0 13 98 57927  2 1448325 40529 1.9 16 9 2 3 49% 8596 558 91%
c 
c  seconds  reductions     conflicts         size  tier2     variables
c         MB      restarts        redundant     glue  trail      remaining
c          level        rate           size/glue tier1 irredundant
c 
c p 48.05  0 13 98 57927  2 1448325 40534 1.9 16 9 2 3 49% 8596 558 91%
c u 48.07  0 13 98 57927  2 1448325 40336 1.9 16 9 2 3 49% 8596 558 91%
c v 48.08  0 13 98 57927  2 1448325 40240 1.9 16 9 2 3 49% 8596 558 91%
c w 48.08  0 13 98 57927  2 1448325 40240 1.9 16 9 2 3 49% 8596 558 91%
c i 48.62  0 12 98 58351  2 1465276 51551 1.8 16 9 2 3 50% 8596 557 90%
c } 49.22  0 13 98 60435  2 1477593 62113 1.8 16 9 2 3 50% 8596 557 90%
c [ 49.22  0 15 98 60435  1 1477593 62113 1.9 20 11 2 3 51% 8596 557 90%
c - 49.27  0 15 99 60435  1 1478415 36085 1.9 20 11 2 3 51% 8521 557 90%
c 2 49.27  0 15 99 60435  1 1478415 36083 1.9 20 11 2 3 51% 8521 557 90%
c p 49.27  0 15 99 60435  1 1478415 36096 1.9 20 11 2 3 51% 8521 557 90%
c u 49.28  0 15 99 60435  1 1478415 35883 1.9 20 11 2 3 51% 8521 557 90%
c v 49.29  0 15 99 60435  1 1478415 35807 1.9 20 11 2 3 51% 8521 557 90%
c w 49.29  0 15 99 60435  1 1478415 35807 1.9 20 11 2 3 51% 8521 557 90%
c x 49.30  0 15 99 60435  1 1478415 35805 1.9 20 11 2 3 51% 8518 557 90%
c t 49.30  0 15 99 60435  1 1478415 35804 1.9 20 11 2 3 51% 8518 557 90%
c W 49.88  0 15 99 60440  1 1485111 41404 1.9 20 11 2 3 51% 8518 557 90%
c t 50.60  0 14 99 60450  1 1504804 55086 1.9 20 11 2 3 50% 8517 557 90%
c e 50.60  0 14 99 60450  1 1504804 54998 1.9 20 11 2 3 50% 8524 555 90%
c s 50.61  0 14 99 60450  1 1504804 54979 1.9 20 11 2 3 50% 8515 555 90%
c e 50.61  0 14 99 60450  1 1504804 54970 1.9 20 11 2 3 50% 8527 554 90%
c 
c  seconds   reductions     conflicts         size   tier2     variables
c         MB       restarts        redundant     glue   trail      remaining
c          level         rate           size/glue  tier1 irredundant
c 
c - 50.79  0 14 100 60450  1 1508812 38481 1.9 20 11 2 3 50% 8527 554 90%
c p 50.79  0 14 100 60450  1 1508812 38488 1.9 20 11 2 3 50% 8527 554 90%
c u 50.81  0 14 100 60450  1 1508812 38273 1.9 20 11 2 3 50% 8527 554 90%
c v 50.82  0 14 100 60450  1 1508812 38188 1.9 20 11 2 3 50% 8527 554 90%
c w 50.82  0 14 100 60450  1 1508812 38188 1.9 20 11 2 3 50% 8527 554 90%
c t 50.82  0 14 100 60450  1 1508812 38187 1.9 20 11 2 3 50% 8526 554 90%
c - 51.96  0 14 101 60465  1 1539520 39083 1.9 19 10 2 3 50% 8526 554 90%
c p 51.96  0 14 101 60465  1 1539520 39090 1.9 19 10 2 3 50% 8526 554 90%
c u 51.98  0 14 101 60465  1 1539520 38950 1.9 19 10 2 3 50% 8526 554 90%
c v 51.99  0 14 101 60465  1 1539520 38895 1.9 19 10 2 3 50% 8526 554 90%
c O 52.01  0 14 101 60465  1 1540112 39345 1.9 19 10 2 3 50% 8526 554 90%
c ] 52.04  0 14 101 60465  1 1540962 39833 1.9 19 10 2 3 50% 8526 554 90%
c { 52.04  0 13 101 60465  2 1540962 39833 1.8 16 9 2 3 50% 8526 554 90%
c - 53.30  0 13 102 62887  2 1570542 41038 1.8 16 9 2 3 49% 8526 554 90%
c d 53.30  0 13 102 62887  2 1570542 40801 1.8 16 9 2 3 49% 8526 553 90%
c p 53.30  0 13 102 62887  2 1570542 40808 1.8 16 9 2 3 49% 8526 553 90%
c 2 53.30  0 13 102 62887  2 1570542 40804 1.8 16 9 2 3 49% 8526 553 90%
c u 53.32  0 13 102 62887  2 1570542 40670 1.8 16 9 2 3 49% 8526 553 90%
c v 53.33  0 13 102 62887  2 1570542 40629 1.8 16 9 2 3 49% 8526 553 90%
c x 53.34  0 13 102 62887  2 1570542 40624 1.8 16 9 2 3 49% 8524 553 90%
c 
c  seconds   reductions     conflicts         size  tier2     variables
c         MB       restarts        redundant     glue  trail      remaining
c          level         rate           size/glue tier1 irredundant
c 
c B 54.30  0 12 102 64326  2 1596115 59027 1.8 16 9 2 3 49% 8524 553 90%
c } 54.53  0 12 102 64629  2 1601640 63054 1.8 16 9 2 3 49% 8524 553 90%
c [ 54.53  0 14 102 64629  1 1601640 63054 1.9 19 10 2 3 50% 8524 553 90%
c - 54.55  0 14 103 64629  1 1601873 42032 1.9 19 10 2 3 50% 8524 553 90%
c p 54.55  0 14 103 64629  1 1601873 42057 1.9 19 10 2 3 50% 8524 553 90%
c u 54.57  0 14 103 64629  1 1601873 41829 1.9 19 10 2 3 50% 8524 553 90%
c v 54.58  0 14 103 64629  1 1601873 41751 1.9 19 10 2 3 50% 8524 553 90%
c w 54.58  0 14 103 64629  1 1601873 41751 1.9 19 10 2 3 50% 8524 553 90%
c t 54.58  0 14 103 64629  1 1601873 41748 1.9 19 10 2 3 50% 8524 553 90%
c - 55.75  0 13 104 64631  1 1633514 42042 1.9 19 10 2 3 50% 8524 553 90%
c p 55.75  0 13 104 64631  1 1633514 42063 1.9 19 10 2 3 50% 8524 553 90%
c u 55.76  0 13 104 64631  1 1633514 41943 1.9 19 10 2 3 50% 8524 553 90%
c v 55.77  0 13 104 64631  1 1633514 41906 1.9 19 10 2 3 50% 8524 553 90%
c w 55.77  0 13 104 64631  1 1633514 41906 1.9 19 10 2 3 50% 8524 553 90%
c x 55.78  0 13 104 64631  1 1633514 41899 1.9 19 10 2 3 50% 8519 553 90%
c t 55.78  0 13 104 64631  1 1633514 41898 1.9 19 10 2 3 50% 8519 553 90%
c B 56.50  0 13 104 64631  1 1653116 55141 1.8 18 10 2 3 50% 8519 553 90%
c e 56.87  0 12 104 64632  1 1662569 58203 1.8 18 10 2 3 50% 8525 552 90%
c i 56.92  0 12 104 64632  1 1663601 58689 1.8 18 10 2 3 50% 8525 540 88%
c - 57.00  0 12 105 64632  1 1665467 31098 1.8 18 10 2 3 50% 8002 540 88%
c 
c  seconds   reductions     conflicts         size   tier2     variables
c         MB       restarts        redundant     glue   trail      remaining
c          level         rate           size/glue  tier1 irredundant
c 
c 2 57.00  0 12 105 64632  1 1665467 31089 1.8 18 10 2 3 50% 8002 540 88%
c d 57.01  0 12 105 64632  1 1665467 31041 1.8 18 10 2 3 50% 7979 529 86%
c p 57.01  0 12 105 64632  1 1665467 31065 1.8 18 10 2 3 50% 7979 529 86%
c 2 57.01  0 12 105 64632  1 1665467 31058 1.8 18 10 2 3 50% 7971 529 86%
c u 57.03  0 12 105 64632  1 1665467 30754 1.8 18 10 2 3 50% 7970 529 86%
c v 57.04  0 12 105 64632  1 1665467 30659 1.8 18 10 2 3 50% 7970 529 86%
c t 57.04  0 12 105 64632  1 1665467 30642 1.8 18 10 2 3 50% 7970 529 86%
c ] 57.10  0 12 105 64632  1 1667502 32055 1.8 18 10 2 3 50% 7970 529 86%
c { 57.10  0 12 105 64632  2 1667502 32055 1.8 16 9 2 3 49% 7970 529 86%
c i 57.55  0 12 105 64788  2 1683292 43080 1.8 15 9 2 3 49% 7970 527 86%
c - 58.03  0 12 106 65122  2 1697730 31084 1.8 15 8 2 3 49% 7869 527 86%
c 2 58.03  0 12 106 65122  2 1697730 31082 1.8 15 8 2 3 49% 7869 527 86%
c d 58.03  0 12 106 65122  2 1697730 31049 1.8 15 8 2 3 49% 7867 526 85%
c p 58.03  0 12 106 65122  2 1697730 31080 1.8 15 8 2 3 49% 7867 526 85%
c 2 58.03  0 12 106 65122  2 1697730 31072 1.8 15 8 2 3 49% 7867 526 85%
c u 58.05  0 12 106 65122  2 1697730 30754 1.8 15 8 2 3 49% 7867 526 85%
c v 58.06  0 12 106 65122  2 1697730 30672 1.8 15 8 2 3 49% 7867 526 85%
c w 58.06  0 12 106 65122  2 1697730 30672 1.8 15 8 2 3 49% 7867 526 85%
c t 58.06  0 12 106 65122  2 1697730 30659 1.8 15 8 2 3 49% 7866 526 85%
c W 58.96  0 12 106 65424  2 1711118 40031 1.8 15 8 2 3 49% 7866 526 85%
c 
c  seconds   reductions     conflicts         size  tier2     variables
c         MB       restarts        redundant     glue  trail      remaining
c          level         rate           size/glue tier1 irredundant
c 
c i 59.30  0 11 106 65493  2 1721938 46779 1.8 15 8 2 3 48% 7866 525 85%
c i 59.41  0 11 106 65641  2 1725052 48810 1.8 15 8 2 3 48% 7866 494 80%
c i 59.53  0 11 106 65693  2 1728574 29347 1.8 15 8 2 3 49% 6668 492 80%
c - 59.58  0 11 107 65713  2 1730304 23245 1.8 14 8 2 3 50% 6657 492 80%
c 2 59.58  0 11 107 65713  2 1730304 23215 1.8 14 8 2 3 50% 6643 492 80%
c d 59.58  0 11 107 65713  2 1730304 22934 1.8 14 8 2 3 50% 6585 485 79%
c p 59.59  0 11 107 65713  2 1730304 22953 1.8 14 8 2 3 50% 6585 485 79%
c 2 59.59  0 11 107 65713  2 1730304 22950 1.8 14 8 2 3 50% 6579 485 79%
c u 59.60  0 11 107 65713  2 1730304 22606 1.8 14 8 2 3 50% 6558 485 79%
c v 59.61  0 11 107 65713  2 1730304 22521 1.8 14 8 2 3 50% 6558 485 79%
c x 59.62  0 11 107 65713  2 1730304 22487 1.8 14 8 2 3 50% 6390 485 79%
c t 59.62  0 11 107 65713  2 1730304 22479 1.8 14 8 2 3 50% 6388 485 79%
c i 59.73  0 11 107 65724  2 1734733 25367 1.8 14 8 2 3 50% 6388 471 76%
c i 59.75  0 11 107 65724  2 1735588 25943 1.8 14 8 2 3 49% 6388 470 76%
c i 59.76  0 11 107 65724  2 1736186 26239 1.8 14 8 2 3 49% 6388 469 76%
c i 59.78  0 11 107 65724  2 1736812 26677 1.8 14 8 2 3 49% 6388 461 75%
c i 59.79  0 11 107 65724  2 1737276 26946 1.8 14 8 2 3 49% 6388 460 75%
c i 59.80  0 11 107 65724  2 1737554 27082 1.8 14 8 2 3 49% 6388 457 74%
c i 59.80  0 11 107 65724  2 1737638 27123 1.8 14 8 2 3 49% 6388 456 74%
c i 59.80  0 11 107 65724  2 1737668 27135 1.8 14 8 2 3 49% 6388 453 74%
c 
c  seconds   reductions     conflicts         size  tier2     variables
c         MB       restarts        redundant     glue  trail      remaining
c          level         rate           size/glue tier1 irredundant
c 
c i 59.80  0 11 107 65724  2 1737670 27135 1.8 14 8 2 3 49% 6388 409 66%
c i 59.80  0 11 107 65724  2 1737671 27135 1.8 14 8 2 3 49% 6388 399 65%
c i 59.80  0 11 107 65724  2 1737673 27136 1.8 14 8 2 3 49% 6388 382 62%
c } 59.81  0 11 107 65724  2 1737675 8970 1.8 14 8 2 3  5% 3566 360 58%
c 0 59.81  0 11 107 65724  2 1737675 8970 1.8 14 8 2 3  5% 3566 360 58%
c 
c --- [ closing proof ] ------------------------------------------------------
c 
c DRAT proof file '/Users/adam/projects/math-projects/erdos-97-96-formalization/scratch/atail-force/unique4-exact-two-core-map/.p5-largest.trimmed-stage-9109-1784846568619672000/p5-largest.drat' closed
c DRAT 1789617 added clauses 50.05%
c DRAT 1786304 deleted clauses 49.95%
c DRAT 248497875 bytes (236.99 MB)
c 
c --- [ result ] -------------------------------------------------------------
c 
s UNSATISFIABLE
c 
c --- [ run-time profiling ] -------------------------------------------------
c 
c process time taken by individual solving procedures
c (percentage relative to process time for solving)
c 
c        57.81   96.67% search
c        28.11   47.01% unstable
c        26.65   44.56% stable
c         3.05    5.10% walk
c         1.99    3.33% simplify
c         1.41    2.36% vivify
c         0.29    0.49% sweep
c         0.07    0.12% subsume
c         0.06    0.10% probe
c         0.04    0.07% ternary
c         0.03    0.06% elim
c         0.01    0.02% congruence
c         0.01    0.01% backbone
c         0.01    0.01% preprocess
c         0.00    0.00% parse
c         0.00    0.00% fastelim
c         0.00    0.00% lucky
c   =================================
c        59.81  100.00% solve
c 
c last line shows process time for solving
c (percentage relative to total process time)
c 
c --- [ statistics ] ---------------------------------------------------------
c 
c chronological:            291498        16.78 %  of conflicts
c conflicts:               1737675     29054.92    per second
c backbone:                 286717     46544.97 %  of vars
c decisions:               2909852     48654.40    per second
c eliminated:                   28         4.55 %  of all variables
c fixed:                       188        30.52 %  of all variables
c learned:                 1707126        98.24 %  per conflict
c learned_lits:           52329830       100.00 %  learned literals
c minimized:                     0         0.00 %  learned literals
c shrunken:               15316318        29.27 %  learned literals
c minishrunken:            6124494        11.70 %  learned literals
c otfs:                       3730         0.21 %  of conflict
c propagations:          144764356         2.42 M  per second
c reduced:                 1222541        70.35 %  per conflict
c rephased:                     58     29959.91    interval
c restarts:                  65724        26.44    interval
c stabilizing:                  28        50.26 %  of conflicts
c substituted:                  40         6.49 %  of all variables
c subsumed:                 343365        19.74 %  of all clauses
c strengthened:              19830         1.14 %  of all clauses
c ticks:                5983182817        42.58    propagation
c vivified:                  19956         1.15 %  of all clauses
c walked:                       18     96537.50    interval
c weakened:                    353         2.71    average size
c congruence:                   14    124119.64    interval
c 
c seconds are measured in process time for solving
c 
c --- [ glue usage ] ---------------------------------------------------------
c 
c focused glue 2 used 2084366 clauses 28.42% accumulated 70.56% tier1
c focused glue 3 used 884818 clauses 12.06% accumulated 82.63% tier2
c 
c stable glue 2 used 1933854 clauses 23.69% accumulated 66.91% tier1
c stable glue 3 used 775102 clauses 9.496% accumulated 76.41% tier2
c 
c 
c --- [ resources ] ----------------------------------------------------------
c 
c total process time since initialization:        59.81    seconds
c total real time since initialization:           59.83    seconds
c maximum resident set size of process:        75552.00    MB
c 
c --- [ shutting down ] ------------------------------------------------------
c 
c exit 20
