============================== Mace4 =================================
Mace4 (64) version 2017-11A (CIIRC), November 2017.
Process 93632 was started by adam on dada-mun-26.local,
Wed Aug 12 15:26:31 2026
The command was "mace4 -n 15 -N 15 -m 1 -t 60 -b 2000 -L 1 -f scratch/p97-consumer-first/freshthird_firstnonhit_fo_v2/firstnonhit_v2.in".
============================== end of head ===========================

============================== INPUT =================================

% Reading from file scratch/p97-consumer-first/freshthird_firstnonhit_fo_v2/firstnonhit_v2.in


formulas(assumptions).
(all u (car(u) -> car(cen(u)))).
(all u (car(u) -> cen(u) != u)).
(all u all v (mem(u,v) -> car(u) & car(v))).
(all u (car(u) -> mem(u,u))).
(all u (car(u) -> (exists v exists w exists x exists y (mem(u,v) & mem(u,w) & mem(u,x) & mem(u,y) & v != w & v != x & v != y & w != x & w != y & x != y & (all z (mem(u,z) -> z = v | z = w | z = x | z = y)))))).
(all u all v all w (car(u) & car(v) & cen(u) = cen(v) -> (mem(u,w) <-> mem(v,w)))).
(all u all v all w all x all y (car(u) & car(v) & cen(u) != cen(v) & mem(u,w) & mem(v,w) & mem(u,x) & mem(v,x) & mem(u,y) & mem(v,y) -> w = x | w = y | x = y)).
(all u all v (car(u) & car(v) & blocked(v,cen(u)) -> mem(u,v))).
(all u (car(u) -> blocked(u,cen(u)))).
(all u all v all w all x all y (car(u) & car(v) & car(w) & car(x) & car(y) & cen(u) = cen(v) & cen(u) = cen(w) & cen(u) = cen(x) & cen(u) = cen(y) -> u = v | u = w | u = x | u = y | v = w | v = x | v = y | w = x | w = y | x = y)).
car(pa).
car(pb).
car(ra).
car(rb).
car(qa).
car(qb).
car(ca).
car(cb).
car(oa).
pa != pb.
ra != rb.
pa != ra.
pa != rb.
pb != ra.
pb != rb.
qa != qb.
ca != cb.
qa != pa.
qa != pb.
qa != ra.
qa != rb.
qb != pa.
qb != pb.
qb != ra.
qb != rb.
ca != pa.
ca != pb.
ca != ra.
ca != rb.
cb != pa.
cb != pb.
cb != ra.
cb != rb.
ca != oa.
cb != oa.
pa != oa.
pb != oa.
ra != oa.
rb != oa.
mem(qa,qb).
mem(qb,qa).
cen(qa) != cen(pa).
cen(qa) != cen(ra).
cen(qa) = cen(qb).
cen(ca) = cen(qa).
cen(cb) = cen(qa).
cen(ca) != oa.
cen(cb) != oa.
-mem(ca,pa) | -mem(ca,pb).
-mem(ca,ra) | -mem(ca,rb).
-mem(cb,pa) | -mem(cb,pb).
-mem(cb,ra) | -mem(cb,rb).
co = pa | co = pb | co = ra | co = rb.
-mem(ca,co).
-mem(cb,co).
(all v (v = pa | v = pb | v = ra | v = rb -> (-mem(ca,v) <-> -blocked(v,cen(ca))))).
(all v (v = pa | v = pb | v = ra | v = rb -> (-mem(cb,v) <-> -blocked(v,cen(cb))))).
-blocked(pa,oa).
-blocked(ra,oa).
cen(pa) = cen(pb).
cen(ra) = cen(rb).
cen(ra) != cen(pa).
car(g0).
car(g1).
car(g2).
car(g3).
car(g4).
car(g5).
car(g6).
car(g7).
car(g8).
car(g9).
car(g10).
car(g11).
car(g12).
car(g13).
car(g14).
g0 != g1.
g0 != g2.
g0 != g3.
g0 != g4.
g0 != g5.
g0 != g6.
g0 != g7.
g0 != g8.
g0 != g9.
g1 != g2.
g1 != g3.
g1 != g4.
g1 != g5.
g1 != g6.
g1 != g7.
g1 != g8.
g1 != g9.
g2 != g3.
g2 != g4.
g2 != g5.
g2 != g6.
g2 != g7.
g2 != g8.
g2 != g9.
g3 != g4.
g3 != g5.
g3 != g6.
g3 != g7.
g3 != g8.
g3 != g9.
g4 != g5.
g4 != g6.
g4 != g7.
g4 != g8.
g4 != g9.
g5 != g6.
g5 != g7.
g5 != g8.
g5 != g9.
g6 != g7.
g6 != g8.
g6 != g9.
g7 != g8.
g7 != g9.
g8 != g9.
g0 != g10.
g0 != g11.
g0 != g12.
g0 != g13.
g0 != g14.
g1 != g10.
g1 != g11.
g1 != g12.
g1 != g13.
g1 != g14.
g2 != g10.
g2 != g11.
g2 != g12.
g2 != g13.
g2 != g14.
g3 != g10.
g3 != g11.
g3 != g12.
g3 != g13.
g3 != g14.
g4 != g10.
g4 != g11.
g4 != g12.
g4 != g13.
g4 != g14.
g5 != g10.
g5 != g11.
g5 != g12.
g5 != g13.
g5 != g14.
g6 != g10.
g6 != g11.
g6 != g12.
g6 != g13.
g6 != g14.
g7 != g10.
g7 != g11.
g7 != g12.
g7 != g13.
g7 != g14.
g8 != g10.
g8 != g11.
g8 != g12.
g8 != g13.
g8 != g14.
g9 != g10.
g9 != g11.
g9 != g12.
g9 != g13.
g9 != g14.
g10 != g11.
g10 != g12.
g10 != g13.
g10 != g14.
g11 != g12.
g11 != g13.
g11 != g14.
g12 != g13.
g12 != g14.
g13 != g14.
end_of_list.
    % assign(domain_size, 15) -> assign(start_size, 15).
    % assign(domain_size, 15) -> assign(end_size, 15).

% From the command line: assign(domain_size, 15).

% From the command line: assign(end_size, 15).

% From the command line: assign(max_models, 1).

% From the command line: assign(max_seconds, 60).

% From the command line: assign(max_megs, 2000).

% From the command line: set(lnh).

============================== end of input ==========================

============================== PROCESS NON-CLAUSAL FORMULAS ==========

% Formulas that are not ordinary clauses:
1 (all u (car(u) -> car(cen(u)))) # label(non_clause).  [assumption].
2 (all u (car(u) -> cen(u) != u)) # label(non_clause).  [assumption].
3 (all u all v (mem(u,v) -> car(u) & car(v))) # label(non_clause).  [assumption].
4 (all u (car(u) -> mem(u,u))) # label(non_clause).  [assumption].
5 (all u (car(u) -> (exists v exists w exists x exists y (mem(u,v) & mem(u,w) & mem(u,x) & mem(u,y) & v != w & v != x & v != y & w != x & w != y & x != y & (all z (mem(u,z) -> z = v | z = w | z = x | z = y)))))) # label(non_clause).  [assumption].
6 (all u all v all w (car(u) & car(v) & cen(u) = cen(v) -> (mem(u,w) <-> mem(v,w)))) # label(non_clause).  [assumption].
7 (all u all v all w all x all y (car(u) & car(v) & cen(u) != cen(v) & mem(u,w) & mem(v,w) & mem(u,x) & mem(v,x) & mem(u,y) & mem(v,y) -> w = x | w = y | x = y)) # label(non_clause).  [assumption].
8 (all u all v (car(u) & car(v) & blocked(v,cen(u)) -> mem(u,v))) # label(non_clause).  [assumption].
9 (all u (car(u) -> blocked(u,cen(u)))) # label(non_clause).  [assumption].
10 (all u all v all w all x all y (car(u) & car(v) & car(w) & car(x) & car(y) & cen(u) = cen(v) & cen(u) = cen(w) & cen(u) = cen(x) & cen(u) = cen(y) -> u = v | u = w | u = x | u = y | v = w | v = x | v = y | w = x | w = y | x = y)) # label(non_clause).  [assumption].
11 (all v (v = pa | v = pb | v = ra | v = rb -> (-mem(ca,v) <-> -blocked(v,cen(ca))))) # label(non_clause).  [assumption].
12 (all v (v = pa | v = pb | v = ra | v = rb -> (-mem(cb,v) <-> -blocked(v,cen(cb))))) # label(non_clause).  [assumption].

============================== end of process non-clausal formulas ===

============================== CLAUSES FOR SEARCH ====================

formulas(mace4_clauses).
-car(x) | car(cen(x)).
-car(x) | cen(x) != x.
-mem(x,y) | car(x).
-mem(x,y) | car(y).
-car(x) | mem(x,x).
-car(x) | mem(x,f1(x)).
-car(x) | mem(x,f2(x)).
-car(x) | mem(x,f3(x)).
-car(x) | mem(x,f4(x)).
-car(x) | f2(x) != f1(x).
-car(x) | f3(x) != f1(x).
-car(x) | f4(x) != f1(x).
-car(x) | f3(x) != f2(x).
-car(x) | f4(x) != f2(x).
-car(x) | f4(x) != f3(x).
-car(x) | -mem(x,y) | y = f1(x) | y = f2(x) | y = f3(x) | y = f4(x).
-car(x) | -car(y) | cen(y) != cen(x) | -mem(x,z) | mem(y,z).
-car(x) | -car(y) | cen(y) != cen(x) | mem(x,z) | -mem(y,z).
-car(x) | -car(y) | cen(y) = cen(x) | -mem(x,z) | -mem(y,z) | -mem(x,u) | -mem(y,u) | -mem(x,w) | -mem(y,w) | u = z | w = z | w = u.
-car(x) | -car(y) | -blocked(y,cen(x)) | mem(x,y).
-car(x) | blocked(x,cen(x)).
-car(x) | -car(y) | -car(z) | -car(u) | -car(w) | cen(y) != cen(x) | cen(z) != cen(x) | cen(u) != cen(x) | cen(w) != cen(x) | y = x | z = x | u = x | w = x | z = y | u = y | w = y | u = z | w = z | w = u.
car(pa).
car(pb).
car(ra).
car(rb).
car(qa).
car(qb).
car(ca).
car(cb).
car(oa).
pa != pb.
ra != rb.
pa != ra.
pa != rb.
pb != ra.
pb != rb.
qa != qb.
ca != cb.
qa != pa.
qa != pb.
qa != ra.
qa != rb.
qb != pa.
qb != pb.
qb != ra.
qb != rb.
ca != pa.
ca != pb.
ca != ra.
ca != rb.
cb != pa.
cb != pb.
cb != ra.
cb != rb.
ca != oa.
cb != oa.
pa != oa.
pb != oa.
ra != oa.
rb != oa.
mem(qa,qb).
mem(qb,qa).
cen(qa) != cen(pa).
cen(qa) != cen(ra).
cen(qa) = cen(qb).
cen(ca) = cen(qa).
cen(cb) = cen(qa).
cen(ca) != oa.
cen(cb) != oa.
-mem(ca,pa) | -mem(ca,pb).
-mem(ca,ra) | -mem(ca,rb).
-mem(cb,pa) | -mem(cb,pb).
-mem(cb,ra) | -mem(cb,rb).
co = pa | co = pb | co = ra | co = rb.
-mem(ca,co).
-mem(cb,co).
pa != x | mem(ca,x) | -blocked(x,cen(ca)).
pa != x | -mem(ca,x) | blocked(x,cen(ca)).
pb != x | mem(ca,x) | -blocked(x,cen(ca)).
pb != x | -mem(ca,x) | blocked(x,cen(ca)).
ra != x | mem(ca,x) | -blocked(x,cen(ca)).
ra != x | -mem(ca,x) | blocked(x,cen(ca)).
rb != x | mem(ca,x) | -blocked(x,cen(ca)).
rb != x | -mem(ca,x) | blocked(x,cen(ca)).
pa != x | mem(cb,x) | -blocked(x,cen(cb)).
pa != x | -mem(cb,x) | blocked(x,cen(cb)).
pb != x | mem(cb,x) | -blocked(x,cen(cb)).
pb != x | -mem(cb,x) | blocked(x,cen(cb)).
ra != x | mem(cb,x) | -blocked(x,cen(cb)).
ra != x | -mem(cb,x) | blocked(x,cen(cb)).
rb != x | mem(cb,x) | -blocked(x,cen(cb)).
rb != x | -mem(cb,x) | blocked(x,cen(cb)).
-blocked(pa,oa).
-blocked(ra,oa).
cen(pa) = cen(pb).
cen(ra) = cen(rb).
cen(ra) != cen(pa).
car(g0).
car(g1).
car(g2).
car(g3).
car(g4).
car(g5).
car(g6).
car(g7).
car(g8).
car(g9).
car(g10).
car(g11).
car(g12).
car(g13).
car(g14).
g0 != g1.
g0 != g2.
g0 != g3.
g0 != g4.
g0 != g5.
g0 != g6.
g0 != g7.
g0 != g8.
g0 != g9.
g1 != g2.
g1 != g3.
g1 != g4.
g1 != g5.
g1 != g6.
g1 != g7.
g1 != g8.
g1 != g9.
g2 != g3.
g2 != g4.
g2 != g5.
g2 != g6.
g2 != g7.
g2 != g8.
g2 != g9.
g3 != g4.
g3 != g5.
g3 != g6.
g3 != g7.
g3 != g8.
g3 != g9.
g4 != g5.
g4 != g6.
g4 != g7.
g4 != g8.
g4 != g9.
g5 != g6.
g5 != g7.
g5 != g8.
g5 != g9.
g6 != g7.
g6 != g8.
g6 != g9.
g7 != g8.
g7 != g9.
g8 != g9.
g0 != g10.
g0 != g11.
g0 != g12.
g0 != g13.
g0 != g14.
g1 != g10.
g1 != g11.
g1 != g12.
g1 != g13.
g1 != g14.
g2 != g10.
g2 != g11.
g2 != g12.
g2 != g13.
g2 != g14.
g3 != g10.
g3 != g11.
g3 != g12.
g3 != g13.
g3 != g14.
g4 != g10.
g4 != g11.
g4 != g12.
g4 != g13.
g4 != g14.
g5 != g10.
g5 != g11.
g5 != g12.
g5 != g13.
g5 != g14.
g6 != g10.
g6 != g11.
g6 != g12.
g6 != g13.
g6 != g14.
g7 != g10.
g7 != g11.
g7 != g12.
g7 != g13.
g7 != g14.
g8 != g10.
g8 != g11.
g8 != g12.
g8 != g13.
g8 != g14.
g9 != g10.
g9 != g11.
g9 != g12.
g9 != g13.
g9 != g14.
g10 != g11.
g10 != g12.
g10 != g13.
g10 != g14.
g11 != g12.
g11 != g13.
g11 != g14.
g12 != g13.
g12 != g14.
g13 != g14.
end_of_list.

============================== end of clauses for search =============

% There are no natural numbers in the input.

============================== DOMAIN SIZE 15 ========================

=== Mace4 starting on domain size 15. ===

============================== STATISTICS ============================

For domain size 15.

Current CPU time: 0.00 seconds (total CPU time: 60.23 seconds).
Ground clauses: seen=1527030, kept=982890.
Selections=6006654, assignments=90099234, propagations=78854533, current_models=0.
Rewrite_terms=965540419, rewrite_bools=475992592, indexes=3861.
Rules_from_neg_clauses=1, cross_offs=5441887.

============================== end of statistics =====================

------ process 93632 exit (max_sec_no) ------

User_CPU=60.24, System_CPU=2.38, Wall_clock=63.

Exiting with failure.

Process 93632 exit (max_sec_no) Wed Aug 12 15:27:34 2026
The process finished Wed Aug 12 15:27:34 2026
