c --- [ banner ] -------------------------------------------------------------
c 
c CaDiCaL SAT Solver
c Copyright (c) 2016-2025
c A. Biere, M. Fleury, N. Froleyks, K. Fazekas, F. Pollitt, T. Faller
c JKU Linz, University of Freiburg, TU Wien
c 
c Version 3.0.0 7b99c07f0bcab5824a5a3ce62c7066554017f641
c Apple clang version 21.0.0 (clang-2100.0.123.102) -Wall -Wextra -O3 -DNDEBUG -DNCLOSEFROM
c Thu Apr 23 22:35:47 PDT 2026 Darwin dada-mun-26.local 25.4.0 arm64
c 
c --- [ proof tracing ] ------------------------------------------------------
c 
c opening file to write 'scratch/atail-force/unique4-exact-two-core-map/generated/p4-seed0-certificate/p4-seed0.drat'
c writing binary proof trace to 'scratch/atail-force/unique4-exact-two-core-map/generated/p4-seed0-certificate/p4-seed0.drat'
c 
c --- [ parsing input ] ------------------------------------------------------
c 
c reading DIMACS file from 'scratch/atail-force/unique4-exact-two-core-map/generated/p4-seed0-compact/p4-seed0-compact.cnf'
c opening file to read 'scratch/atail-force/unique4-exact-two-core-map/generated/p4-seed0-compact/p4-seed0-compact.cnf'
c found 'p cnf 2557 19048' header
c parsed 19048 clauses in 0.00 seconds process time
c 
c --- [ options ] ------------------------------------------------------------
c 
c all options are set to their default value
c 
c --- [ solving ] ------------------------------------------------------------
c 
c time measured in process time since initialization
c 
c  seconds  reduction conflicts       size tier2      variables
c         MB    restarts   redundant    glue  trail        remaining
c          level     rate       size/glu tier1  irredundant
c 
c *  0.00  0  0 0   0  0    0    0 0.0 0 0 2 6  0% 19040 2540 99%
c (  0.00  0  0 0   0  0    0    0 0.0 0 0 2 6  0% 19040 2540 99%
c .  0.00  0  0 0   0  0    0    0 0.0 0 0 2 6  0% 19031 2540 99%
c c  0.01  0  0 0   0  0    0    0 0.0 0 0 2 6  0% 19031 2540 99%
c d  0.01  0  0 0   0  0    0    0 0.0 0 0 2 6  0% 18989 2514 98%
c f  0.04  0  0 0   0  0    0    0 0.0 0 0 2 6  0% 12783 3072 120%
c e  0.04  0  0 0   0  0    0    0 0.0 0 0 2 6  0% 10813 1133 44%
c P  0.04  0  0 0   0  0    0    0 0.0 0 0 2 6  0% 10813 1133 44%
c )  0.04  0  0 0   0  0    0    0 0.0 0 0 2 6  0% 10813 1133 44%
c {  0.04  0  0 0   0  0    0    0 0.0 0 0 2 6  0% 10813 1133 44%
c i  0.04  0 1613 0   0 385    5    3 2.3 2 1 2 6 74% 10813 1130 44%
c -  0.04  0 577 1   3 28  301  193 1.8 12 7 2 6 35% 10774 1126 44%
c -  0.04  0 311 2  10 16  736  423 1.8 12 7 2 6 26% 10774 1126 44%
c }  0.05  0 244 2  27 15 1003  644 1.9 12 7 2 6 24% 10774 1126 44%
c [  0.05  0  0 2  27  0 1003  644 0.0 0 0 2 6  0% 10774 1126 44%
c O  0.05  0  9 2  27 10 1004  645 3.5 7 2 2 6  9% 10774 1126 44%
c -  0.05  0 20 3  27  2 1415  739 1.9 15 8 2 6 18% 10774 1126 44%
c ]  0.05  0 21 3  27  1 1789 1074 1.9 18 9 2 6 18% 10774 1126 44%
c {  0.05  0 244 3  27 15 1789 1074 1.9 12 7 2 6 24% 10774 1126 44%
c -  0.06  0 169 4  64 11 2356 1065 1.9 12 7 2 6 42% 10774 1126 44%
c 
c  seconds   reduction conflicts       size  tier2      variables
c         MB     restarts   redundant     glue  trail        remaining
c           level     rate       size/glue tier1  irredundant
c 
c O  0.07  0 128 4 120  9 3006 1642 1.9 13 7 2 6 43% 10774 1126 44%
c -  0.07  0 109 5 157  8 3570 1556 1.9 13 7 2 6 43% 10774 1126 44%
c }  0.08  0 95 5 203  7 4157 2087 1.8 13 7 2 6 43% 10774 1126 44%
c [  0.08  0 21 5 203  1 4157 2087 1.9 18 9 2 6 50% 10774 1126 44%
c f  0.08  0 23 5 203  2 4333 2250 1.9 18 9 2 6 50% 10771 1128 44%
c -  0.09  0 22 6 204  1 5065 2083 2.0 17 9 5 8 47% 10771 1128 44%
c s  0.10  0 22 6 205  1 5814 2760 2.0 16 8 4 7 44% 10626 1128 44%
c e  0.10  0 22 6 205  1 5814 2645 2.0 16 8 4 7 44% 10598 1102 43%
c s  0.10  0 22 6 205  1 5814 2643 2.0 16 8 4 7 44% 10558 1102 43%
c I  0.11  0 23 6 205  2 6007 2829 2.0 16 8 4 7 44% 10558 1102 43%
c ]  0.11  0 24 6 205  2 6587 3376 2.0 17 8 4 7 45% 10558 1102 43%
c {  0.11  0 95 6 205  7 6587 3376 1.8 13 7 2 6 43% 10558 1102 43%
c -  0.12  0 91 7 242  7 6846 2495 1.8 13 7 2 6 42% 10558 1102 43%
c 2  0.12  0 89 7 250  7 6936 2575 1.8 13 7 2 6 42% 10558 1102 43%
c i  0.12  0 88 7 261  7 7014 2642 1.8 13 7 2 6 42% 10558 1101 43%
c -  0.14  0 69 8 435  6 8915 3586 1.8 13 7 4 6 42% 10556 1101 43%
c u  0.15  0 64 8 502  6 9635 4240 1.9 13 7 4 6 43% 10556 1101 43%
c v  0.15  0 64 8 502  6 9635 4237 1.9 13 7 4 6 43% 10556 1101 43%
c w  0.15  0 64 8 502  6 9635 4236 1.9 13 7 4 6 43% 10556 1101 43%
c x  0.15  0 64 8 502  6 9635 4236 1.9 13 7 4 6 43% 10555 1101 43%
c 
c  seconds  reduction conflicts       size  tier2      variables
c         MB    restarts   redundant     glue  trail        remaining
c          level     rate       size/glue tier1  irredundant
c 
c f  0.15  0 64 8 502  6 9635 4236 1.9 13 7 4 6 42% 10537 1111 43%
c #  0.16  0 62 8 528  6 10008 4589 1.9 13 7 4 6 42% 10537 1111 43%
c }  0.16  0 61 8 553  6 10203 4774 1.9 13 7 4 6 42% 10537 1111 43%
c [  0.16  0 24 8 553  2 10203 4774 2.0 17 8 4 7 44% 10537 1111 43%
c -  0.18  0 25 9 554  1 11275 4327 1.9 19 10 4 7 43% 10537 1111 43%
c f  0.20  0 26 9 555  1 12419 5387 1.8 20 11 4 7 42% 10480 1128 44%
c ]  0.21  0 26 9 555  1 13092 5972 1.8 20 12 4 7 43% 10480 1128 44%
c {  0.21  0 61 9 555  6 13092 5972 1.9 13 7 4 6 42% 10480 1128 44%
c -  0.23  0 58 10 625  6 13930 4205 1.9 14 7 3 5 42% 10480 1128 44%
c B  0.24  0 55 10 776  6 15009 5209 1.9 14 7 3 5 42% 10480 1128 44%
c u  0.25  0 54 10 801  6 15286 5443 1.9 14 7 3 5 42% 10486 1128 44%
c v  0.25  0 54 10 801  6 15286 5437 1.9 14 7 3 5 42% 10486 1128 44%
c w  0.25  0 54 10 801  6 15286 5437 1.9 14 7 3 5 42% 10486 1128 44%
c x  0.25  0 54 10 801  6 15286 5437 1.9 14 7 3 5 42% 10483 1128 44%
c f  0.25  0 54 10 801  6 15286 5437 1.9 14 7 3 5 41% 10191 1154 45%
c -  0.28  0 51 11 986  6 16880 4836 1.9 14 7 3 5 42% 10191 1154 45%
c }  0.29  0 50 11 1055  6 17549 5469 1.9 14 8 3 5 42% 10191 1154 45%
c [  0.29  0 26 11 1055  1 17549 5469 1.8 20 12 4 7 42% 10191 1154 45%
c p  0.30  0 27 11 1056  1 18229 6118 1.8 21 12 4 7 42% 10191 1154 45%
c k  0.30  0 27 11 1056  1 18229 6118 1.8 21 12 4 7 42% 10191 1153 45%
c 
c  seconds  reductions   conflicts       size   tier2     variables
c         MB     restarts     redundant     glue   trail       remaining
c          level       rate        size/glue  tier1 irredundant
c 
c f  0.30  0 27 11 1056  1 18229 6118 1.8 21 12 4 7 41% 9861 1183 46%
c e  0.31  0 27 11 1056  1 18855 5707 1.8 21 12 4 7 42% 9776 1059 41%
c ^  0.31  0 27 11 1056  1 18855 5707 1.8 21 12 4 7 42% 9776 1059 41%
c -  0.34  0 26 12 1057  1 20130 4821 1.8 21 12 4 7 56% 9776 1059 41%
c B  0.35  0 25 12 1057  1 21010 5605 1.9 21 11 4 7 55% 9776 1059 41%
c u  0.36  0 25 12 1057  1 21241 5728 1.9 21 12 4 7 55% 9776 1059 41%
c v  0.36  0 25 12 1057  1 21241 5720 1.9 21 12 4 7 55% 9776 1059 41%
c w  0.36  0 25 12 1057  1 21241 5720 1.9 21 12 4 7 55% 9776 1059 41%
c x  0.36  0 25 12 1057  1 21241 5720 1.9 21 12 4 7 55% 9772 1059 41%
c f  0.37  0 25 12 1057  1 21241 5720 1.9 21 12 4 7 54% 9739 1070 42%
c ]  0.39  0 24 12 1057  1 22634 6887 1.8 21 12 3 7 53% 9739 1070 42%
c {  0.39  0 50 12 1057  6 22634 6887 1.9 14 8 3 5 46% 9739 1070 42%
c -  0.41  0 48 13 1184  6 23678 5198 1.9 15 8 3 5 46% 9739 1070 42%
c f  0.42  0 47 13 1261  6 24319 5795 1.9 15 8 3 5 45% 9618 1084 42%
c i  0.48  0 44 13 1665  6 27364 8668 1.9 15 8 3 5 45% 9618 1082 42%
c -  0.48  0 44 14 1665  6 27525 6292 1.9 15 8 3 5 45% 9613 1082 42%
c p  0.48  0 44 14 1665  6 27525 6294 1.9 15 8 3 5 45% 9613 1081 42%
c k  0.48  0 44 14 1665  6 27525 6294 1.9 15 8 3 5 45% 9615 1079 42%
c u  0.48  0 44 14 1665  6 27525 6174 1.9 15 8 3 5 45% 9615 1079 42%
c v  0.49  0 44 14 1665  6 27525 6159 1.9 15 8 3 5 45% 9615 1079 42%
c 
c  seconds  reductions   conflicts       size  tier2     variables
c         MB     restarts     redundant     glue  trail       remaining
c          level       rate        size/glue tier1 irredundant
c 
c w  0.49  0 44 14 1665  6 27525 6159 1.9 15 8 3 5 45% 9615 1079 42%
c f  0.49  0 44 14 1665  6 27525 6159 1.9 15 8 3 5 45% 9604 1080 42%
c W  0.51  0 43 14 1696  6 28011 6605 1.9 15 8 3 5 45% 9593 1080 42%
c }  0.52  0 43 14 1758  6 28824 7339 1.9 15 8 3 5 45% 9593 1080 42%
c [  0.52  0 24 14 1758  1 28824 7339 1.8 21 12 3 7 52% 9593 1080 42%
c -  0.57  0 24 15 1760  1 31672 6971 1.9 22 11 3 7 52% 9593 1080 42%
c p  0.57  0 24 15 1760  1 31672 6972 1.9 22 11 3 7 52% 9593 1080 42%
c f  0.57  0 24 15 1760  1 31672 6972 1.9 22 11 3 7 52% 9590 1081 42%
c ]  0.65  0 22 15 1763  1 35651 10275 1.9 21 11 3 7 51% 9590 1081 42%
c {  0.65  0 43 15 1763  6 35651 10275 1.9 15 8 3 5 45% 9590 1081 42%
c F  0.65  0 42 15 1820  6 36015 10620 1.9 15 8 3 5 45% 9590 1081 42%
c -  0.66  0 42 16 1837  6 36121 7285 1.9 15 8 3 5 45% 9590 1081 42%
c u  0.66  0 42 16 1837  6 36121 7207 1.9 15 8 3 5 45% 9590 1081 42%
c v  0.66  0 42 16 1837  6 36121 7189 1.9 15 8 3 5 45% 9590 1081 42%
c w  0.66  0 42 16 1837  6 36121 7187 1.9 15 8 3 5 45% 9590 1081 42%
c x  0.66  0 42 16 1837  6 36121 7186 1.9 15 8 3 5 45% 9577 1081 42%
c t  0.70  0 41 16 2054  6 38096 9051 2.0 15 8 3 4 45% 9577 1081 42%
c e  0.70  0 41 16 2054  6 38096 8673 2.0 15 8 3 4 45% 9667 934 37%
c ^  0.70  0 41 16 2054  6 38096 8673 2.0 15 8 3 4 45% 9667 934 37%
c -  0.76  0 40 17 2404  5 40873 7528 2.0 16 8 3 4 46% 9667 934 37%
c 
c  seconds  reductions   conflicts       size  tier2     variables
c         MB     restarts     redundant     glue  trail      remaining
c          level       rate        size/glue tier1 irredundant
c 
c 2  0.76  0 40 17 2404  5 40873 7527 2.0 16 8 3 4 46% 9667 934 37%
c p  0.76  0 40 17 2404  5 40873 7537 2.0 16 8 3 4 46% 9667 933 36%
c u  0.76  0 40 17 2404  5 40873 7487 2.0 16 8 3 4 46% 9667 933 36%
c v  0.76  0 40 17 2404  5 40873 7480 2.0 16 8 3 4 46% 9667 933 36%
c w  0.76  0 40 17 2404  5 40873 7480 2.0 16 8 3 4 46% 9667 933 36%
c x  0.76  0 40 17 2404  5 40873 7480 2.0 16 8 3 4 46% 9659 933 36%
c f  0.77  0 40 17 2404  5 40873 7480 2.0 16 8 3 4 46% 9634 940 37%
c }  0.81  0 38 17 2629  5 43156 9626 2.0 16 8 3 4 46% 9634 940 37%
c [  0.81  0 22 17 2629  1 43156 9626 1.9 21 11 3 7 59% 9634 940 37%
c W  0.86  0 22 17 2630  1 45016 11359 2.0 21 11 3 7 57% 9631 940 37%
c -  0.88  0 22 18 2630  1 45928 8309 1.9 22 11 3 7 56% 9631 940 37%
c p  0.88  0 22 18 2630  1 45928 8322 1.9 22 11 3 7 56% 9631 937 37%
c u  0.89  0 22 18 2630  1 45928 8247 1.9 22 11 3 7 56% 9624 937 37%
c v  0.89  0 22 18 2630  1 45928 8236 1.9 22 11 3 7 56% 9624 937 37%
c w  0.89  0 22 18 2630  1 45928 8236 1.9 22 11 3 7 56% 9624 937 37%
c f  0.89  0 22 18 2630  1 45928 8236 1.9 22 11 3 7 56% 9606 941 37%
c -  1.00  0 21 19 2632  1 51285 8635 2.0 21 11 3 7 54% 9606 941 37%
c p  1.00  0 21 19 2632  1 51285 8641 2.0 21 11 3 7 54% 9606 941 37%
c u  1.01  0 21 19 2632  1 51285 8547 2.0 21 11 3 7 54% 9606 941 37%
c v  1.01  0 21 19 2632  1 51285 8535 2.0 21 11 3 7 54% 9606 941 37%
c 
c  seconds  reductions   conflicts       size   tier2     variables
c         MB     restarts     redundant     glue   trail      remaining
c          level       rate        size/glue  tier1 irredundant
c 
c ]  1.01  0 21 19 2632  1 51477 8673 2.0 21 11 3 7 54% 9606 941 37%
c {  1.01  0 38 19 2632  5 51477 8673 2.0 16 8 3 4 46% 9606 941 37%
c B  1.08  0 37 19 2937  5 55017 11995 2.0 16 8 3 4 46% 9606 941 37%
c -  1.11  0 36 20 3093  5 56948 9543 2.1 17 8 3 4 46% 9606 941 37%
c p  1.11  0 36 20 3093  5 56948 9557 2.1 17 8 3 4 46% 9606 940 37%
c u  1.12  0 36 20 3093  5 56948 9487 2.1 17 8 3 4 46% 9606 940 37%
c v  1.12  0 36 20 3093  5 56948 9469 2.1 17 8 3 4 46% 9606 940 37%
c w  1.12  0 36 20 3093  5 56948 9469 2.1 17 8 3 4 46% 9606 940 37%
c x  1.12  0 36 20 3093  5 56948 9469 2.1 17 8 3 4 46% 9602 940 37%
c f  1.12  0 36 20 3093  5 56948 9461 2.1 17 8 3 4 46% 9607 941 37%
c }  1.20  0 35 20 3588  5 60935 13224 2.1 17 8 3 4 46% 9607 941 37%
c [  1.20  0 21 20 3588  1 60935 13224 2.0 21 11 3 7 54% 9607 941 37%
c -  1.24  0 21 21 3588  1 62917 10495 2.0 21 11 3 7 53% 9604 941 37%
c p  1.24  0 21 21 3588  1 62917 10504 2.0 21 11 3 7 53% 9604 941 37%
c u  1.25  0 21 21 3588  1 62917 10433 2.0 21 11 3 7 53% 9604 941 37%
c v  1.25  0 21 21 3588  1 62917 10412 2.0 21 11 3 7 53% 9604 941 37%
c e  1.29  0 21 21 3588  1 65069 12061 2.0 22 11 3 7 53% 9649 891 35%
c ^  1.30  0 21 21 3588  1 65069 12061 2.0 22 11 3 7 53% 9649 891 35%
c O  1.31  0 22 21 3588  1 66018 12942 2.0 22 11 3 7 53% 9649 891 35%
c -  1.38  0 21 22 3590  1 69187 10820 2.0 22 11 3 7 52% 9649 891 35%
c 
c  seconds  reductions   conflicts        size   tier2     variables
c         MB     restarts      redundant     glue   trail      remaining
c          level       rate         size/glue  tier1 irredundant
c 
c p  1.39  0 21 22 3590  1 69187 10823 2.0 22 11 3 7 52% 9649 891 35%
c u  1.39  0 21 22 3590  1 69187 10723 2.0 22 11 3 7 52% 9649 891 35%
c v  1.39  0 21 22 3590  1 69187 10705 2.0 22 11 3 7 52% 9649 891 35%
c w  1.39  0 21 22 3590  1 69187 10705 2.0 22 11 3 7 52% 9649 891 35%
c f  1.39  0 21 22 3590  1 69187 10705 2.0 22 11 3 7 52% 9634 894 35%
c ]  1.45  0 21 22 3591  1 72119 13121 2.0 22 11 3 6 51% 9634 894 35%
c {  1.45  0 35 22 3591  5 72119 13121 2.1 17 8 3 4 46% 9634 894 35%
c -  1.53  0 34 23 3923  5 75762 11426 2.1 17 8 3 4 46% 9634 894 35%
c p  1.53  0 34 23 3923  5 75762 11433 2.1 17 8 3 4 46% 9634 894 35%
c u  1.53  0 34 23 3923  5 75762 11367 2.1 17 8 3 4 46% 9634 894 35%
c v  1.54  0 34 23 3923  5 75762 11351 2.1 17 8 3 4 46% 9634 894 35%
c x  1.54  0 34 23 3923  5 75762 11349 2.1 17 8 3 4 46% 9623 894 35%
c W  1.62  0 33 23 4103  5 78020 13475 2.1 17 8 3 4 46% 9623 894 35%
c -  1.72  0 32 24 4540  5 82643 12715 2.1 18 8 3 4 45% 9623 894 35%
c p  1.72  0 32 24 4540  5 82643 12717 2.1 18 8 3 4 45% 9623 894 35%
c u  1.74  0 32 24 4540  5 82643 12638 2.1 18 8 3 4 45% 9623 894 35%
c v  1.74  0 32 24 4540  5 82643 12616 2.1 18 8 3 4 45% 9623 894 35%
c w  1.74  0 32 24 4540  5 82643 12616 2.1 18 8 3 4 45% 9623 894 35%
c x  1.74  0 32 24 4540  5 82643 12615 2.1 18 8 3 4 45% 9611 894 35%
c t  1.74  0 32 24 4540  5 82643 12615 2.1 18 8 3 4 45% 9610 894 35%
c 
c  seconds  reductions   conflicts        size  tier2     variables
c         MB     restarts      redundant     glue  trail      remaining
c          level       rate         size/glue tier1 irredundant
c 
c f  1.74  0 32 24 4540  5 82643 12615 2.1 18 8 3 4 45% 9595 897 35%
c }  1.75  0 32 24 4541  5 82680 12652 2.1 18 8 3 4 45% 9595 897 35%
c [  1.75  0 21 24 4541  1 82680 12652 2.0 22 11 3 6 51% 9595 897 35%
c -  1.91  0 21 25 4545  1 89831 13191 1.9 22 11 3 6 50% 9595 897 35%
c p  1.91  0 21 25 4545  1 89831 13201 1.9 22 11 3 6 50% 9595 897 35%
c u  1.92  0 21 25 4545  1 89831 13110 1.9 22 11 3 6 50% 9595 897 35%
c v  1.92  0 21 25 4545  1 89831 13090 1.9 22 11 3 6 50% 9595 897 35%
c w  1.92  0 21 25 4545  1 89831 13090 1.9 22 11 3 6 50% 9595 897 35%
c B  1.95  0 21 25 4545  1 91022 14097 1.9 22 11 3 6 50% 9594 897 35%
c ]  2.02  0 21 25 4548  1 94250 16744 1.9 22 11 3 6 50% 9594 897 35%
c {  2.02  0 32 25 4548  5 94250 16744 2.1 18 8 3 4 45% 9594 897 35%
c -  2.10  0 32 26 4815  5 97326 13703 2.1 18 8 3 4 45% 9594 897 35%
c p  2.10  0 32 26 4815  5 97326 13704 2.1 18 8 3 4 45% 9594 897 35%
c u  2.10  0 32 26 4815  5 97326 13616 2.1 18 8 3 4 45% 9594 897 35%
c v  2.10  0 32 26 4815  5 97326 13570 2.1 18 8 3 4 45% 9594 897 35%
c w  2.10  0 32 26 4815  5 97326 13569 2.1 18 8 3 4 45% 9594 897 35%
c t  2.16  0 32 26 5035  5 99439 15566 2.1 18 8 3 4 45% 9594 897 35%
c e  2.16  0 32 26 5035  5 99439 15064 2.1 18 8 3 4 45% 9811 820 32%
c ^  2.16  0 32 26 5035  5 99439 15064 2.1 18 8 3 4 45% 9811 820 32%
c #  2.29  0 31 26 5585  4 105024 20292 2.2 18 8 3 4 46% 9811 820 32%
c 
c  seconds  reductions   conflicts         size  tier2     variables
c         MB     restarts       redundant     glue  trail      remaining
c          level       rate          size/glue tier1 irredundant
c 
c -  2.30  0 31 27 5597  4 105126 14574 2.1 18 8 3 4 46% 9811 820 32%
c p  2.30  0 31 27 5597  4 105126 14582 2.1 18 8 3 4 46% 9811 820 32%
c u  2.30  0 31 27 5597  4 105126 14474 2.1 18 8 3 4 46% 9811 820 32%
c v  2.30  0 31 27 5597  4 105126 14445 2.1 18 8 3 4 46% 9811 820 32%
c x  2.30  0 31 27 5597  4 105126 14445 2.1 18 8 3 4 46% 9791 820 32%
c f  2.31  0 31 27 5597  4 105126 14445 2.1 18 8 3 4 46% 9742 825 32%
c }  2.34  0 31 27 5780  4 106325 15574 2.1 18 8 3 4 45% 9742 825 32%
c [  2.34  0 21 27 5780  1 106325 15574 1.9 22 11 3 6 58% 9742 825 32%
c -  2.52  0 21 28 5784  1 113233 15401 1.9 22 12 3 6 56% 9742 825 32%
c p  2.52  0 21 28 5784  1 113233 15405 1.9 22 12 3 6 56% 9742 825 32%
c u  2.52  0 21 28 5784  1 113233 15241 1.9 22 12 3 6 56% 9742 825 32%
c v  2.53  0 21 28 5784  1 113233 15210 1.9 22 12 3 6 56% 9742 825 32%
c w  2.53  0 21 28 5784  1 113233 15210 1.9 22 12 3 6 56% 9742 825 32%
c ]  2.68  0 20 28 5785  1 119379 20209 1.9 22 12 3 6 55% 9742 825 32%
c {  2.68  0 31 28 5785  4 119379 20209 2.1 18 8 3 4 45% 9742 825 32%
c B  2.69  0 30 28 5843  4 120027 20831 2.1 18 8 3 4 46% 9742 825 32%
c -  2.73  0 30 29 6000  4 121649 15725 2.1 18 8 3 4 45% 9742 825 32%
c p  2.74  0 30 29 6000  4 121649 15731 2.1 18 8 3 4 45% 9742 825 32%
c u  2.74  0 30 29 6000  4 121649 15546 2.1 18 8 3 4 45% 9742 825 32%
c v  2.74  0 30 29 6000  4 121649 15518 2.1 18 8 3 4 45% 9742 825 32%
c 
c  seconds  reductions   conflicts         size  tier2     variables
c         MB     restarts       redundant     glue  trail      remaining
c          level       rate          size/glue tier1 irredundant
c 
c w  2.74  0 30 29 6000  4 121649 15518 2.1 18 8 3 4 45% 9742 825 32%
c -  2.96  0 29 30 6627  4 130368 17111 2.2 18 8 3 4 45% 9742 825 32%
c p  2.96  0 29 30 6627  4 130368 17115 2.2 18 8 3 4 45% 9742 825 32%
c u  2.96  0 29 30 6627  4 130368 17004 2.2 18 8 3 4 45% 9742 825 32%
c v  2.97  0 29 30 6627  4 130368 16991 2.2 18 8 3 4 45% 9742 825 32%
c x  2.97  0 29 30 6627  4 130368 16989 2.2 18 8 3 4 45% 9697 825 32%
c }  3.05  0 28 30 6907  4 133516 19940 2.2 19 8 3 4 45% 9697 825 32%
c [  3.05  0 20 30 6907  1 133516 19940 1.9 22 12 3 6 55% 9697 825 32%
c W  3.17  0 20 30 6907  1 136029 22252 1.9 22 12 3 6 55% 9697 825 32%
c -  3.26  0 21 31 6908  1 139396 18133 1.9 22 12 2 4 55% 9697 825 32%
c p  3.26  0 21 31 6908  1 139396 18136 1.9 22 12 2 4 55% 9697 825 32%
c u  3.28  0 21 31 6908  1 139396 17995 1.9 22 12 2 4 55% 9695 825 32%
c v  3.29  0 21 31 6908  1 139396 17972 1.9 22 12 2 4 55% 9695 825 32%
c w  3.29  0 21 31 6908  1 139396 17972 1.9 22 12 2 4 55% 9695 825 32%
c e  3.37  0 20 31 6908  1 142409 20200 1.9 23 12 2 4 55% 10078 760 30%
c ^  3.37  0 20 31 6908  1 142409 20200 1.9 23 12 2 4 55% 10078 760 30%
c -  3.54  0 20 32 6908  1 148733 18122 2.0 23 11 2 4 54% 10078 760 30%
c p  3.54  0 20 32 6908  1 148733 18126 2.0 23 11 2 4 54% 10078 760 30%
c u  3.55  0 20 32 6908  1 148733 17985 2.0 23 11 2 4 54% 10078 760 30%
c v  3.55  0 20 32 6908  1 148733 17955 2.0 23 11 2 4 54% 10078 760 30%
c 
c  seconds  reductions   conflicts         size   tier2      variables
c         MB     restarts       redundant     glue   trail       remaining
c          level       rate          size/glue  tier1  irredundant
c 
c w  3.55  0 20 32 6908  1 148733 17955 2.0 23 11 2 4 54% 10078 760 30%
c f  3.56  0 20 32 6908  1 148733 17955 2.0 23 11 2 4 54% 10061 761 30%
c ]  3.58  0 20 32 6908  1 149465 18631 2.0 23 11 2 4 54% 10061 761 30%
c {  3.58  0 28 32 6908  4 149465 18631 2.2 19 8 3 4 45% 10061 761 30%
c W  3.69  0 28 32 7223  4 153030 21931 2.2 19 9 3 4 45% 10061 761 30%
c -  3.85  0 27 33 7868  4 158376 19459 2.2 19 9 3 4 45% 10061 761 30%
c p  3.86  0 27 33 7868  4 158376 19466 2.2 19 9 3 4 45% 10061 761 30%
c u  3.86  0 27 33 7868  4 158376 19288 2.2 19 9 3 4 45% 10061 761 30%
c v  3.86  0 27 33 7868  4 158376 19257 2.2 19 9 3 4 45% 10061 761 30%
c w  3.87  0 27 33 7868  4 158376 19257 2.2 19 9 3 4 45% 10061 761 30%
c }  4.01  0 27 33 8424  4 163719 24255 2.2 19 9 3 4 45% 10061 761 30%
c [  4.01  0 20 33 8424  1 163719 24255 2.0 23 11 2 4 54% 10061 761 30%
c -  4.14  0 20 34 8424  1 168325 20680 2.0 23 11 2 4 53% 10061 761 30%
c p  4.14  0 20 34 8424  1 168325 20689 2.0 23 11 2 4 53% 10061 761 30%
c u  4.14  0 20 34 8424  1 168325 20568 2.0 23 11 2 4 53% 10061 761 30%
c v  4.14  0 20 34 8424  1 168325 20553 2.0 23 11 2 4 53% 10061 761 30%
c w  4.14  0 20 34 8424  1 168325 20553 2.0 23 11 2 4 53% 10061 761 30%
c x  4.15  0 20 34 8424  1 168325 20549 2.0 23 11 2 4 53% 10028 761 30%
c I  4.22  0 20 34 8426  1 171032 23066 2.0 23 11 2 4 53% 10028 761 30%
c -  4.45  0 20 35 8431  1 178582 21323 2.0 23 11 2 4 52% 10028 761 30%
c 
c  seconds  reductions   conflicts         size   tier2      variables
c         MB     restarts       redundant     glue   trail       remaining
c          level       rate          size/glue  tier1  irredundant
c 
c p  4.45  0 20 35 8431  1 178582 21332 2.0 23 11 2 4 52% 10028 761 30%
c u  4.46  0 20 35 8431  1 178582 21148 2.0 23 11 2 4 52% 10028 761 30%
c v  4.46  0 20 35 8431  1 178582 21127 2.0 23 11 2 4 52% 10028 761 30%
c w  4.46  0 20 35 8431  1 178582 21127 2.0 23 11 2 4 52% 10028 761 30%
c ]  4.50  0 20 35 8431  1 179875 22272 2.0 23 11 2 4 52% 10028 761 30%
c {  4.50  0 27 35 8431  4 179875 22272 2.2 19 9 3 4 45% 10028 761 30%
c -  4.75  0 26 36 9141  4 189149 22650 2.2 19 9 3 4 44% 10028 761 30%
c p  4.75  0 26 36 9141  4 189149 22659 2.2 19 9 3 4 44% 10028 761 30%
c u  4.76  0 26 36 9141  4 189149 22599 2.2 19 9 3 4 44% 10028 761 30%
c v  4.76  0 26 36 9141  4 189149 22578 2.2 19 9 3 4 44% 10028 761 30%
c w  4.76  0 26 36 9141  4 189149 22578 2.2 19 9 3 4 44% 10028 761 30%
c x  4.76  0 26 36 9141  4 189149 22571 2.2 19 9 3 4 44% 9978 761 30%
c t  4.76  0 26 36 9141  4 189149 22571 2.2 19 9 3 4 44% 9977 761 30%
c F  4.79  0 26 36 9239  4 190035 23416 2.2 19 9 3 4 44% 9977 761 30%
c e  4.92  0 25 36 9440  4 194616 26248 2.2 19 9 3 4 43% 10565 706 28%
c }  5.01  0 25 36 9675  4 197569 28999 2.2 19 9 3 4 46% 10565 706 28%
c [  5.01  0 20 36 9675  1 197569 28999 2.0 23 11 2 4 61% 10565 706 28%
c -  5.08  0 19 37 9676  1 200021 23250 2.0 23 11 2 4 60% 10565 706 28%
c 2  5.08  0 19 37 9676  1 200021 23249 2.0 23 11 2 4 60% 10565 706 28%
c p  5.08  0 19 37 9676  1 200021 23251 2.0 23 11 2 4 60% 10565 706 28%
c 
c  seconds  reductions   conflicts         size   tier2      variables
c         MB     restarts       redundant     glue   trail       remaining
c          level       rate          size/glue  tier1  irredundant
c 
c u  5.09  0 19 37 9676  1 200021 23161 2.0 23 11 2 4 60% 10565 706 28%
c v  5.09  0 19 37 9676  1 200021 23135 2.0 23 11 2 4 60% 10565 706 28%
c x  5.09  0 19 37 9676  1 200021 23127 2.0 23 11 2 4 60% 10512 706 28%
c f  5.10  0 19 37 9676  1 200021 23127 2.0 23 11 2 4 59% 10270 718 28%
c B  5.39  0 19 37 9682  1 210036 31819 2.0 23 11 2 4 58% 10270 718 28%
c -  5.43  0 19 38 9682  1 211206 24221 2.0 23 11 2 4 58% 10270 718 28%
c p  5.43  0 19 38 9682  1 211206 24225 2.0 23 11 2 4 58% 10270 718 28%
c u  5.44  0 19 38 9682  1 211206 24098 2.0 23 11 2 4 58% 10270 718 28%
c v  5.44  0 19 38 9682  1 211206 24079 2.0 23 11 2 4 58% 10270 718 28%
c w  5.44  0 19 38 9682  1 211206 24079 2.0 23 11 2 4 58% 10270 718 28%
c x  5.44  0 19 38 9682  1 211206 24069 2.0 23 11 2 4 58% 10216 718 28%
c ]  5.58  0 19 38 9683  1 216162 28312 2.0 23 11 2 4 57% 10216 718 28%
c {  5.58  0 25 38 9683  4 216162 28312 2.2 19 9 3 4 46% 10216 718 28%
c -  5.80  0 25 39 10468  4 222695 25193 2.2 19 9 3 4 46% 10216 718 28%
c p  5.81  0 25 39 10468  4 222695 25196 2.2 19 9 3 4 46% 10216 718 28%
c u  5.84  0 25 39 10468  4 222695 24976 2.2 19 9 3 4 46% 10216 718 28%
c v  5.85  0 25 39 10468  4 222695 24946 2.2 19 9 3 4 46% 10216 718 28%
c w  5.85  0 25 39 10468  4 222695 24946 2.2 19 9 3 4 46% 10216 718 28%
c B  6.11  0 24 39 11384  4 231038 32520 2.2 19 9 3 4 45% 10216 718 28%
c }  6.17  0 24 39 11553  4 232645 34003 2.2 19 9 3 4 45% 10216 718 28%
c 
c  seconds  reductions    conflicts         size   tier2      variables
c         MB      restarts       redundant     glue   trail       remaining
c          level        rate          size/glue  tier1  irredundant
c 
c [  6.17  0 19 39 11553  1 232645 34003 2.0 23 11 2 4 57% 10216 718 28%
c -  6.22  0 20 40 11553  1 234493 26456 2.0 23 11 2 4 57% 10216 718 28%
c p  6.22  0 20 40 11553  1 234493 26459 2.0 23 11 2 4 57% 10216 718 28%
c u  6.23  0 20 40 11553  1 234493 26312 2.0 23 11 2 4 57% 10216 718 28%
c v  6.23  0 20 40 11553  1 234493 26286 2.0 23 11 2 4 57% 10216 718 28%
c w  6.23  0 20 40 11553  1 234493 26286 2.0 23 11 2 4 57% 10216 718 28%
c x  6.23  0 20 40 11553  1 234493 26281 2.0 23 11 2 4 57% 10203 718 28%
c -  6.60  0 20 41 11560  1 246600 26824 2.0 23 11 2 4 56% 10203 718 28%
c p  6.61  0 20 41 11560  1 246600 26828 2.0 23 11 2 4 56% 10203 718 28%
c u  6.61  0 20 41 11560  1 246600 26626 2.0 23 11 2 4 56% 10203 718 28%
c v  6.62  0 20 41 11560  1 246600 26592 2.0 23 11 2 4 56% 10203 718 28%
c w  6.62  0 20 41 11560  1 246600 26592 2.0 23 11 2 4 56% 10203 718 28%
c W  6.97  0 19 41 11563  1 253039 31627 2.0 23 11 2 4 55% 10203 718 28%
c ]  6.98  0 19 41 11564  1 253526 32055 2.0 23 12 2 4 55% 10203 718 28%
c {  6.98  0 24 41 11564  4 253526 32055 2.2 19 9 3 4 45% 10203 718 28%
c e  7.11  0 23 41 11876  4 257073 35098 2.2 19 9 3 4 45% 10240 713 28%
c -  7.17  0 23 42 12042  4 259015 27179 2.2 19 9 3 4 45% 10240 713 28%
c p  7.17  0 23 42 12042  4 259015 27182 2.2 19 9 3 4 45% 10240 713 28%
c u  7.18  0 23 42 12042  4 259015 26930 2.2 19 9 3 4 45% 10240 713 28%
c v  7.19  0 23 42 12042  4 259015 26906 2.2 19 9 3 4 45% 10240 713 28%
c 
c  seconds  reductions    conflicts         size  tier2      variables
c         MB      restarts       redundant     glue  trail       remaining
c          level        rate          size/glue tier1  irredundant
c 
c w  7.19  0 23 42 12042  4 259015 26906 2.2 19 9 3 4 45% 10240 713 28%
c -  7.61  0 23 43 13180  3 271738 24125 2.1 19 9 2 3 45% 10240 713 28%
c p  7.61  0 23 43 13180  3 271738 24127 2.1 19 9 2 3 45% 10240 713 28%
c u  7.61  0 23 43 13180  3 271738 23912 2.1 19 9 2 3 45% 10240 713 28%
c v  7.62  0 23 43 13180  3 271738 23892 2.1 19 9 2 3 45% 10240 713 28%
c w  7.62  0 23 43 13180  3 271738 23892 2.1 19 9 2 3 45% 10240 713 28%
c x  7.62  0 23 43 13180  3 271738 23878 2.1 19 9 2 3 45% 10174 713 28%
c }  7.67  0 23 43 13374  3 273406 25421 2.1 19 9 2 3 45% 10174 713 28%
c [  7.67  0 19 43 13374  1 273406 25421 2.0 23 12 2 4 55% 10174 713 28%
c O  7.74  0 19 43 13376  1 276040 27601 2.0 23 11 2 4 55% 10174 713 28%
c -  8.01  0 19 44 13378  1 284770 23099 2.0 22 11 2 4 54% 10174 713 28%
c p  8.01  0 19 44 13378  1 284770 23101 2.0 22 11 2 4 54% 10174 713 28%
c u  8.02  0 19 44 13378  1 284770 22846 2.0 22 11 2 4 54% 10174 713 28%
c v  8.02  0 19 44 13378  1 284770 22805 2.0 22 11 2 4 54% 10174 713 28%
c ]  8.39  0 18 44 13379  1 297975 31999 2.0 21 11 2 4 53% 10174 713 28%
c {  8.39  0 23 44 13379  3 297975 31999 2.1 19 9 2 3 45% 10174 713 28%
c -  8.39  0 23 45 13379  3 298110 21898 2.1 19 9 2 3 45% 10174 713 28%
c p  8.39  0 23 45 13379  3 298110 21900 2.1 19 9 2 3 45% 10174 713 28%
c u  8.40  0 23 45 13379  3 298110 21711 2.1 19 9 2 3 45% 10174 713 28%
c v  8.41  0 23 45 13379  3 298110 21668 2.1 19 9 2 3 45% 10174 713 28%
c 
c  seconds  reductions    conflicts         size  tier2      variables
c         MB      restarts       redundant     glue  trail       remaining
c          level        rate          size/glue tier1  irredundant
c 
c W  8.54  0 22 45 13380  3 300041 23013 2.1 19 9 2 3 45% 10174 713 28%
c -  8.90  0 22 46 14478  3 311760 23439 2.1 19 9 2 3 46% 10174 713 28%
c p  8.90  0 22 46 14478  3 311760 23441 2.1 19 9 2 3 46% 10174 713 28%
c u  8.91  0 22 46 14478  3 311760 23159 2.1 19 9 2 3 46% 10174 713 28%
c v  8.91  0 22 46 14478  3 311760 23111 2.1 19 9 2 3 46% 10174 713 28%
c }  9.25  0 21 46 15645  3 322553 32906 2.1 19 9 2 3 46% 10174 713 28%
c [  9.25  0 18 46 15645  1 322553 32906 2.0 21 11 2 4 53% 10174 713 28%
c B  9.33  0 17 46 15645  1 325042 34975 2.0 21 11 2 4 53% 10174 713 28%
c -  9.36  0 17 47 15645  1 325718 24575 2.0 21 11 2 4 53% 10174 713 28%
c p  9.36  0 17 47 15645  1 325718 24577 2.0 21 11 2 4 53% 10174 713 28%
c u  9.36  0 17 47 15645  1 325718 24399 2.0 21 11 2 4 53% 10174 713 28%
c v  9.37  0 17 47 15645  1 325718 24369 2.0 21 11 2 4 53% 10174 713 28%
c w  9.37  0 17 47 15645  1 325718 24369 2.0 21 11 2 4 53% 10174 713 28%
c x  9.37  0 17 47 15645  1 325718 24367 2.0 21 11 2 4 53% 10170 713 28%
c e  9.39  0 17 47 15645  1 326270 24786 2.0 21 11 2 4 53% 10185 712 28%
c s  9.39  0 17 47 15645  1 326270 24758 2.0 21 11 2 4 53% 10171 712 28%
c -  9.81  0 17 48 15646  1 339986 24097 1.9 21 11 2 3 51% 10171 712 28%
c p  9.81  0 17 48 15646  1 339986 24099 1.9 21 11 2 3 51% 10171 712 28%
c u  9.85  0 17 48 15646  1 339986 23893 1.9 21 11 2 3 51% 10171 712 28%
c v  9.85  0 17 48 15646  1 339986 23834 1.9 21 11 2 3 51% 10171 712 28%
c 
c  seconds  reductions    conflicts         size   tier2      variables
c         MB      restarts       redundant     glue   trail       remaining
c          level        rate          size/glue  tier1  irredundant
c 
c w  9.85  0 17 48 15646  1 339986 23834 1.9 21 11 2 3 51% 10171 712 28%
c ] 10.12  0 17 48 15646  1 348583 30627 2.0 21 11 2 3 51% 10171 712 28%
c { 10.12  0 21 48 15646  3 348583 30627 2.1 19 9 2 3 46% 10171 712 28%
c # 10.21  0 21 48 15893  3 351044 32864 2.1 19 9 2 3 46% 10171 712 28%
c - 10.33  0 21 49 16233  3 354563 24493 2.1 19 9 2 3 46% 10171 712 28%
c p 10.33  0 21 49 16233  3 354563 24495 2.1 19 9 2 3 46% 10171 712 28%
c u 10.35  0 21 49 16233  3 354563 24202 2.1 19 9 2 3 46% 10171 712 28%
c v 10.35  0 21 49 16233  3 354563 24143 2.1 19 9 2 3 46% 10171 712 28%
c w 10.35  0 21 49 16233  3 354563 24143 2.1 19 9 2 3 46% 10171 712 28%
c - 10.78  0 20 50 16961  3 369449 25728 2.1 19 9 2 3 46% 10171 712 28%
c p 10.78  0 20 50 16961  3 369449 25730 2.1 19 9 2 3 46% 10171 712 28%
c u 10.79  0 20 50 16961  3 369449 25514 2.1 19 9 2 3 46% 10171 712 28%
c v 10.79  0 20 50 16961  3 369449 25460 2.1 19 9 2 3 46% 10171 712 28%
c w 10.79  0 20 50 16961  3 369449 25460 2.1 19 9 2 3 46% 10171 712 28%
c } 11.02  0 20 50 17677  3 376463 31656 2.1 19 9 2 3 46% 10171 712 28%
c [ 11.02  0 17 50 17677  1 376463 31656 2.0 21 11 2 3 51% 10171 712 28%
c W 11.21  0 17 50 17677  1 378046 32718 2.0 21 11 2 3 51% 10171 712 28%
c - 11.44  0 17 51 17677  1 384646 26695 2.0 21 11 2 3 51% 10171 712 28%
c p 11.44  0 17 51 17677  1 384646 26697 2.0 21 11 2 3 51% 10171 712 28%
c u 11.45  0 17 51 17677  1 384646 26550 2.0 21 11 2 3 51% 10171 712 28%
c 
c  seconds  reductions    conflicts         size   tier2      variables
c         MB      restarts       redundant     glue   trail       remaining
c          level        rate          size/glue  tier1  irredundant
c 
c v 11.45  0 17 51 17677  1 384646 26455 2.0 21 11 2 3 51% 10171 712 28%
c w 11.45  0 17 51 17677  1 384646 26455 2.0 21 11 2 3 51% 10171 712 28%
c - 11.96  0 17 52 17683  1 400150 26635 2.0 22 11 2 3 51% 10171 712 28%
c p 11.96  0 17 52 17683  1 400150 26637 2.0 22 11 2 3 51% 10171 712 28%
c u 11.97  0 17 52 17683  1 400150 26519 2.0 22 11 2 3 51% 10171 712 28%
c v 11.97  0 17 52 17683  1 400150 26478 2.0 22 11 2 3 51% 10171 712 28%
c w 11.97  0 17 52 17683  1 400150 26478 2.0 22 11 2 3 51% 10171 712 28%
c x 11.97  0 17 52 17683  1 400150 26469 2.0 22 11 2 3 51% 10142 712 28%
c f 11.98  0 17 52 17683  1 400150 26469 2.0 22 11 2 3 51% 10125 713 28%
c e 12.07  0 17 52 17684  1 403000 28841 2.0 22 11 2 3 51% 10136 711 28%
c s 12.07  0 17 52 17684  1 403000 28841 2.0 22 11 2 3 51% 10044 711 28%
c e 12.07  0 17 52 17684  1 403000 28795 2.0 22 11 2 3 51% 10084 708 28%
c ] 12.10  0 17 52 17684  1 404005 29624 2.0 22 11 2 3 51% 10084 708 28%
c { 12.10  0 20 52 17684  3 404005 29624 2.1 19 9 2 3 45% 10084 708 28%
c B 12.15  0 20 52 17769  3 406047 31290 2.1 19 9 2 3 45% 10084 708 28%
c - 12.46  0 20 53 18370  3 415964 27410 2.1 19 9 2 3 45% 10084 708 28%
c p 12.47  0 20 53 18370  3 415964 27412 2.1 19 9 2 3 45% 10084 708 28%
c u 12.48  0 20 53 18370  3 415964 27241 2.1 19 9 2 3 45% 10084 708 28%
c v 12.48  0 20 53 18370  3 415964 27200 2.1 19 9 2 3 45% 10084 708 28%
c f 12.48  0 20 53 18370  3 415964 27200 2.1 19 9 2 3 45% 10033 710 28%
c 
c  seconds  reductions    conflicts         size  tier2      variables
c         MB      restarts       redundant     glue  trail       remaining
c          level        rate          size/glue tier1  irredundant
c 
c - 12.99  0 19 54 19612  3 432087 28633 2.1 19 9 2 3 45% 10033 710 28%
c p 12.99  0 19 54 19612  3 432087 28635 2.1 19 9 2 3 45% 10033 710 28%
c u 13.00  0 19 54 19612  3 432087 28418 2.1 19 9 2 3 45% 10033 710 28%
c v 13.01  0 19 54 19612  3 432087 28361 2.1 19 9 2 3 45% 10033 710 28%
c } 13.10  0 19 54 19929  3 434805 30866 2.1 19 9 2 3 45% 10033 710 28%
c [ 13.10  0 17 54 19929  1 434805 30866 2.0 22 11 2 3 51% 10033 710 28%
c I 13.11  0 17 54 19929  1 435048 31060 2.0 22 11 2 3 51% 10033 710 28%
c - 13.58  0 16 55 19937  1 448523 29056 2.0 22 11 2 3 51% 10033 710 28%
c p 13.58  0 16 55 19937  1 448523 29059 2.0 22 11 2 3 51% 10033 710 28%
c u 13.59  0 16 55 19937  1 448523 28920 2.0 22 11 2 3 51% 10033 710 28%
c v 13.60  0 16 55 19937  1 448523 28873 2.0 22 11 2 3 51% 10033 710 28%
c x 13.60  0 16 55 19937  1 448523 28869 2.0 22 11 2 3 51% 10020 710 28%
c ] 14.11  0 16 55 19943  1 463477 39190 2.0 21 11 2 3 50% 10020 710 28%
c { 14.11  0 19 55 19943  3 463477 39190 2.1 19 9 2 3 45% 10020 710 28%
c W 14.35  0 19 55 20220  3 465049 40659 2.1 19 9 2 3 45% 10020 710 28%
c - 14.37  0 19 56 20248  3 465265 28547 2.1 19 9 2 3 45% 10020 710 28%
c p 14.37  0 19 56 20248  3 465265 28549 2.1 19 9 2 3 45% 10020 710 28%
c u 14.38  0 19 56 20248  3 465265 28317 2.1 19 9 2 3 45% 10020 710 28%
c v 14.39  0 19 56 20248  3 465265 28247 2.1 19 9 2 3 45% 10020 710 28%
c w 14.39  0 19 56 20248  3 465265 28247 2.1 19 9 2 3 45% 10020 710 28%
c 
c  seconds  reductions    conflicts         size  tier2      variables
c         MB      restarts       redundant     glue  trail       remaining
c          level        rate          size/glue tier1  irredundant
c 
c - 14.98  0 19 57 21895  3 482317 30339 2.1 19 9 2 3 45% 10020 710 28%
c p 14.99  0 19 57 21895  3 482317 30342 2.1 19 9 2 3 45% 10020 710 28%
c u 14.99  0 19 57 21895  3 482317 30199 2.1 19 9 2 3 45% 10020 710 28%
c v 15.00  0 19 57 21895  3 482317 30142 2.1 19 9 2 3 45% 10020 710 28%
c w 15.00  0 19 57 21895  3 482317 30141 2.1 19 9 2 3 45% 10020 710 28%
c x 15.00  0 19 57 21895  3 482317 30132 2.1 19 9 2 3 45% 10018 710 28%
c e 15.14  0 18 57 21990  3 487308 33762 2.1 19 9 2 3 45% 10033 709 28%
c s 15.14  0 18 57 21990  3 487308 33736 2.1 19 9 2 3 45% 9966 709 28%
c } 15.39  0 18 57 22726  3 493843 39495 2.1 19 9 2 3 45% 9966 709 28%
c [ 15.39  0 16 57 22726  1 493843 39495 2.0 21 11 2 3 50% 9966 709 28%
c B 15.46  0 16 57 22727  1 496055 41326 2.0 21 11 2 3 50% 9966 709 28%
c - 15.59  0 16 58 22728  1 499679 31110 2.0 21 11 2 3 50% 9966 709 28%
c p 15.59  0 16 58 22728  1 499679 31114 2.0 21 11 2 3 50% 9966 709 28%
c u 15.61  0 16 58 22728  1 499679 30880 2.0 21 11 2 3 50% 9966 709 28%
c v 15.62  0 16 58 22728  1 499679 30836 2.0 21 11 2 3 50% 9966 709 28%
c x 15.62  0 16 58 22728  1 499679 30832 2.0 21 11 2 3 50% 9966 709 28%
c - 16.23  0 16 59 22735  1 517351 30615 2.0 21 11 2 3 50% 9966 709 28%
c p 16.23  0 16 59 22735  1 517351 30619 2.0 21 11 2 3 50% 9966 709 28%
c u 16.24  0 16 59 22735  1 517351 30319 2.0 21 11 2 3 50% 9966 709 28%
c v 16.25  0 16 59 22735  1 517351 30242 2.0 21 11 2 3 50% 9966 709 28%
c 
c  seconds  reductions    conflicts         size   tier2     variables
c         MB      restarts       redundant     glue   trail      remaining
c          level        rate          size/glue  tier1 irredundant
c 
c ] 16.57  0 16 59 22736  1 527061 37621 1.9 21 11 2 3 50% 9966 709 28%
c { 16.57  0 18 59 22736  3 527061 37621 2.1 19 9 2 3 45% 9966 709 28%
c F 16.60  0 18 59 22747  3 528056 38478 2.1 19 9 2 3 45% 9966 709 28%
c - 16.88  0 18 60 23345  3 535333 31070 2.1 19 9 2 3 45% 9966 709 28%
c p 16.88  0 18 60 23345  3 535333 31074 2.1 19 9 2 3 45% 9966 709 28%
c u 16.89  0 18 60 23345  3 535333 30911 2.1 19 9 2 3 45% 9966 709 28%
c v 16.89  0 18 60 23345  3 535333 30848 2.1 19 9 2 3 45% 9966 709 28%
c x 16.90  0 18 60 23345  3 535333 30845 2.1 19 9 2 3 45% 9965 709 28%
c - 17.50  0 17 61 24402  3 553626 32159 2.1 18 9 2 3 45% 9965 709 28%
c p 17.50  0 17 61 24402  3 553626 32163 2.1 18 9 2 3 45% 9965 709 28%
c u 17.52  0 17 61 24402  3 553626 31931 2.1 18 9 2 3 45% 9965 709 28%
c v 17.52  0 17 61 24402  3 553626 31855 2.1 18 9 2 3 45% 9965 709 28%
c w 17.52  0 17 61 24402  3 553626 31855 2.1 18 9 2 3 45% 9965 709 28%
c B 17.79  0 17 61 25093  3 561058 38357 2.1 19 9 2 3 45% 9965 709 28%
c } 17.80  0 17 61 25130  3 561467 38733 2.1 19 9 2 3 45% 9965 709 28%
c [ 17.80  0 16 61 25130  1 561467 38733 1.9 21 11 2 3 50% 9965 709 28%
c - 18.19  0 16 62 25132  1 572228 33514 2.0 21 11 2 3 50% 9965 709 28%
c p 18.19  0 16 62 25132  1 572228 33518 2.0 21 11 2 3 50% 9965 709 28%
c u 18.20  0 16 62 25132  1 572228 33274 2.0 21 11 2 3 50% 9965 709 28%
c v 18.21  0 16 62 25132  1 572228 33215 2.0 21 11 2 3 50% 9965 709 28%
c 
c  seconds  reductions    conflicts         size   tier2     variables
c         MB      restarts       redundant     glue   trail      remaining
c          level        rate          size/glue  tier1 irredundant
c 
c w 18.21  0 16 62 25132  1 572228 33215 2.0 21 11 2 3 50% 9965 709 28%
c e 18.46  0 16 62 25137  1 578825 38251 2.0 21 11 2 3 50% 9964 708 28%
c s 18.46  0 16 62 25137  1 578825 37272 2.0 21 11 2 3 50% 9939 708 28%
c - 18.95  0 15 63 25143  1 591140 32615 2.0 21 11 2 3 50% 9939 708 28%
c p 18.95  0 15 63 25143  1 591140 32619 2.0 21 11 2 3 50% 9939 708 28%
c u 18.96  0 15 63 25143  1 591140 32433 2.0 21 11 2 3 50% 9939 708 28%
c v 18.96  0 15 63 25143  1 591140 32376 2.0 21 11 2 3 50% 9939 708 28%
c w 18.96  0 15 63 25143  1 591140 32376 2.0 21 11 2 3 50% 9939 708 28%
c x 18.97  0 15 63 25143  1 591140 32370 2.0 21 11 2 3 50% 9929 708 28%
c ] 19.07  0 16 63 25144  1 594474 35141 2.0 21 11 2 3 50% 9929 708 28%
c { 19.07  0 17 63 25144  3 594474 35141 2.1 19 9 2 3 45% 9929 708 28%
c W 19.37  0 17 63 25251  3 595059 35683 2.1 19 9 2 3 45% 9929 708 28%
c - 19.98  0 17 64 26637  3 610361 34057 2.1 19 9 2 3 45% 9929 708 28%
c p 19.98  0 17 64 26637  3 610361 34060 2.1 19 9 2 3 45% 9929 708 28%
c u 19.99  0 17 64 26637  3 610361 33817 2.1 19 9 2 3 45% 9929 708 28%
c v 20.00  0 17 64 26637  3 610361 33740 2.1 19 9 2 3 45% 9929 708 28%
c w 20.00  0 17 64 26637  3 610361 33740 2.1 19 9 2 3 45% 9929 708 28%
c } 20.65  0 17 64 28063  3 627598 48534 2.0 19 9 2 3 45% 9929 708 28%
c [ 20.65  0 16 64 28063  1 627598 48534 2.0 21 11 2 3 50% 9929 708 28%
c - 20.74  0 15 65 28064  1 629892 35220 2.0 21 11 2 3 50% 9929 708 28%
c 
c  seconds  reductions    conflicts         size   tier2     variables
c         MB      restarts       redundant     glue   trail      remaining
c          level        rate          size/glue  tier1 irredundant
c 
c p 20.75  0 15 65 28064  1 629892 35223 2.0 21 11 2 3 50% 9929 708 28%
c u 20.76  0 15 65 28064  1 629892 34965 2.0 21 11 2 3 50% 9929 708 28%
c v 20.77  0 15 65 28064  1 629892 34896 2.0 21 11 2 3 50% 9929 708 28%
c w 20.77  0 15 65 28064  1 629892 34896 2.0 21 11 2 3 50% 9929 708 28%
c W 20.86  0 15 65 28064  1 630062 35057 2.0 21 11 2 3 50% 9929 708 28%
c - 21.56  0 15 66 28072  1 649733 35051 2.0 21 11 2 3 50% 9929 708 28%
c p 21.56  0 15 66 28072  1 649733 35054 2.0 21 11 2 3 50% 9929 708 28%
c u 21.57  0 15 66 28072  1 649733 34773 2.0 21 11 2 3 50% 9929 708 28%
c v 21.58  0 15 66 28072  1 649733 34717 2.0 21 11 2 3 50% 9929 708 28%
c w 21.58  0 15 66 28072  1 649733 34717 2.0 21 11 2 3 50% 9929 708 28%
c ] 22.12  0 16 66 28079  1 665650 47001 1.9 21 11 2 3 50% 9929 708 28%
c { 22.12  0 17 66 28079  3 665650 47001 2.0 19 9 2 3 45% 9929 708 28%
c # 22.14  0 17 66 28180  3 666065 47380 2.0 19 9 2 3 45% 9929 708 28%
c - 22.28  0 17 67 28388  3 669885 34407 2.0 19 9 2 3 45% 9929 708 28%
c p 22.28  0 17 67 28388  3 669885 34411 2.0 19 9 2 3 45% 9929 708 28%
c u 22.29  0 17 67 28388  3 669885 34268 2.0 19 9 2 3 45% 9929 708 28%
c v 22.29  0 17 67 28388  3 669885 34219 2.0 19 9 2 3 45% 9929 708 28%
c w 22.29  0 17 67 28388  3 669885 34219 2.0 19 9 2 3 45% 9929 708 28%
c x 22.30  0 17 67 28388  3 669885 34215 2.0 19 9 2 3 45% 9922 708 28%
c - 23.10  0 16 68 30028  3 690347 36164 2.1 19 9 2 3 45% 9922 708 28%
c 
c  seconds  reductions    conflicts         size  tier2     variables
c         MB      restarts       redundant     glue  trail      remaining
c          level        rate          size/glue tier1 irredundant
c 
c p 23.10  0 16 68 30028  3 690347 36167 2.1 19 9 2 3 45% 9922 708 28%
c u 23.11  0 16 68 30028  3 690347 35885 2.1 19 9 2 3 45% 9922 708 28%
c v 23.12  0 16 68 30028  3 690347 35831 2.1 19 9 2 3 45% 9922 708 28%
c w 23.12  0 16 68 30028  3 690347 35831 2.1 19 9 2 3 45% 9922 708 28%
c } 23.59  0 16 68 31026  3 702660 46552 2.1 19 9 2 3 45% 9922 708 28%
c [ 23.59  0 16 68 31026  1 702660 46552 1.9 21 11 2 3 50% 9922 708 28%
c O 23.60  0 16 68 31026  1 703068 46867 1.9 21 11 2 3 50% 9922 708 28%
c - 23.93  0 16 69 31027  1 711120 37723 2.0 22 11 2 3 50% 9922 708 28%
c p 23.93  0 16 69 31027  1 711120 37726 2.0 22 11 2 3 50% 9922 708 28%
c u 24.01  0 16 69 31027  1 711120 37469 2.0 22 11 2 3 50% 9922 708 28%
c v 24.01  0 16 69 31027  1 711120 37408 2.0 22 11 2 3 50% 9922 708 28%
c w 24.01  0 16 69 31027  1 711120 37408 2.0 22 11 2 3 50% 9922 708 28%
c - 24.85  0 15 70 31028  1 732202 38110 2.0 22 11 2 3 50% 9922 708 28%
c p 24.86  0 15 70 31028  1 732202 38113 2.0 22 11 2 3 50% 9922 708 28%
c u 24.87  0 15 70 31028  1 732202 37833 2.0 22 11 2 3 50% 9922 708 28%
c v 24.88  0 15 70 31028  1 732202 37777 2.0 22 11 2 3 50% 9922 708 28%
c ] 25.16  0 15 70 31028  1 740208 43666 2.0 22 11 2 3 50% 9922 708 28%
c { 25.16  0 16 70 31028  3 740208 43666 2.1 19 9 2 3 45% 9922 708 28%
c B 25.20  0 16 70 31217  3 741069 44444 2.1 19 9 2 3 45% 9922 708 28%
c - 25.74  0 16 71 32145  3 753594 38214 2.1 19 9 2 3 45% 9922 708 28%
c 
c  seconds  reductions    conflicts         size  tier2     variables
c         MB      restarts       redundant     glue  trail      remaining
c          level        rate          size/glue tier1 irredundant
c 
c p 25.75  0 16 71 32145  3 753594 38217 2.1 19 9 2 3 45% 9922 708 28%
c u 25.76  0 16 71 32145  3 753594 38021 2.1 19 9 2 3 45% 9922 708 28%
c v 25.77  0 16 71 32145  3 753594 37926 2.1 19 9 2 3 45% 9922 708 28%
c - 26.69  0 16 72 34291  3 775296 39789 2.0 19 9 2 3 45% 9922 708 28%
c p 26.70  0 16 72 34291  3 775296 39792 2.0 19 9 2 3 45% 9922 708 28%
c u 26.71  0 16 72 34291  3 775296 39607 2.0 19 9 2 3 45% 9922 708 28%
c v 26.71  0 16 72 34291  3 775296 39565 2.0 19 9 2 3 45% 9922 708 28%
c w 26.71  0 16 72 34291  3 775296 39561 2.0 19 9 2 3 45% 9922 708 28%
c x 26.72  0 16 72 34291  3 775296 39559 2.0 19 9 2 3 45% 9922 708 28%
c } 26.75  0 16 72 34305  3 775995 40112 2.0 19 9 2 3 45% 9922 708 28%
c [ 26.75  0 15 72 34305  1 775995 40112 2.0 22 11 2 3 50% 9922 708 28%
c B 26.90  0 15 72 34305  1 780071 43052 2.0 22 11 2 3 50% 9922 708 28%
c - 27.59  0 14 73 34306  1 797308 39300 2.0 21 10 2 3 49% 9922 708 28%
c p 27.60  0 14 73 34306  1 797308 39303 2.0 21 10 2 3 49% 9922 708 28%
c u 27.61  0 14 73 34306  1 797308 39078 2.0 21 10 2 3 49% 9922 708 28%
c v 27.62  0 14 73 34306  1 797308 39020 2.0 21 10 2 3 49% 9922 708 28%
c w 27.62  0 14 73 34306  1 797308 39020 2.0 21 10 2 3 49% 9922 708 28%
c i 27.87  0 14 73 34306  1 803816 43149 2.0 21 10 2 3 49% 9922 707 28%
c ] 28.34  0 14 73 34306  1 816018 52538 2.0 21 10 2 3 49% 9922 707 28%
c { 28.34  0 16 73 34306  3 816018 52538 2.0 19 9 2 3 45% 9922 707 28%
c 
c  seconds  reductions    conflicts         size  tier2     variables
c         MB      restarts       redundant     glue  trail      remaining
c          level        rate          size/glue tier1 irredundant
c 
c - 28.51  0 16 74 34627  3 819632 36179 2.0 19 9 2 3 45% 9766 707 28%
c 2 28.51  0 16 74 34627  3 819632 36177 2.0 19 9 2 3 45% 9766 707 28%
c p 28.51  0 16 74 34627  3 819632 36181 2.0 19 9 2 3 45% 9766 707 28%
c u 28.53  0 16 74 34627  3 819632 35954 2.0 19 9 2 3 45% 9766 707 28%
c v 28.54  0 16 74 34627  3 819632 35875 2.0 19 9 2 3 45% 9766 707 28%
c W 29.00  0 16 74 34627  3 820075 36221 2.0 19 9 2 3 45% 9766 707 28%
c - 29.87  0 16 75 36163  3 842265 38872 2.1 19 9 2 3 45% 9766 707 28%
c p 29.88  0 16 75 36163  3 842265 38877 2.1 19 9 2 3 45% 9766 707 28%
c u 29.89  0 16 75 36163  3 842265 38681 2.1 19 9 2 3 45% 9766 707 28%
c v 29.90  0 16 75 36163  3 842265 38579 2.1 19 9 2 3 45% 9766 707 28%
c } 30.53  0 16 75 37444  2 857674 51731 2.0 19 9 2 3 45% 9766 707 28%
c [ 30.53  0 14 75 37444  1 857674 51731 2.0 21 10 2 3 49% 9766 707 28%
c W 30.76  0 14 75 37444  1 861077 54512 2.0 21 10 2 3 49% 9766 707 28%
c - 30.92  0 15 76 37444  1 865208 40454 2.0 21 10 2 3 49% 9766 707 28%
c p 30.92  0 15 76 37444  1 865208 40459 2.0 21 10 2 3 49% 9766 707 28%
c u 30.94  0 15 76 37444  1 865208 40196 2.0 21 10 2 3 49% 9766 707 28%
c v 30.95  0 15 76 37444  1 865208 40128 2.0 21 10 2 3 49% 9766 707 28%
c w 30.95  0 15 76 37444  1 865208 40128 2.0 21 10 2 3 49% 9766 707 28%
c t 30.95  0 15 76 37444  1 865208 40127 2.0 21 10 2 3 49% 9765 707 28%
c - 31.87  0 15 77 37444  1 888462 40591 2.0 21 11 2 3 49% 9765 707 28%
c 
c  seconds  reductions    conflicts         size   tier2     variables
c         MB      restarts       redundant     glue   trail      remaining
c          level        rate          size/glue  tier1 irredundant
c 
c p 31.87  0 15 77 37444  1 888462 40596 2.0 21 11 2 3 49% 9765 707 28%
c u 31.89  0 15 77 37444  1 888462 40325 2.0 21 11 2 3 49% 9765 707 28%
c v 31.90  0 15 77 37444  1 888462 40248 2.0 21 11 2 3 49% 9765 707 28%
c w 31.90  0 15 77 37444  1 888462 40248 2.0 21 11 2 3 49% 9765 707 28%
c e 32.30  0 15 77 37444  1 898835 48812 2.0 21 11 2 3 49% 9775 706 28%
c s 32.30  0 15 77 37444  1 898835 48812 2.0 21 11 2 3 49% 9775 706 28%
c ] 32.45  0 15 77 37446  1 902314 51606 2.0 22 11 2 3 49% 9775 706 28%
c { 32.45  0 16 77 37446  2 902314 51606 2.0 19 9 2 3 45% 9775 706 28%
c F 32.48  0 16 77 37546  2 903080 52219 2.0 19 9 2 3 45% 9775 706 28%
c - 32.91  0 16 78 38358  2 912026 40924 2.0 19 9 2 3 45% 9775 706 28%
c p 32.91  0 16 78 38358  2 912026 40929 2.0 19 9 2 3 45% 9775 706 28%
c u 32.92  0 16 78 38358  2 912026 40774 2.0 19 9 2 3 45% 9775 706 28%
c v 32.93  0 16 78 38358  2 912026 40727 2.0 19 9 2 3 45% 9775 706 28%
c w 32.93  0 16 78 38358  2 912026 40727 2.0 19 9 2 3 45% 9775 706 28%
c x 32.94  0 16 78 38358  2 912026 40723 2.0 19 9 2 3 45% 9773 706 28%
c - 33.96  0 16 79 40118  2 935902 43054 2.1 19 9 2 3 45% 9773 706 28%
c p 33.96  0 16 79 40118  2 935902 43060 2.1 19 9 2 3 45% 9773 706 28%
c u 33.98  0 16 79 40118  2 935902 42810 2.1 19 9 2 3 45% 9773 706 28%
c v 33.99  0 16 79 40118  2 935902 42754 2.1 19 9 2 3 45% 9773 706 28%
c w 33.99  0 16 79 40118  2 935902 42754 2.1 19 9 2 3 45% 9773 706 28%
c 
c  seconds  reductions    conflicts         size  tier2     variables
c         MB      restarts       redundant     glue  trail      remaining
c          level        rate          size/glue tier1 irredundant
c 
c t 33.99  0 16 79 40118  2 935902 42753 2.1 19 9 2 3 45% 9773 706 28%
c } 34.31  0 16 79 40727  2 943909 49625 2.1 19 9 2 3 45% 9773 706 28%
c [ 34.31  0 15 79 40727  1 943909 49625 2.0 22 11 2 3 49% 9773 706 28%
c I 34.39  0 15 79 40728  1 946083 51268 2.0 21 11 2 3 49% 9773 706 28%
c - 34.99  0 16 80 40737  1 960088 43834 2.0 22 11 2 3 48% 9773 706 28%
c p 34.99  0 16 80 40737  1 960088 43839 2.0 22 11 2 3 48% 9773 706 28%
c u 35.01  0 16 80 40737  1 960088 43568 2.0 22 11 2 3 48% 9773 706 28%
c v 35.02  0 16 80 40737  1 960088 43510 2.0 22 11 2 3 48% 9773 706 28%
c w 35.02  0 16 80 40737  1 960088 43510 2.0 22 11 2 3 48% 9773 706 28%
c - 35.98  0 16 81 40747  1 984584 42755 1.9 22 11 2 3 48% 9773 706 28%
c p 35.98  0 16 81 40747  1 984584 42760 1.9 22 11 2 3 48% 9773 706 28%
c u 36.06  0 16 81 40747  1 984584 42555 1.9 22 11 2 3 48% 9773 706 28%
c v 36.07  0 16 81 40747  1 984584 42506 1.9 22 11 2 3 48% 9773 706 28%
c w 36.07  0 16 81 40747  1 984584 42506 1.9 22 11 2 3 48% 9773 706 28%
c ] 36.26  0 16 81 40749  1 989640 46512 1.9 22 11 2 3 48% 9773 706 28%
c { 36.26  0 16 81 40749  2 989640 46512 2.1 19 9 2 3 45% 9773 706 28%
c B 36.29  0 16 81 40855  2 990085 46921 2.1 19 9 2 3 45% 9773 706 28%
c - 37.17  0 16 82 42274  2 1009390 44368 2.1 19 9 2 3 45% 9773 706 28%
c p 37.17  0 16 82 42274  2 1009390 44373 2.1 19 9 2 3 45% 9773 706 28%
c u 37.19  0 16 82 42274  2 1009390 44170 2.1 19 9 2 3 45% 9773 706 28%
c 
c  seconds  reductions     conflicts         size  tier2     variables
c         MB      restarts        redundant     glue  trail      remaining
c          level        rate           size/glue tier1 irredundant
c 
c v 37.20  0 16 82 42274  2 1009390 44121 2.1 19 9 2 3 45% 9773 706 28%
c w 37.20  0 16 82 42274  2 1009390 44121 2.1 19 9 2 3 45% 9773 706 28%
c } 38.26  0 16 82 44873  3 1030892 62531 2.0 19 9 2 3 45% 9773 706 28%
c [ 38.26  0 16 82 44873  1 1030892 62531 1.9 22 11 2 3 48% 9773 706 28%
c - 38.41  0 16 83 44876  1 1034509 45864 1.9 22 11 2 3 48% 9773 706 28%
c p 38.41  0 16 83 44876  1 1034509 45869 1.9 22 11 2 3 48% 9773 706 28%
c u 38.43  0 16 83 44876  1 1034509 45500 1.9 22 11 2 3 48% 9773 706 28%
c v 38.44  0 16 83 44876  1 1034509 45432 1.9 22 11 2 3 48% 9773 706 28%
c w 38.44  0 16 83 44876  1 1034509 45432 1.9 22 11 2 3 48% 9773 706 28%
c B 38.47  0 16 83 44876  1 1035086 45813 1.9 22 11 2 3 48% 9773 706 28%
c - 39.55  0 16 84 44880  1 1059937 45705 1.9 22 11 2 3 48% 9773 706 28%
c p 39.56  0 16 84 44880  1 1059937 45710 1.9 22 11 2 3 48% 9773 706 28%
c u 39.57  0 16 84 44880  1 1059937 45385 1.9 22 11 2 3 48% 9773 706 28%
c v 39.58  0 16 84 44880  1 1059937 45330 1.9 22 11 2 3 48% 9773 706 28%
c w 39.58  0 16 84 44880  1 1059937 45330 1.9 22 11 2 3 48% 9773 706 28%
c t 39.58  0 16 84 44880  1 1059937 45329 1.9 22 11 2 3 48% 9773 706 28%
c ] 40.30  0 15 84 44887  1 1076979 58310 1.9 21 11 2 3 48% 9773 706 28%
c { 40.30  0 16 84 44887  3 1076979 58310 2.0 19 9 2 3 45% 9773 706 28%
c W 41.09  0 16 84 45175  2 1081087 61646 2.0 19 9 2 3 45% 9773 706 28%
c - 41.33  0 16 85 45612  2 1085675 45533 2.0 19 9 2 3 45% 9773 706 28%
c 
c  seconds  reductions     conflicts         size  tier2     variables
c         MB      restarts        redundant     glue  trail      remaining
c          level        rate           size/glue tier1 irredundant
c 
c p 41.33  0 16 85 45612  2 1085675 45538 2.0 19 9 2 3 45% 9773 706 28%
c u 41.34  0 16 85 45612  2 1085675 45378 2.0 19 9 2 3 45% 9773 706 28%
c v 41.35  0 16 85 45612  2 1085675 45330 2.0 19 9 2 3 45% 9773 706 28%
c w 41.35  0 16 85 45612  2 1085675 45330 2.0 19 9 2 3 45% 9773 706 28%
c x 41.36  0 16 85 45612  2 1085675 45325 2.0 19 9 2 3 45% 9767 706 28%
c t 41.36  0 16 85 45612  2 1085675 45324 2.0 19 9 2 3 45% 9764 706 28%
c - 42.52  0 15 86 47064  2 1111723 47406 2.0 19 9 2 3 45% 9764 706 28%
c p 42.52  0 15 86 47064  2 1111723 47410 2.0 19 9 2 3 45% 9764 706 28%
c u 42.54  0 15 86 47064  2 1111723 47221 2.0 19 9 2 3 45% 9764 706 28%
c v 42.55  0 15 86 47064  2 1111723 47142 2.0 19 9 2 3 45% 9764 706 28%
c } 43.09  0 15 86 48099  2 1123579 57036 2.0 19 9 2 3 45% 9764 706 28%
c [ 43.09  0 15 86 48099  1 1123579 57036 1.9 21 11 2 3 48% 9764 706 28%
c W 43.41  0 15 86 48102  1 1128088 60322 1.9 21 11 2 3 48% 9764 706 28%
c - 43.86  0 15 87 48107  1 1138084 48525 1.9 21 11 2 3 48% 9764 706 28%
c p 43.86  0 15 87 48107  1 1138084 48530 1.9 21 11 2 3 48% 9764 706 28%
c u 43.88  0 15 87 48107  1 1138084 48330 1.9 21 11 2 3 48% 9764 706 28%
c v 43.89  0 15 87 48107  1 1138084 48224 1.9 21 11 2 3 48% 9764 706 28%
c w 43.89  0 15 87 48107  1 1138084 48224 1.9 21 11 2 3 48% 9764 706 28%
c - 45.04  0 15 88 48119  1 1164754 47630 1.9 21 11 2 3 48% 9764 706 28%
c p 45.04  0 15 88 48119  1 1164754 47635 1.9 21 11 2 3 48% 9764 706 28%
c 
c  seconds  reductions     conflicts         size   tier2     variables
c         MB      restarts        redundant     glue   trail      remaining
c          level        rate           size/glue  tier1 irredundant
c 
c u 45.06  0 15 88 48119  1 1164754 47350 1.9 21 11 2 3 48% 9764 706 28%
c v 45.07  0 15 88 48119  1 1164754 47186 1.9 21 11 2 3 48% 9764 706 28%
c w 45.07  0 15 88 48119  1 1164754 47186 1.9 21 11 2 3 48% 9764 706 28%
c ] 45.40  0 15 88 48122  1 1172579 53172 1.9 21 11 2 3 48% 9764 706 28%
c { 45.40  0 15 88 48122  2 1172579 53172 2.0 19 9 2 3 45% 9764 706 28%
c # 45.58  0 15 88 48547  2 1176089 55985 2.0 19 9 2 3 45% 9764 706 28%
c - 46.38  0 15 89 50031  2 1191734 48374 2.0 19 9 2 3 45% 9764 706 28%
c p 46.39  0 15 89 50031  2 1191734 48379 2.0 19 9 2 3 45% 9764 706 28%
c u 46.41  0 15 89 50031  2 1191734 48076 2.0 19 9 2 3 45% 9764 706 28%
c v 46.42  0 15 89 50031  2 1191734 48002 2.0 19 9 2 3 45% 9764 706 28%
c w 46.42  0 15 89 50031  2 1191734 48001 2.0 19 9 2 3 45% 9764 706 28%
c - 47.70  0 15 90 51720  2 1219025 50132 2.0 19 9 2 3 45% 9764 706 28%
c p 47.70  0 15 90 51720  2 1219025 50137 2.0 19 9 2 3 45% 9764 706 28%
c u 47.72  0 15 90 51720  2 1219025 49807 2.0 19 9 2 3 45% 9764 706 28%
c v 47.73  0 15 90 51720  2 1219025 49723 2.0 19 9 2 3 45% 9764 706 28%
c w 47.73  0 15 90 51720  2 1219025 49723 2.0 19 9 2 3 45% 9764 706 28%
c } 47.75  0 15 90 51729  2 1219295 49930 2.0 19 9 2 3 45% 9764 706 28%
c [ 47.75  0 15 90 51729  1 1219295 49930 1.9 21 11 2 3 48% 9764 706 28%
c O 47.99  0 15 90 51729  1 1225091 53813 1.9 21 11 2 3 48% 9764 706 28%
c - 48.95  0 15 91 51731  1 1246630 49179 1.9 20 11 2 3 48% 9764 706 28%
c 
c  seconds  reductions     conflicts         size   tier2     variables
c         MB      restarts        redundant     glue   trail      remaining
c          level        rate           size/glue  tier1 irredundant
c 
c p 48.95  0 15 91 51731  1 1246630 49184 1.9 20 11 2 3 48% 9764 706 28%
c u 48.97  0 15 91 51731  1 1246630 48969 1.9 20 11 2 3 48% 9764 706 28%
c v 48.98  0 15 91 51731  1 1246630 48885 1.9 20 11 2 3 48% 9764 706 28%
c ] 50.03  0 14 91 51731  1 1270703 66164 1.9 20 11 2 3 49% 9764 706 28%
c { 50.03  0 15 91 51731  2 1270703 66164 2.0 19 9 2 3 45% 9764 706 28%
c - 50.23  0 15 92 51966  2 1274543 48763 2.0 19 9 2 3 45% 9764 706 28%
c p 50.23  0 15 92 51966  2 1274543 48767 2.0 19 9 2 3 45% 9764 706 28%
c u 50.25  0 15 92 51966  2 1274543 48566 2.0 19 9 2 3 45% 9764 706 28%
c v 50.26  0 15 92 51966  2 1274543 48475 2.0 19 9 2 3 45% 9764 706 28%
c w 50.26  0 15 92 51966  2 1274543 48475 2.0 19 9 2 3 45% 9764 706 28%
c B 50.29  0 15 92 52000  2 1275093 48951 2.0 19 9 2 3 45% 9764 706 28%
c - 51.50  0 14 93 53234  2 1302767 50560 2.0 18 9 2 3 46% 9764 706 28%
c p 51.50  0 14 93 53234  2 1302767 50566 2.0 18 9 2 3 46% 9764 706 28%
c u 51.52  0 14 93 53234  2 1302767 50419 2.0 18 9 2 3 46% 9764 706 28%
c v 51.52  0 14 93 53234  2 1302767 50388 2.0 18 9 2 3 46% 9764 706 28%
c w 51.52  0 14 93 53234  2 1302767 50388 2.0 18 9 2 3 46% 9764 706 28%
c x 51.53  0 14 93 53234  2 1302767 50383 2.0 18 9 2 3 46% 9745 706 28%
c } 52.54  0 14 93 54116  2 1325084 66986 2.0 18 9 1 2 46% 9745 706 28%
c [ 52.54  0 14 93 54116  1 1325084 66986 1.9 20 11 2 3 49% 9745 706 28%
c B 52.59  0 14 93 54116  1 1326096 67807 1.9 20 11 2 3 49% 9745 706 28%
c 
c  seconds  reductions     conflicts         size   tier2     variables
c         MB      restarts        redundant     glue   trail      remaining
c          level        rate           size/glue  tier1 irredundant
c 
c - 52.86  0 14 94 54117  1 1331301 44026 1.9 20 11 2 3 49% 9745 706 28%
c p 52.86  0 14 94 54117  1 1331301 44030 1.9 20 11 2 3 49% 9745 706 28%
c u 52.97  0 14 94 54117  1 1331301 43807 1.9 20 11 2 3 49% 9745 706 28%
c v 52.98  0 14 94 54117  1 1331301 43665 1.9 20 11 2 3 49% 9745 706 28%
c w 52.98  0 14 94 54117  1 1331301 43665 1.9 20 11 2 3 49% 9745 706 28%
c - 54.24  0 15 95 54131  1 1360147 42001 1.9 21 11 2 3 49% 9745 706 28%
c p 54.24  0 15 95 54131  1 1360147 42005 1.9 21 11 2 3 49% 9745 706 28%
c u 54.26  0 15 95 54131  1 1360147 41812 1.9 21 11 2 3 49% 9745 706 28%
c v 54.27  0 15 95 54131  1 1360147 41551 1.9 21 11 2 3 49% 9745 706 28%
c w 54.27  0 15 95 54131  1 1360147 41551 1.9 21 11 2 3 49% 9745 706 28%
c W 55.79  0 15 95 54141  1 1378099 56743 2.0 22 11 2 3 50% 9745 706 28%
c ] 55.92  0 15 95 54142  1 1380972 59155 2.0 22 11 2 3 50% 9745 706 28%
c { 55.92  0 14 95 54142  2 1380972 59155 2.0 18 9 1 2 46% 9745 706 28%
c - 56.32  0 14 96 54609  2 1389303 41688 2.0 18 9 1 2 46% 9745 706 28%
c p 56.32  0 14 96 54609  2 1389303 41691 2.0 18 9 1 2 46% 9745 706 28%
c u 56.34  0 14 96 54609  2 1389303 41433 2.0 18 9 1 2 46% 9745 706 28%
c v 56.35  0 14 96 54609  2 1389303 41084 2.0 18 9 1 2 46% 9745 706 28%
c w 56.35  0 14 96 54609  2 1389303 41084 2.0 18 9 1 2 46% 9745 706 28%
c - 57.61  0 14 97 56780  2 1418771 42929 2.0 18 9 1 2 46% 9745 706 28%
c p 57.62  0 14 97 56780  2 1418771 42932 2.0 18 9 1 2 46% 9745 706 28%
c 
c  seconds  reductions     conflicts         size  tier2     variables
c         MB      restarts        redundant     glue  trail      remaining
c          level        rate           size/glue tier1 irredundant
c 
c u 57.64  0 14 97 56780  2 1418771 42658 2.0 18 9 1 2 46% 9745 706 28%
c v 57.64  0 14 97 56780  2 1418771 42483 2.0 18 9 1 2 46% 9745 706 28%
c w 57.64  0 14 97 56780  2 1418771 42483 2.0 18 9 1 2 46% 9745 706 28%
c t 58.13  0 14 97 57882  2 1429497 51137 2.0 18 9 1 2 46% 9745 706 28%
c e 58.14  0 14 97 57882  2 1429497 48819 2.0 18 9 1 2 46% 9762 703 27%
c s 58.16  0 14 97 57882  2 1429497 48136 2.0 18 9 1 2 46% 9720 703 27%
c W 58.38  0 14 97 57989  2 1431100 49620 2.0 18 9 1 2 46% 9720 703 27%
c } 58.80  0 14 97 59000  2 1439444 56482 2.0 18 9 1 2 46% 9720 703 27%
c [ 58.80  0 15 97 59000  1 1439444 56482 2.0 22 11 2 3 50% 9720 703 27%
c - 59.19  0 14 98 59004  1 1448552 41827 2.0 21 11 2 3 49% 9720 703 27%
c p 59.19  0 14 98 59004  1 1448552 41829 2.0 21 11 2 3 49% 9720 703 27%
c u 59.21  0 14 98 59004  1 1448552 41557 2.0 21 11 2 3 49% 9720 703 27%
c v 59.22  0 14 98 59004  1 1448552 41347 2.0 21 11 2 3 49% 9720 703 27%
c w 59.22  0 14 98 59004  1 1448552 41347 2.0 21 11 2 3 49% 9720 703 27%
c t 59.22  0 14 98 59004  1 1448552 41346 2.0 21 11 2 3 49% 9720 703 27%
c - 60.54  0 14 99 59011  1 1478640 41070 2.0 20 10 2 3 49% 9720 703 27%
c p 60.54  0 14 99 59011  1 1478640 41072 2.0 20 10 2 3 49% 9720 703 27%
c u 60.56  0 14 99 59011  1 1478640 40867 2.0 20 10 2 3 49% 9720 703 27%
c v 60.57  0 14 99 59011  1 1478640 40631 2.0 20 10 2 3 49% 9720 703 27%
c w 60.57  0 14 99 59011  1 1478640 40631 2.0 20 10 2 3 49% 9720 703 27%
c 
c  seconds  reductions     conflicts         size   tier2     variables
c         MB      restarts        redundant     glue   trail      remaining
c          level        rate           size/glue  tier1 irredundant
c 
c t 60.57  0 14 99 59011  1 1478640 40629 2.0 20 10 2 3 49% 9720 703 27%
c I 60.83  0 13 99 59013  1 1485102 45356 2.1 20 10 2 3 49% 9720 703 27%
c ] 61.55  0 14 99 59020  1 1502013 59206 2.1 21 10 2 3 49% 9720 703 27%
c { 61.55  0 14 99 59020  2 1502013 59206 2.0 18 9 1 2 46% 9720 703 27%
c - 61.89  0 14 100 59421  2 1509039 41191 2.0 18 9 1 2 46% 9720 703 27%
c p 61.89  0 14 100 59421  2 1509039 41193 2.0 18 9 1 2 46% 9720 703 27%
c u 61.91  0 14 100 59421  2 1509039 40973 2.0 18 9 1 2 46% 9720 703 27%
c v 61.92  0 14 100 59421  2 1509039 40844 2.0 18 9 1 2 46% 9720 703 27%
c w 61.92  0 14 100 59421  2 1509039 40844 2.0 18 9 1 2 46% 9720 703 27%
c - 63.17  0 14 101 60986  2 1539751 41740 2.0 18 9 1 2 45% 9720 703 27%
c p 63.17  0 14 101 60986  2 1539751 41742 2.0 18 9 1 2 45% 9720 703 27%
c u 63.19  0 14 101 60986  2 1539751 41476 2.0 18 9 1 2 45% 9720 703 27%
c v 63.20  0 14 101 60986  2 1539751 41325 2.0 18 9 1 2 45% 9720 703 27%
c F 63.22  0 14 101 60995  2 1540104 41631 2.0 18 9 1 2 45% 9720 703 27%
c } 64.40  0 14 101 63053  2 1566900 62585 2.0 18 9 1 2 45% 9720 703 27%
c [ 64.40  0 14 101 63053  1 1566900 62585 2.1 21 10 2 3 49% 9720 703 27%
c - 64.56  0 14 102 63054  1 1570774 42659 2.1 21 10 2 3 49% 9720 703 27%
c p 64.57  0 14 102 63054  1 1570774 42662 2.1 21 10 2 3 49% 9720 703 27%
c u 64.58  0 14 102 63054  1 1570774 42465 2.1 21 10 2 3 49% 9720 703 27%
c v 64.59  0 14 102 63054  1 1570774 42341 2.1 21 10 2 3 49% 9720 703 27%
c 
c  seconds   reductions     conflicts         size   tier2     variables
c         MB       restarts        redundant     glue   trail      remaining
c          level         rate           size/glue  tier1 irredundant
c 
c w 64.59  0 14 102 63054  1 1570774 42341 2.1 21 10 2 3 49% 9720 703 27%
c x 64.60  0 14 102 63054  1 1570774 42340 2.1 21 10 2 3 49% 9715 703 27%
c B 65.79  0 13 102 63068  1 1596108 61629 2.1 21 10 1 2 49% 9715 703 27%
c - 66.06  0 13 103 63068  1 1602108 42615 2.1 21 10 1 2 49% 9715 703 27%
c p 66.06  0 13 103 63068  1 1602108 42617 2.1 21 10 1 2 49% 9715 703 27%
c u 66.08  0 13 103 63068  1 1602108 42343 2.1 21 10 1 2 49% 9715 703 27%
c v 66.09  0 13 103 63068  1 1602108 42101 2.1 21 10 1 2 49% 9715 703 27%
c t 66.10  0 13 103 63068  1 1602108 42100 2.1 21 10 1 2 49% 9715 703 27%
c ] 67.34  0 13 103 63070  1 1630676 62948 2.1 21 10 1 2 49% 9715 703 27%
c { 67.34  0 14 103 63070  2 1630676 62948 2.0 18 9 1 2 45% 9715 703 27%
c - 67.46  0 13 104 63091  2 1633752 41102 2.0 17 9 1 2 45% 9715 703 27%
c p 67.46  0 13 104 63091  2 1633752 41104 2.0 17 9 1 2 45% 9715 703 27%
c u 67.49  0 13 104 63091  2 1633752 40933 2.0 17 9 1 2 45% 9715 703 27%
c v 67.50  0 13 104 63091  2 1633752 40744 2.0 17 9 1 2 45% 9715 703 27%
c B 68.27  0 13 104 63951  2 1653109 55808 2.0 17 9 1 2 45% 9715 703 27%
c - 68.85  0 13 105 64645  2 1665707 43321 2.0 18 9 1 2 45% 9715 703 27%
c p 68.85  0 13 105 64645  2 1665707 43322 2.0 18 9 1 2 45% 9715 703 27%
c u 68.87  0 13 105 64645  2 1665707 43158 2.0 18 9 1 2 45% 9715 703 27%
c v 68.88  0 13 105 64645  2 1665707 43016 2.0 18 9 1 2 45% 9715 703 27%
c - 70.36  0 13 106 67151  2 1697972 44508 2.0 17 9 1 2 45% 9715 703 27%
c 
c  seconds   reductions     conflicts         size  tier2     variables
c         MB       restarts        redundant     glue  trail      remaining
c          level         rate           size/glue tier1 irredundant
c 
c p 70.36  0 13 106 67151  2 1697972 44509 2.0 17 9 1 2 45% 9715 703 27%
c u 70.39  0 13 106 67151  2 1697972 44232 2.0 17 9 1 2 45% 9715 703 27%
c v 70.40  0 13 106 67151  2 1697972 43942 2.0 17 9 1 2 45% 9715 703 27%
c } 70.45  0 13 106 67231  2 1699198 44863 2.0 17 9 1 2 45% 9715 703 27%
c [ 70.45  0 13 106 67231  1 1699198 44863 2.1 21 10 1 2 49% 9715 703 27%
c W 71.73  0 13 106 67231  1 1711112 53755 2.1 20 10 1 2 49% 9715 703 27%
c - 72.58  0 13 107 67232  1 1730548 43379 2.1 20 10 1 2 49% 9715 703 27%
c p 72.58  0 13 107 67232  1 1730548 43380 2.1 20 10 1 2 49% 9715 703 27%
c u 72.60  0 13 107 67232  1 1730548 43175 2.1 20 10 1 2 49% 9715 703 27%
c v 72.61  0 13 107 67232  1 1730548 43063 2.1 20 10 1 2 49% 9715 703 27%
c w 72.61  0 13 107 67232  1 1730548 43063 2.1 20 10 1 2 49% 9715 703 27%
c x 72.62  0 13 107 67232  1 1730548 43061 2.1 20 10 1 2 49% 9711 703 27%
c s 73.03  0 13 107 67232  1 1740194 49805 2.0 20 10 1 2 49% 9697 703 27%
c e 73.03  0 13 107 67232  1 1740194 49800 2.0 20 10 1 2 49% 9713 702 27%
c - 74.02  0 13 108 67232  1 1763436 40835 2.0 20 10 1 2 48% 9713 702 27%
c 2 74.02  0 13 108 67232  1 1763436 40832 2.0 20 10 1 2 48% 9713 702 27%
c p 74.02  0 13 108 67232  1 1763436 40833 2.0 20 10 1 2 48% 9713 702 27%
c u 74.14  0 13 108 67232  1 1763436 40648 2.0 20 10 1 2 48% 9713 702 27%
c v 74.14  0 13 108 67232  1 1763436 40647 2.0 20 10 1 2 48% 9713 702 27%
c t 74.14  0 13 108 67232  1 1763436 40646 2.0 20 10 1 2 48% 9713 702 27%
c 
c  seconds   reductions     conflicts         size   tier2     variables
c         MB       restarts        redundant     glue   trail      remaining
c          level         rate           size/glue  tier1 irredundant
c 
c ] 74.37  0 13 108 67232  1 1769419 44885 2.0 20 10 1 2 48% 9713 702 27%
c { 74.37  0 13 108 67232  2 1769419 44885 2.0 17 9 1 2 45% 9713 702 27%
c W 74.56  0 13 108 67258  2 1770115 45355 2.0 17 9 1 2 45% 9713 702 27%
c i 74.80  0 13 108 67425  2 1776540 49737 2.0 17 9 1 2 45% 9713 701 27%
c - 75.69  0 13 109 68518  2 1796637 40968 2.0 17 9 1 2 45% 9612 701 27%
c p 75.69  0 13 109 68518  2 1796637 41013 2.0 17 9 1 2 45% 9612 701 27%
c u 75.72  0 13 109 68518  2 1796637 40817 2.0 17 9 1 2 45% 9621 701 27%
c v 75.73  0 13 109 68518  2 1796637 40619 2.0 17 9 1 2 45% 9621 701 27%
c w 75.73  0 13 109 68518  2 1796637 40619 2.0 17 9 1 2 45% 9621 701 27%
c t 75.73  0 13 109 68518  2 1796637 40617 2.0 17 9 1 2 45% 9612 701 27%
c # 77.13  0 12 109 70605  2 1830117 64847 1.9 17 9 1 2 45% 9612 701 27%
c - 77.14  0 12 110 70605  2 1830146 42947 1.9 17 9 1 2 45% 9612 701 27%
c p 77.14  0 12 110 70605  2 1830146 42986 1.9 17 9 1 2 45% 9612 701 27%
c u 77.16  0 12 110 70605  2 1830146 42712 1.9 17 9 1 2 45% 9612 701 27%
c v 77.18  0 12 110 70605  2 1830146 42562 1.9 17 9 1 2 45% 9612 701 27%
c t 77.18  0 12 110 70605  2 1830146 42561 1.9 17 9 1 2 45% 9612 701 27%
c } 77.79  0 12 110 71384  2 1845495 53565 1.9 16 8 1 2 45% 9612 701 27%
c [ 77.79  0 13 110 71384  1 1845495 53565 2.0 20 10 1 2 48% 9612 701 27%
c i 78.05  0 13 110 71384  1 1851904 57763 2.0 19 10 1 2 48% 9612 700 27%
c - 78.65  0 13 111 71385  1 1863967 40276 2.0 19 10 1 2 49% 9476 700 27%
c 
c  seconds   reductions     conflicts         size   tier2     variables
c         MB       restarts        redundant     glue   trail      remaining
c          level         rate           size/glue  tier1 irredundant
c 
c p 78.65  0 13 111 71385  1 1863967 40288 2.0 19 10 1 2 49% 9476 699 27%
c u 78.67  0 13 111 71385  1 1863967 39850 2.0 19 10 1 2 49% 9476 699 27%
c v 78.68  0 13 111 71385  1 1863967 39558 2.0 19 10 1 2 49% 9476 699 27%
c t 78.68  0 13 111 71385  1 1863967 39552 2.0 19 10 1 2 49% 9476 699 27%
c i 78.75  0 13 111 71385  1 1865813 40705 2.0 19 10 1 2 48% 9476 694 27%
c O 79.87  0 13 111 71385  1 1891120 59867 2.0 19 10 1 2 49% 9476 694 27%
c i 80.14  0 12 111 71385  1 1897521 63425 2.0 19 9 1 2 49% 9476 693 27%
c - 80.18  0 12 112 71385  1 1898098 37151 2.0 19 9 1 2 49% 9334 693 27%
c 2 80.18  0 12 112 71385  1 1898098 37150 2.0 19 9 1 2 49% 9334 693 27%
c d 80.18  0 12 112 71385  1 1898098 36751 2.0 19 9 1 2 49% 9308 690 27%
c p 80.18  0 12 112 71385  1 1898098 36936 2.0 19 9 1 2 49% 9308 690 27%
c 2 80.18  0 12 112 71385  1 1898098 36934 2.0 19 9 1 2 49% 9308 690 27%
c u 80.21  0 12 112 71385  1 1898098 36636 2.0 19 9 1 2 49% 9308 690 27%
c v 80.22  0 12 112 71385  1 1898098 36479 2.0 19 9 1 2 49% 9308 690 27%
c w 80.22  0 12 112 71385  1 1898098 36479 2.0 19 9 1 2 49% 9308 690 27%
c t 80.22  0 12 112 71385  1 1898098 36463 2.0 19 9 1 2 49% 9306 690 27%
c f 80.22  0 12 112 71385  1 1898098 36305 2.0 19 9 1 2 49% 9385 691 27%
c t 80.58  0 12 112 71385  1 1906974 42960 2.0 19 9 1 2 49% 9383 691 27%
c e 80.58  0 12 112 71385  1 1906974 42937 2.0 19 9 1 2 49% 9411 687 27%
c s 80.58  0 12 112 71385  1 1906974 42854 2.0 19 9 1 2 49% 9408 687 27%
c 
c  seconds   reductions     conflicts         size  tier2     variables
c         MB       restarts        redundant     glue  trail      remaining
c          level         rate           size/glue tier1 irredundant
c 
c i 80.75  0 12 112 71385  1 1910655 45311 2.0 19 9 1 2 49% 9408 657 26%
c i 80.75  0 12 112 71385  1 1910828 45399 2.0 19 9 1 2 49% 9408 645 25%
c i 80.81  0 12 112 71385  1 1912074 46298 2.0 19 9 1 2 49% 9408 632 25%
c i 80.82  0 12 112 71385  1 1912270 46419 2.0 19 9 1 2 49% 9408 619 24%
c i 80.83  0 12 112 71385  1 1912298 27162 2.0 19 9 1 2 23% 7718 617 24%
c ] 80.83  0 12 112 71385  1 1912317 27169 2.0 19 9 1 2 26% 7718 497 19%
c 0 80.83  0 12 112 71385  1 1912317 27169 2.0 19 9 1 2 26% 7718 497 19%
c 
c --- [ closing proof ] ------------------------------------------------------
c 
c DRAT proof file 'scratch/atail-force/unique4-exact-two-core-map/generated/p4-seed0-certificate/p4-seed0.drat' closed
c DRAT 1954323 added clauses 50.21%
c DRAT 1938247 deleted clauses 49.79%
c DRAT 140333359 bytes (133.83 MB)
c 
c --- [ result ] -------------------------------------------------------------
c 
s UNSATISFIABLE
c 
c --- [ run-time profiling ] -------------------------------------------------
c 
c process time taken by individual solving procedures
c (percentage relative to process time for solving)
c 
c        77.90   96.38% search
c        37.26   46.09% stable
c        36.48   45.14% unstable
c         4.16    5.15% walk
c         2.92    3.62% simplify
c         1.89    2.34% vivify
c         0.43    0.53% sweep
c         0.19    0.24% factor
c         0.12    0.15% subsume
c         0.10    0.12% probe
c         0.05    0.06% elim
c         0.05    0.06% ternary
c         0.04    0.04% preprocess
c         0.02    0.02% congruence
c         0.01    0.01% backbone
c         0.00    0.00% parse
c         0.00    0.00% fastelim
c         0.00    0.00% lucky
c   =================================
c        80.83  100.00% solve
c 
c last line shows process time for solving
c (percentage relative to total process time)
c 
c --- [ statistics ] ---------------------------------------------------------
c 
c chronological:            345585        18.07 %  of conflicts
c conflicts:               1912317     23659.84    per second
c backbone:                 380891     11658.74 %  of vars
c decisions:               3374184     41746.57    per second
c eliminated:                 2505        76.68 %  of all variables
c factored:                    710       114.52 %  of variables
c fixed:                       236         7.22 %  of all variables
c learned:                 1875754        98.09 %  per conflict
c learned_lits:           61177186       100.00 %  learned literals
c minimized:                     0         0.00 %  learned literals
c shrunken:               16922362        27.66 %  learned literals
c minishrunken:            7645464        12.50 %  learned literals
c otfs:                       5598         0.29 %  of conflict
c propagations:          185693794         2.30 M  per second
c reduced:                 1422664        74.39 %  per conflict
c rephased:                     61     31349.46    interval
c restarts:                  71385        26.79    interval
c stabilizing:                  32        51.09 %  of conflicts
c substituted:                  29         0.89 %  of all variables
c subsumed:                 360905        18.67 %  of all clauses
c strengthened:              29504         1.53 %  of all clauses
c ticks:                8849786055        49.26    propagation
c vivified:                  28153         1.46 %  of all clauses
c walked:                       19    100648.26    interval
c weakened:                   8129         3.31    average size
c congruence:                   15    127487.80    interval
c 
c seconds are measured in process time for solving
c 
c --- [ glue usage ] ---------------------------------------------------------
c 
c focused glue 1 used 4444645 clauses 53.39% accumulated 53.39% tier1
c focused glue 2 used 2051313 clauses 24.64% accumulated 78.03% tier2
c 
c stable glue 1 used 5463776 clauses 52.54% accumulated 52.54% tier1
c stable glue 2 used 2285992 clauses 21.98% accumulated 74.52% tier2
c 
c 
c --- [ resources ] ----------------------------------------------------------
c 
c total process time since initialization:        80.83    seconds
c total real time since initialization:           80.85    seconds
c maximum resident set size of process:       105184.00    MB
c 
c --- [ shutting down ] ------------------------------------------------------
c 
c exit 20
time: sysctl kern.clockrate: Operation not permitted
