module=Erdos9796Proof.P97.ATail.CardElevenUniqueFourCertificate.Support.UniqueArmRouteAudit.UniqueArmDeletionNormalForm
command=lean -R . -M16384 -s2097152 -Dpp.unicode.fun=true -DrelaxedAutoImplicit=false -Dweak.linter.mathlibStandardSet=true -o /Users/adam/projects/math-projects/erdos-97-96-formalization/scratch/card11-production-promotion/isolated-build/full-old-semantics-lean-4.27/work/107f7bcdbcb40ed2-0fnymlic/module.olean -i /Users/adam/projects/math-projects/erdos-97-96-formalization/scratch/card11-production-promotion/isolated-build/full-old-semantics-lean-4.27/work/107f7bcdbcb40ed2-0fnymlic/module.ilean Erdos9796Proof/P97/ATail/CardElevenUniqueFourCertificate/Support/UniqueArmRouteAudit/UniqueArmDeletionNormalForm.lean

'Problem97.ATailUniqueArmRouteAuditScratch.frontier_radius_pos' depends on axioms: [propext,
 Classical.choice,
 Quot.sound]
'Problem97.ATailUniqueArmRouteAuditScratch.uniqueFour_every_classMember_blocks_firstApex' depends on axioms: [propext,
 Classical.choice,
 Quot.sound]
'Problem97.ATailUniqueArmRouteAuditScratch.uniqueFour_firstApex_not_fullyDeletionRobust' depends on axioms: [propext,
 Classical.choice,
 Quot.sound]
'Problem97.ATailUniqueArmRouteAuditScratch.uniqueFive_firstApex_fullyDeletionRobust' depends on axioms: [propext,
 Classical.choice,
 Quot.sound]
'Problem97.ATailUniqueArmRouteAuditScratch.uniqueArm_retainedPair_doubleDeletion_blocks_firstApex' depends on axioms: [propext,
 Classical.choice,
 Quot.sound]
'Problem97.ATailUniqueArmRouteAuditScratch.uniqueArm_deletionNormalForm' depends on axioms: [propext,
 Classical.choice,
 Quot.sound]
