reached=384 external=21 ambiguous=5 missing=0
AMBIGUOUS
CompactWindowedRupReplay.Compose 2
  scratch/atail-force/unique4-exact-two-lrat-ingress/generated/p4-seed0-compact-windowed-replay/CompactWindowedRupReplay/Compose.lean
  scratch/atail-force/unique4-exact-two-lrat-ingress/generated/p5-largest-compact-windowed-replay/CompactWindowedRupReplay/Compose.lean
Core 15
  scratch/atail-force/prefixed-p4-occurrence-closures/P4RadiusPartitionOccurrenceBridge/Core.lean
  scratch/atail-force/prefixed-p4-occurrence-closures/P4RowAtLeastFourOccurrenceBridge/Core.lean
  scratch/atail-force/prefixed-p4-occurrence-closures/P4RowRadiusOccurrenceBridge/Core.lean
  scratch/atail-force/unique4-p4-critical-support-occurrence-bridge/Core.lean
  scratch/atail-force/unique4-p4-cyclic-alternation-occurrence-bridge/Core.lean
  scratch/atail-force/unique4-p4-kalmanson-occurrence-bridge/Core.lean
  scratch/atail-force/unique4-p4-mirror-outer-occurrence-bridge/generated/Core.lean
  scratch/atail-force/unique4-p4-mirror-valuation/P4MirrorOuterOccurrenceBridge/Core.lean
Families 15
  scratch/atail-force/prefixed-p4-occurrence-closures/P4RadiusPartitionOccurrenceBridge/Families.lean
  scratch/atail-force/prefixed-p4-occurrence-closures/P4RowAtLeastFourOccurrenceBridge/Families.lean
  scratch/atail-force/prefixed-p4-occurrence-closures/P4RowRadiusOccurrenceBridge/Families.lean
  scratch/atail-force/unique4-p4-critical-support-occurrence-bridge/Families.lean
  scratch/atail-force/unique4-p4-cyclic-alternation-occurrence-bridge/Families.lean
  scratch/atail-force/unique4-p4-kalmanson-occurrence-bridge/Families.lean
  scratch/atail-force/unique4-p4-mirror-outer-occurrence-bridge/generated/Families.lean
  scratch/atail-force/unique4-p4-mirror-valuation/P4MirrorOuterOccurrenceBridge/Families.lean
Main 15
  scratch/atail-force/prefixed-p4-occurrence-closures/P4RadiusPartitionOccurrenceBridge/Main.lean
  scratch/atail-force/prefixed-p4-occurrence-closures/P4RowAtLeastFourOccurrenceBridge/Main.lean
  scratch/atail-force/prefixed-p4-occurrence-closures/P4RowRadiusOccurrenceBridge/Main.lean
  scratch/atail-force/unique4-p4-compact-atom-binding/Main.lean
  scratch/atail-force/unique4-p4-cyclic-alternation-occurrence-bridge/generated/Main.lean
  scratch/atail-force/unique4-p4-kalmanson-occurrence-bridge/generated/Main.lean
  scratch/atail-force/unique4-p4-mirror-outer-occurrence-bridge/generated/Main.lean
  scratch/atail-force/unique4-p4-mirror-valuation/P4MirrorOuterOccurrenceBridge/Main.lean
WindowedRupReplay.Compose 2
  scratch/atail-force/unique4-exact-two-lrat-ingress/generated/p5-largest-windowed-replay/WindowedRupReplay/Compose.lean
  scratch/atail-force/unique4-exact-two-lrat-ingress/generated/p5-largest-windowed-replay-pre-hardened-manifest/WindowedRupReplay/Compose.lean
MISSING
REACHED_DIRS
30 scratch/atail-force/prefixed-p4-occurrence-closures/P4RadiusPartitionOccurrenceBridge
12 scratch/atail-force/prefixed-p4-occurrence-closures/P4RowAtLeastFourOccurrenceBridge
9 scratch/atail-force/prefixed-p4-occurrence-closures/P4RowRadiusOccurrenceBridge
2 scratch/atail-force/unique-arm-route-audit
4 scratch/atail-force/unique-row-producer
30 scratch/atail-force/unique4-aligned-p5-occurrence
1 scratch/atail-force/unique4-class-cap-distribution
1 scratch/atail-force/unique4-exact-two-lrat-ingress
1 scratch/atail-force/unique4-exact-two-occurrence
1 scratch/atail-force/unique4-exact-two-schema-decoder
1 scratch/atail-force/unique4-exact-two-source-bridge/Curvature
10 scratch/atail-force/unique4-exact-two-source-bridge/IndexedSource
2 scratch/atail-force/unique4-exact-two-source-bridge/Kalmanson
1 scratch/atail-force/unique4-exact-two-source-bridge/MirrorSchema58
44 scratch/atail-force/unique4-exact-two-source-bridge/OccurrenceBridge
1 scratch/atail-force/unique4-kalmanson-core-port
1 scratch/atail-force/unique4-kalmanson-occurrence
1 scratch/atail-force/unique4-late-choice-terminal
2 scratch/atail-force/unique4-n11-source-lift
3 scratch/atail-force/unique4-p4-cegar6-occurrence-bridge
3 scratch/atail-force/unique4-p4-certificate-closure
6 scratch/atail-force/unique4-p4-critical-support-occurrence-bridge
73 scratch/atail-force/unique4-p4-direct-outer-occurrence-bridge
10 scratch/atail-force/unique4-p4-direct-valuation
1 scratch/atail-force/unique4-p4-mirror-cap-source-bridge
9 scratch/atail-force/unique4-p4-mirror-valuation
46 scratch/atail-force/unique4-p4-mirror-valuation/P4MirrorOuterOccurrenceBridge
14 scratch/atail-force/unique4-p4-prefixed-closures/P4OccurrenceClosure/CyclicAlternation
19 scratch/atail-force/unique4-p4-prefixed-closures/P4OccurrenceClosure/Kalmanson
9 scratch/atail-force/unique4-p4-prefixed-closures/P4OccurrenceClosure/MutualTransport
2 scratch/atail-force/unique4-p4-right-cap-source-bridge
4 scratch/atail-force/unique4-p4-source-bridge
26 scratch/atail-force/unique4-p4-source-bridge/generated/p4-direct-row-arc-finite
3 scratch/atail-force/unique4-p4-strict-unit-source-bridge
1 scratch/atail-force/unique4-selected-class-curvature-adapter
1 scratch/atail-force/unique4-source-field-audit
