note: 1087 module(s) / 7889 symbol(s) trusted (🔒 excluded from mine by [mining].skip; still covered by `#print axioms` on the target and the off-spine sorry scan)
note: skipping 16 indexed module(s) with no olean (unbuilt WIP, not in the verified build) — --verbose to list
mining call graph: 3113 changed module(s) (44110 symbols) in 15 batch(es), 1087 trusted 🔒 skipped — invoking Lean kernel per batch...
batch 1/15: 256 module(s), 333 symbol(s), 155 MB oleans …
   ✓ batch 1/15 committed (591 edges, 3 into axioms)
batch 2/15: 256 module(s), 551 symbol(s), 160 MB oleans …
   ✓ batch 2/15 committed (2165 edges, 0 into axioms)
batch 3/15: 256 module(s), 997 symbol(s), 472 MB oleans …
   ✓ batch 3/15 committed (4402 edges, 0 into axioms)
batch 4/15: 256 module(s), 596 symbol(s), 301 MB oleans …
   ✓ batch 4/15 committed (1698 edges, 0 into axioms)
batch 5/15: 256 module(s), 256 symbol(s), 157 MB oleans …
   ✓ batch 5/15 committed (0 edges, 0 into axioms)
batch 6/15: 256 module(s), 1074 symbol(s), 431 MB oleans …
   ✓ batch 6/15 committed (5207 edges, 0 into axioms)
batch 7/15: 256 module(s), 10370 symbol(s), 375 MB oleans …
   ✓ batch 7/15 committed (37706 edges, 8 into axioms)
batch 8/15: 227 module(s), 15650 symbol(s), 511 MB oleans …
   ✓ batch 8/15 committed (69712 edges, 36 into axioms)
batch 9/15: 256 module(s), 6841 symbol(s), 475 MB oleans …
   ✓ batch 9/15 committed (26414 edges, 76 into axioms)
batch 10/15: 76 module(s), 808 symbol(s), 460 MB oleans …
   ✓ batch 10/15 committed (3539 edges, 26 into axioms)
batch 11/15: 9 module(s), 9 symbol(s), 353 MB oleans …
   ✓ batch 11/15 committed (0 edges, 0 into axioms)
batch 12/15: 256 module(s), 973 symbol(s), 330 MB oleans …
   ✓ batch 12/15 committed (4219 edges, 48 into axioms)
batch 13/15: 256 module(s), 289 symbol(s), 13 MB oleans …
   ✓ batch 13/15 committed (802 edges, 1 into axioms)
batch 14/15: 231 module(s), 4987 symbol(s), 501 MB oleans …
   ✓ batch 14/15 committed (32882 edges, 157 into axioms)
batch 15/15: 10 module(s), 376 symbol(s), 45 MB oleans …
   ✓ batch 15/15 committed (1936 edges, 21 into axioms)
✅ mined 191273 edge(s) (376 into axioms), marked 44110 symbol(s) across 15 batch(es) at build 1ed9b1543bbc.
[packet-audit] mining type facts: 3113 module(s) (44110 symbols) in 15 batch(es)...
[packet-audit] ✓ type facts: 44110 symbol(s), 994 type-former(s), 86417 type ref(s).
Use `proof-blueprint spine` to view the kernel-rooted structural state.
