FILES 386 UNRESOLVED 8
scratch/atail-force/prefixed-p4-occurrence-closures/P4RadiusPartitionOccurrenceBridge/BridgeAll.lean
scratch/atail-force/prefixed-p4-occurrence-closures/P4RadiusPartitionOccurrenceBridge/BridgeChunk01.lean
scratch/atail-force/prefixed-p4-occurrence-closures/P4RadiusPartitionOccurrenceBridge/BridgeChunk02.lean
scratch/atail-force/prefixed-p4-occurrence-closures/P4RadiusPartitionOccurrenceBridge/BridgeChunk03.lean
scratch/atail-force/prefixed-p4-occurrence-closures/P4RadiusPartitionOccurrenceBridge/BridgeChunk04.lean
scratch/atail-force/prefixed-p4-occurrence-closures/P4RadiusPartitionOccurrenceBridge/BridgeChunk05.lean
scratch/atail-force/prefixed-p4-occurrence-closures/P4RadiusPartitionOccurrenceBridge/BridgeChunk06.lean
scratch/atail-force/prefixed-p4-occurrence-closures/P4RadiusPartitionOccurrenceBridge/BridgeChunk07.lean
scratch/atail-force/prefixed-p4-occurrence-closures/P4RadiusPartitionOccurrenceBridge/BridgeChunk08.lean
scratch/atail-force/prefixed-p4-occurrence-closures/P4RadiusPartitionOccurrenceBridge/BridgeChunk09.lean
scratch/atail-force/prefixed-p4-occurrence-closures/P4RadiusPartitionOccurrenceBridge/BridgeChunk10.lean
scratch/atail-force/prefixed-p4-occurrence-closures/P4RadiusPartitionOccurrenceBridge/BridgeChunk11.lean
scratch/atail-force/prefixed-p4-occurrence-closures/P4RadiusPartitionOccurrenceBridge/BridgeChunk12.lean
scratch/atail-force/prefixed-p4-occurrence-closures/P4RadiusPartitionOccurrenceBridge/BridgeChunk13.lean
scratch/atail-force/prefixed-p4-occurrence-closures/P4RadiusPartitionOccurrenceBridge/BridgeChunk14.lean
scratch/atail-force/prefixed-p4-occurrence-closures/P4RadiusPartitionOccurrenceBridge/BridgeChunk15.lean
scratch/atail-force/prefixed-p4-occurrence-closures/P4RadiusPartitionOccurrenceBridge/BridgeChunk16.lean
scratch/atail-force/prefixed-p4-occurrence-closures/P4RadiusPartitionOccurrenceBridge/BridgeChunk17.lean
scratch/atail-force/prefixed-p4-occurrence-closures/P4RadiusPartitionOccurrenceBridge/BridgeChunk18.lean
scratch/atail-force/prefixed-p4-occurrence-closures/P4RadiusPartitionOccurrenceBridge/BridgeChunk19.lean
scratch/atail-force/prefixed-p4-occurrence-closures/P4RadiusPartitionOccurrenceBridge/BridgeChunk20.lean
scratch/atail-force/prefixed-p4-occurrence-closures/P4RadiusPartitionOccurrenceBridge/BridgeChunk21.lean
scratch/atail-force/prefixed-p4-occurrence-closures/P4RadiusPartitionOccurrenceBridge/BridgeChunk22.lean
scratch/atail-force/prefixed-p4-occurrence-closures/P4RadiusPartitionOccurrenceBridge/BridgeChunk23.lean
scratch/atail-force/prefixed-p4-occurrence-closures/P4RadiusPartitionOccurrenceBridge/BridgeChunk24.lean
scratch/atail-force/prefixed-p4-occurrence-closures/P4RadiusPartitionOccurrenceBridge/BridgeChunk25.lean
scratch/atail-force/prefixed-p4-occurrence-closures/P4RadiusPartitionOccurrenceBridge/BridgeChunk26.lean
scratch/atail-force/prefixed-p4-occurrence-closures/P4RadiusPartitionOccurrenceBridge/Core.lean
scratch/atail-force/prefixed-p4-occurrence-closures/P4RadiusPartitionOccurrenceBridge/Families.lean
scratch/atail-force/prefixed-p4-occurrence-closures/P4RadiusPartitionOccurrenceBridge/Main.lean
scratch/atail-force/prefixed-p4-occurrence-closures/P4RowAtLeastFourOccurrenceBridge/BridgeAll.lean
scratch/atail-force/prefixed-p4-occurrence-closures/P4RowAtLeastFourOccurrenceBridge/BridgeChunk01.lean
scratch/atail-force/prefixed-p4-occurrence-closures/P4RowAtLeastFourOccurrenceBridge/BridgeChunk02.lean
scratch/atail-force/prefixed-p4-occurrence-closures/P4RowAtLeastFourOccurrenceBridge/BridgeChunk03.lean
scratch/atail-force/prefixed-p4-occurrence-closures/P4RowAtLeastFourOccurrenceBridge/BridgeChunk04.lean
scratch/atail-force/prefixed-p4-occurrence-closures/P4RowAtLeastFourOccurrenceBridge/BridgeChunk05.lean
scratch/atail-force/prefixed-p4-occurrence-closures/P4RowAtLeastFourOccurrenceBridge/BridgeChunk06.lean
scratch/atail-force/prefixed-p4-occurrence-closures/P4RowAtLeastFourOccurrenceBridge/BridgeChunk07.lean
scratch/atail-force/prefixed-p4-occurrence-closures/P4RowAtLeastFourOccurrenceBridge/BridgeChunk08.lean
scratch/atail-force/prefixed-p4-occurrence-closures/P4RowAtLeastFourOccurrenceBridge/Core.lean
scratch/atail-force/prefixed-p4-occurrence-closures/P4RowAtLeastFourOccurrenceBridge/Families.lean
scratch/atail-force/prefixed-p4-occurrence-closures/P4RowAtLeastFourOccurrenceBridge/Main.lean
scratch/atail-force/prefixed-p4-occurrence-closures/P4RowRadiusOccurrenceBridge/BridgeAll.lean
scratch/atail-force/prefixed-p4-occurrence-closures/P4RowRadiusOccurrenceBridge/BridgeChunk01.lean
scratch/atail-force/prefixed-p4-occurrence-closures/P4RowRadiusOccurrenceBridge/BridgeChunk02.lean
scratch/atail-force/prefixed-p4-occurrence-closures/P4RowRadiusOccurrenceBridge/BridgeChunk03.lean
scratch/atail-force/prefixed-p4-occurrence-closures/P4RowRadiusOccurrenceBridge/BridgeChunk04.lean
scratch/atail-force/prefixed-p4-occurrence-closures/P4RowRadiusOccurrenceBridge/Core.lean
scratch/atail-force/prefixed-p4-occurrence-closures/P4RowRadiusOccurrenceBridge/Families.lean
scratch/atail-force/prefixed-p4-occurrence-closures/P4RowRadiusOccurrenceBridge/Main.lean
scratch/atail-force/prefixed-p4-occurrence-closures/P4RowRadiusOccurrenceBridge/Orientation.lean
scratch/atail-force/unique-arm-route-audit/OriginalUniqueResidualDispatch.lean
scratch/atail-force/unique-arm-route-audit/UniqueArmDeletionNormalForm.lean
scratch/atail-force/unique-row-producer/card_five_cross_blocker_localization.lean
scratch/atail-force/unique-row-producer/card_five_interior_bisector_localization.lean
scratch/atail-force/unique-row-producer/card_five_interior_critical_frontier.lean
scratch/atail-force/unique-row-producer/card_five_interior_survivor_pair.lean
scratch/atail-force/unique4-aligned-p5-occurrence/AlignedP5BoundaryPacket.lean
scratch/atail-force/unique4-aligned-p5-occurrence/AlignedP5Closure.lean
scratch/atail-force/unique4-aligned-p5-occurrence/AlignedP5DirectClosure.lean
scratch/atail-force/unique4-aligned-p5-occurrence/AlignedP5FinElevenKalmanson.lean
scratch/atail-force/unique4-aligned-p5-occurrence/AlignedP5KalmansonDecode.lean
scratch/atail-force/unique4-aligned-p5-occurrence/AlignedP5MetricSound.lean
scratch/atail-force/unique4-aligned-p5-occurrence/AlignedP5MirrorClosure.lean
scratch/atail-force/unique4-aligned-p5-occurrence/AlignedP5MirrorNativeClassifier.lean
scratch/atail-force/unique4-aligned-p5-occurrence/AlignedP5MirrorNativeCoverage.lean
scratch/atail-force/unique4-aligned-p5-occurrence/AlignedP5MirrorNativeLeaf1.lean
scratch/atail-force/unique4-aligned-p5-occurrence/AlignedP5MirrorNativeLeaf10.lean
scratch/atail-force/unique4-aligned-p5-occurrence/AlignedP5MirrorNativeLeaf2.lean
scratch/atail-force/unique4-aligned-p5-occurrence/AlignedP5MirrorNativeLeaf3.lean
scratch/atail-force/unique4-aligned-p5-occurrence/AlignedP5MirrorNativeLeaf7.lean
scratch/atail-force/unique4-aligned-p5-occurrence/AlignedP5MirrorNativeLeaf8.lean
scratch/atail-force/unique4-aligned-p5-occurrence/AlignedP5MirrorNativeLeaf9.lean
scratch/atail-force/unique4-aligned-p5-occurrence/AlignedP5MirrorNativeTheorem.lean
scratch/atail-force/unique4-aligned-p5-occurrence/AlignedP5MirrorSourceTrace.lean
scratch/atail-force/unique4-aligned-p5-occurrence/AlignedP5NativeClassifier.lean
scratch/atail-force/unique4-aligned-p5-occurrence/AlignedP5NativeCoverage.lean
scratch/atail-force/unique4-aligned-p5-occurrence/AlignedP5NativeLeaf1.lean
scratch/atail-force/unique4-aligned-p5-occurrence/AlignedP5NativeLeaf10.lean
scratch/atail-force/unique4-aligned-p5-occurrence/AlignedP5NativeLeaf2.lean
scratch/atail-force/unique4-aligned-p5-occurrence/AlignedP5NativeLeaf3.lean
scratch/atail-force/unique4-aligned-p5-occurrence/AlignedP5NativeLeaf4.lean
scratch/atail-force/unique4-aligned-p5-occurrence/AlignedP5NativeLeaf8.lean
scratch/atail-force/unique4-aligned-p5-occurrence/AlignedP5NativeLeaf9.lean
scratch/atail-force/unique4-aligned-p5-occurrence/AlignedP5NativeTheorem.lean
scratch/atail-force/unique4-aligned-p5-occurrence/AlignedP5SourceTrace.lean
scratch/atail-force/unique4-aligned-p5-occurrence/UniqueFourKalmansonReflection.lean
scratch/atail-force/unique4-class-cap-distribution/UniqueFourClassCapDistribution.lean
scratch/atail-force/unique4-exact-two-lrat-ingress/P5ExactTwoClosure.lean
scratch/atail-force/unique4-exact-two-lrat-ingress/generated/p4-seed0-compact-windowed-replay/CompactWindowedRupReplay/Compose.lean
scratch/atail-force/unique4-exact-two-lrat-ingress/generated/p5-largest-windowed-replay/WindowedRupReplay/Compose.lean
scratch/atail-force/unique4-exact-two-occurrence/CardElevenExactTwoBoundaryPackets.lean
scratch/atail-force/unique4-exact-two-schema-decoder/ExactTwoSchemaDecoder.lean
scratch/atail-force/unique4-exact-two-source-bridge/Curvature/P5RetainedOuterArcMasks.lean
scratch/atail-force/unique4-exact-two-source-bridge/IndexedSource/CyclicAlternationCore.lean
scratch/atail-force/unique4-exact-two-source-bridge/IndexedSource/DirectCapFamilies.lean
scratch/atail-force/unique4-exact-two-source-bridge/IndexedSource/DirectKalmanson.lean
scratch/atail-force/unique4-exact-two-source-bridge/IndexedSource/DirectSatisfaction.lean
scratch/atail-force/unique4-exact-two-source-bridge/IndexedSource/GenericFamilies.lean
scratch/atail-force/unique4-exact-two-source-bridge/IndexedSource/IndexedSourceValuation.lean
scratch/atail-force/unique4-exact-two-source-bridge/IndexedSource/MirrorCapFamilies.lean
scratch/atail-force/unique4-exact-two-source-bridge/IndexedSource/MirrorKalmanson.lean
scratch/atail-force/unique4-exact-two-source-bridge/IndexedSource/MirrorSatisfaction.lean
scratch/atail-force/unique4-exact-two-source-bridge/IndexedSource/MirrorTransport.lean
scratch/atail-force/unique4-exact-two-source-bridge/Kalmanson/MissingRetainedOrientations.lean
scratch/atail-force/unique4-exact-two-source-bridge/Kalmanson/RetainedKalmansonDecoder.lean
scratch/atail-force/unique4-exact-two-source-bridge/MirrorSchema58/MirrorSchema58.lean
scratch/atail-force/unique4-exact-two-source-bridge/OccurrenceBridge/BridgeChunk01.lean
scratch/atail-force/unique4-exact-two-source-bridge/OccurrenceBridge/BridgeChunk02.lean
scratch/atail-force/unique4-exact-two-source-bridge/OccurrenceBridge/BridgeChunk03.lean
scratch/atail-force/unique4-exact-two-source-bridge/OccurrenceBridge/BridgeChunk04.lean
scratch/atail-force/unique4-exact-two-source-bridge/OccurrenceBridge/BridgeChunk05.lean
scratch/atail-force/unique4-exact-two-source-bridge/OccurrenceBridge/BridgeChunk06.lean
scratch/atail-force/unique4-exact-two-source-bridge/OccurrenceBridge/BridgeChunk07.lean
scratch/atail-force/unique4-exact-two-source-bridge/OccurrenceBridge/BridgeChunk08.lean
scratch/atail-force/unique4-exact-two-source-bridge/OccurrenceBridge/BridgeChunk09.lean
scratch/atail-force/unique4-exact-two-source-bridge/OccurrenceBridge/BridgeChunk10.lean
scratch/atail-force/unique4-exact-two-source-bridge/OccurrenceBridge/BridgeChunk11.lean
scratch/atail-force/unique4-exact-two-source-bridge/OccurrenceBridge/BridgeChunk12.lean
scratch/atail-force/unique4-exact-two-source-bridge/OccurrenceBridge/BridgeChunk13.lean
scratch/atail-force/unique4-exact-two-source-bridge/OccurrenceBridge/BridgeChunk14.lean
scratch/atail-force/unique4-exact-two-source-bridge/OccurrenceBridge/BridgeChunk15.lean
scratch/atail-force/unique4-exact-two-source-bridge/OccurrenceBridge/BridgeChunk16.lean
scratch/atail-force/unique4-exact-two-source-bridge/OccurrenceBridge/BridgeChunk17.lean
scratch/atail-force/unique4-exact-two-source-bridge/OccurrenceBridge/BridgeChunk18.lean
scratch/atail-force/unique4-exact-two-source-bridge/OccurrenceBridge/BridgeChunk19.lean
scratch/atail-force/unique4-exact-two-source-bridge/OccurrenceBridge/BridgeChunk20.lean
scratch/atail-force/unique4-exact-two-source-bridge/OccurrenceBridge/BridgeChunk21.lean
scratch/atail-force/unique4-exact-two-source-bridge/OccurrenceBridge/BridgeChunk22.lean
scratch/atail-force/unique4-exact-two-source-bridge/OccurrenceBridge/BridgeChunk23.lean
scratch/atail-force/unique4-exact-two-source-bridge/OccurrenceBridge/BridgeChunk24.lean
scratch/atail-force/unique4-exact-two-source-bridge/OccurrenceBridge/BridgeChunk25.lean
scratch/atail-force/unique4-exact-two-source-bridge/OccurrenceBridge/BridgeChunk26.lean
scratch/atail-force/unique4-exact-two-source-bridge/OccurrenceBridge/BridgeChunk27.lean
scratch/atail-force/unique4-exact-two-source-bridge/OccurrenceBridge/BridgeChunk28.lean
scratch/atail-force/unique4-exact-two-source-bridge/OccurrenceBridge/BridgeChunk29.lean
scratch/atail-force/unique4-exact-two-source-bridge/OccurrenceBridge/BridgeChunk30.lean
scratch/atail-force/unique4-exact-two-source-bridge/OccurrenceBridge/BridgeChunk31.lean
scratch/atail-force/unique4-exact-two-source-bridge/OccurrenceBridge/BridgeChunk32.lean
scratch/atail-force/unique4-exact-two-source-bridge/OccurrenceBridge/BridgeChunk33.lean
scratch/atail-force/unique4-exact-two-source-bridge/OccurrenceBridge/BridgeChunk34.lean
scratch/atail-force/unique4-exact-two-source-bridge/OccurrenceBridge/BridgeChunk35.lean
scratch/atail-force/unique4-exact-two-source-bridge/OccurrenceBridge/BridgeChunk36.lean
scratch/atail-force/unique4-exact-two-source-bridge/OccurrenceBridge/BridgeChunk37.lean
scratch/atail-force/unique4-exact-two-source-bridge/OccurrenceBridge/BridgeChunk38.lean
scratch/atail-force/unique4-exact-two-source-bridge/OccurrenceBridge/BridgeChunk39.lean
scratch/atail-force/unique4-exact-two-source-bridge/OccurrenceBridge/BridgeChunk40.lean
scratch/atail-force/unique4-exact-two-source-bridge/OccurrenceBridge/BridgeChunkAll.lean
scratch/atail-force/unique4-exact-two-source-bridge/OccurrenceBridge/BridgeCore.lean
scratch/atail-force/unique4-exact-two-source-bridge/OccurrenceBridge/BridgeFamilies.lean
scratch/atail-force/unique4-exact-two-source-bridge/OccurrenceBridge/BridgeMain.lean
scratch/atail-force/unique4-kalmanson-core-port/UniqueFourKalmansonCores.lean
scratch/atail-force/unique4-kalmanson-occurrence/SixRoleKalmansonTriangle.lean
scratch/atail-force/unique4-late-choice-terminal/UniqueFourLateChoiceTerminal.lean
scratch/atail-force/unique4-n11-source-lift/CardElevenUniqueFourCertificateCoordinator.lean
scratch/atail-force/unique4-n11-source-lift/CardElevenUniqueFourCoverage.lean
scratch/atail-force/unique4-p4-cegar6-occurrence-bridge/CegarCore.lean
scratch/atail-force/unique4-p4-cegar6-occurrence-bridge/CegarData.lean
scratch/atail-force/unique4-p4-cegar6-occurrence-bridge/CegarFamilies.lean
scratch/atail-force/unique4-p4-certificate-closure/P4CertificateLedgerClosure.lean
scratch/atail-force/unique4-p4-certificate-closure/P4CertificateSemantics.lean
scratch/atail-force/unique4-p4-certificate-closure/P4CompactFormulaLedger.lean
scratch/atail-force/unique4-p4-critical-support-occurrence-bridge/Core.lean
scratch/atail-force/unique4-p4-critical-support-occurrence-bridge/Families.lean
scratch/atail-force/unique4-p4-critical-support-occurrence-bridge/GeneratedData.lean
scratch/atail-force/unique4-p4-critical-support-occurrence-bridge/Residual55Data.lean
scratch/atail-force/unique4-p4-critical-support-occurrence-bridge/Residual55Families.lean
scratch/atail-force/unique4-p4-critical-support-occurrence-bridge/Residual78Core.lean
scratch/atail-force/unique4-p4-direct-outer-occurrence-bridge/FourArcOccurrences.lean
scratch/atail-force/unique4-p4-direct-outer-occurrence-bridge/MembershipRowOccurrences.lean
scratch/atail-force/unique4-p4-direct-outer-occurrence-bridge/RowArcOccurrences.lean
scratch/atail-force/unique4-p4-direct-outer-occurrence-bridge/four_arc_base.lean
scratch/atail-force/unique4-p4-direct-outer-occurrence-bridge/four_arc_chunk_00.lean
scratch/atail-force/unique4-p4-direct-outer-occurrence-bridge/four_arc_chunk_01.lean
scratch/atail-force/unique4-p4-direct-outer-occurrence-bridge/four_arc_chunk_02.lean
scratch/atail-force/unique4-p4-direct-outer-occurrence-bridge/four_arc_chunk_03.lean
scratch/atail-force/unique4-p4-direct-outer-occurrence-bridge/four_arc_chunk_04.lean
scratch/atail-force/unique4-p4-direct-outer-occurrence-bridge/four_arc_chunk_05.lean
scratch/atail-force/unique4-p4-direct-outer-occurrence-bridge/four_arc_chunk_06.lean
scratch/atail-force/unique4-p4-direct-outer-occurrence-bridge/four_arc_chunk_07.lean
scratch/atail-force/unique4-p4-direct-outer-occurrence-bridge/four_arc_chunk_08.lean
scratch/atail-force/unique4-p4-direct-outer-occurrence-bridge/four_arc_chunk_09.lean
scratch/atail-force/unique4-p4-direct-outer-occurrence-bridge/four_arc_chunk_10.lean
scratch/atail-force/unique4-p4-direct-outer-occurrence-bridge/four_arc_chunk_11.lean
scratch/atail-force/unique4-p4-direct-outer-occurrence-bridge/four_arc_chunk_12.lean
scratch/atail-force/unique4-p4-direct-outer-occurrence-bridge/four_arc_chunk_13.lean
scratch/atail-force/unique4-p4-direct-outer-occurrence-bridge/four_arc_chunk_14.lean
scratch/atail-force/unique4-p4-direct-outer-occurrence-bridge/four_arc_chunk_15.lean
scratch/atail-force/unique4-p4-direct-outer-occurrence-bridge/four_arc_chunk_16.lean
scratch/atail-force/unique4-p4-direct-outer-occurrence-bridge/four_arc_chunk_17.lean
scratch/atail-force/unique4-p4-direct-outer-occurrence-bridge/four_arc_chunk_18.lean
scratch/atail-force/unique4-p4-direct-outer-occurrence-bridge/four_arc_chunk_19.lean
scratch/atail-force/unique4-p4-direct-outer-occurrence-bridge/four_arc_chunk_20.lean
scratch/atail-force/unique4-p4-direct-outer-occurrence-bridge/four_arc_chunk_21.lean
scratch/atail-force/unique4-p4-direct-outer-occurrence-bridge/four_arc_chunk_22.lean
scratch/atail-force/unique4-p4-direct-outer-occurrence-bridge/four_arc_chunk_23.lean
scratch/atail-force/unique4-p4-direct-outer-occurrence-bridge/four_arc_chunk_24.lean
scratch/atail-force/unique4-p4-direct-outer-occurrence-bridge/four_arc_chunk_25.lean
scratch/atail-force/unique4-p4-direct-outer-occurrence-bridge/four_arc_chunk_26.lean
scratch/atail-force/unique4-p4-direct-outer-occurrence-bridge/four_arc_chunk_27.lean
scratch/atail-force/unique4-p4-direct-outer-occurrence-bridge/four_arc_chunk_28.lean
scratch/atail-force/unique4-p4-direct-outer-occurrence-bridge/four_arc_chunk_29.lean
scratch/atail-force/unique4-p4-direct-outer-occurrence-bridge/four_arc_chunk_30.lean
scratch/atail-force/unique4-p4-direct-outer-occurrence-bridge/four_arc_data.lean
scratch/atail-force/unique4-p4-direct-outer-occurrence-bridge/membership_row_data.lean
scratch/atail-force/unique4-p4-direct-outer-occurrence-bridge/membership_row_data_chunk_000.lean
scratch/atail-force/unique4-p4-direct-outer-occurrence-bridge/membership_row_data_chunk_001.lean
scratch/atail-force/unique4-p4-direct-outer-occurrence-bridge/membership_row_data_chunk_002.lean
scratch/atail-force/unique4-p4-direct-outer-occurrence-bridge/membership_row_data_chunk_003.lean
scratch/atail-force/unique4-p4-direct-outer-occurrence-bridge/membership_row_data_chunk_004.lean
scratch/atail-force/unique4-p4-direct-outer-occurrence-bridge/membership_row_data_chunk_005.lean
scratch/atail-force/unique4-p4-direct-outer-occurrence-bridge/membership_row_data_chunk_006.lean
scratch/atail-force/unique4-p4-direct-outer-occurrence-bridge/membership_row_data_chunk_007.lean
scratch/atail-force/unique4-p4-direct-outer-occurrence-bridge/membership_row_data_chunk_008.lean
scratch/atail-force/unique4-p4-direct-outer-occurrence-bridge/membership_row_data_chunk_009.lean
scratch/atail-force/unique4-p4-direct-outer-occurrence-bridge/membership_row_data_chunk_010.lean
scratch/atail-force/unique4-p4-direct-outer-occurrence-bridge/membership_row_data_chunk_011.lean
scratch/atail-force/unique4-p4-direct-outer-occurrence-bridge/membership_row_data_chunk_012.lean
scratch/atail-force/unique4-p4-direct-outer-occurrence-bridge/membership_row_data_core.lean
scratch/atail-force/unique4-p4-direct-outer-occurrence-bridge/row_arc_base.lean
scratch/atail-force/unique4-p4-direct-outer-occurrence-bridge/row_arc_chunk_00.lean
scratch/atail-force/unique4-p4-direct-outer-occurrence-bridge/row_arc_chunk_01.lean
scratch/atail-force/unique4-p4-direct-outer-occurrence-bridge/row_arc_chunk_02.lean
scratch/atail-force/unique4-p4-direct-outer-occurrence-bridge/row_arc_chunk_03.lean
scratch/atail-force/unique4-p4-direct-outer-occurrence-bridge/row_arc_chunk_04.lean
scratch/atail-force/unique4-p4-direct-outer-occurrence-bridge/row_arc_chunk_05.lean
scratch/atail-force/unique4-p4-direct-outer-occurrence-bridge/row_arc_chunk_06.lean
scratch/atail-force/unique4-p4-direct-outer-occurrence-bridge/row_arc_chunk_07.lean
scratch/atail-force/unique4-p4-direct-outer-occurrence-bridge/row_arc_chunk_08.lean
scratch/atail-force/unique4-p4-direct-outer-occurrence-bridge/row_arc_chunk_09.lean
scratch/atail-force/unique4-p4-direct-outer-occurrence-bridge/row_arc_chunk_10.lean
scratch/atail-force/unique4-p4-direct-outer-occurrence-bridge/row_arc_chunk_11.lean
scratch/atail-force/unique4-p4-direct-outer-occurrence-bridge/row_arc_chunk_12.lean
scratch/atail-force/unique4-p4-direct-outer-occurrence-bridge/row_arc_chunk_13.lean
scratch/atail-force/unique4-p4-direct-outer-occurrence-bridge/row_arc_chunk_14.lean
scratch/atail-force/unique4-p4-direct-outer-occurrence-bridge/row_arc_chunk_15.lean
scratch/atail-force/unique4-p4-direct-outer-occurrence-bridge/row_arc_chunk_16.lean
scratch/atail-force/unique4-p4-direct-outer-occurrence-bridge/row_arc_chunk_17.lean
scratch/atail-force/unique4-p4-direct-outer-occurrence-bridge/row_arc_chunk_18.lean
scratch/atail-force/unique4-p4-direct-outer-occurrence-bridge/row_arc_chunk_19.lean
scratch/atail-force/unique4-p4-direct-outer-occurrence-bridge/row_arc_data.lean
scratch/atail-force/unique4-p4-direct-valuation/DirectCriticalComponentSatisfaction.lean
scratch/atail-force/unique4-p4-direct-valuation/DirectIndexedAgreement.lean
scratch/atail-force/unique4-p4-direct-valuation/DirectOuterBindingIntegrity.lean
scratch/atail-force/unique4-p4-direct-valuation/DirectOuterSourceSatisfaction.lean
scratch/atail-force/unique4-p4-direct-valuation/DirectOuterThreeFamilySatisfaction.lean
scratch/atail-force/unique4-p4-direct-valuation/DirectResidual55Satisfaction.lean
scratch/atail-force/unique4-p4-direct-valuation/DirectSourceAdapter.lean
scratch/atail-force/unique4-p4-direct-valuation/P4FullLedgerSatisfaction.lean
scratch/atail-force/unique4-p4-direct-valuation/RightCapDirectValuation.lean
scratch/atail-force/unique4-p4-direct-valuation/RowArcFiniteOccurrenceBridge.lean
scratch/atail-force/unique4-p4-mirror-cap-source-bridge/P4MirrorCapSourceBridge.lean
scratch/atail-force/unique4-p4-mirror-valuation/MirrorCegar6Satisfaction.lean
scratch/atail-force/unique4-p4-mirror-valuation/MirrorCoreFamilySatisfaction.lean
scratch/atail-force/unique4-p4-mirror-valuation/MirrorIndexedAgreement.lean
scratch/atail-force/unique4-p4-mirror-valuation/MirrorIndexedFamilySatisfaction.lean
scratch/atail-force/unique4-p4-mirror-valuation/MirrorLedgerAssembly.lean
scratch/atail-force/unique4-p4-mirror-valuation/MirrorOuterFamilySatisfaction.lean
scratch/atail-force/unique4-p4-mirror-valuation/MirrorResidual55Satisfaction.lean
scratch/atail-force/unique4-p4-mirror-valuation/MirrorRightCap21Satisfaction.lean
scratch/atail-force/unique4-p4-mirror-valuation/MirrorStrictUnitSatisfaction.lean
scratch/atail-force/unique4-p4-mirror-valuation/P4MirrorOuterOccurrenceBridge/BridgeAll.lean
scratch/atail-force/unique4-p4-mirror-valuation/P4MirrorOuterOccurrenceBridge/BridgeChunk01.lean
scratch/atail-force/unique4-p4-mirror-valuation/P4MirrorOuterOccurrenceBridge/BridgeChunk02.lean
scratch/atail-force/unique4-p4-mirror-valuation/P4MirrorOuterOccurrenceBridge/BridgeChunk03.lean
scratch/atail-force/unique4-p4-mirror-valuation/P4MirrorOuterOccurrenceBridge/BridgeChunk04.lean
scratch/atail-force/unique4-p4-mirror-valuation/P4MirrorOuterOccurrenceBridge/BridgeChunk05.lean
scratch/atail-force/unique4-p4-mirror-valuation/P4MirrorOuterOccurrenceBridge/BridgeChunk06.lean
scratch/atail-force/unique4-p4-mirror-valuation/P4MirrorOuterOccurrenceBridge/BridgeChunk07.lean
scratch/atail-force/unique4-p4-mirror-valuation/P4MirrorOuterOccurrenceBridge/BridgeChunk08.lean
scratch/atail-force/unique4-p4-mirror-valuation/P4MirrorOuterOccurrenceBridge/BridgeChunk09.lean
scratch/atail-force/unique4-p4-mirror-valuation/P4MirrorOuterOccurrenceBridge/BridgeChunk10.lean
scratch/atail-force/unique4-p4-mirror-valuation/P4MirrorOuterOccurrenceBridge/BridgeChunk11.lean
scratch/atail-force/unique4-p4-mirror-valuation/P4MirrorOuterOccurrenceBridge/BridgeChunk12.lean
scratch/atail-force/unique4-p4-mirror-valuation/P4MirrorOuterOccurrenceBridge/BridgeChunk13.lean
scratch/atail-force/unique4-p4-mirror-valuation/P4MirrorOuterOccurrenceBridge/BridgeChunk14.lean
scratch/atail-force/unique4-p4-mirror-valuation/P4MirrorOuterOccurrenceBridge/BridgeChunk15.lean
scratch/atail-force/unique4-p4-mirror-valuation/P4MirrorOuterOccurrenceBridge/BridgeChunk16.lean
scratch/atail-force/unique4-p4-mirror-valuation/P4MirrorOuterOccurrenceBridge/BridgeChunk17.lean
scratch/atail-force/unique4-p4-mirror-valuation/P4MirrorOuterOccurrenceBridge/BridgeChunk18.lean
scratch/atail-force/unique4-p4-mirror-valuation/P4MirrorOuterOccurrenceBridge/BridgeChunk19.lean
scratch/atail-force/unique4-p4-mirror-valuation/P4MirrorOuterOccurrenceBridge/BridgeChunk20.lean
scratch/atail-force/unique4-p4-mirror-valuation/P4MirrorOuterOccurrenceBridge/BridgeChunk21.lean
scratch/atail-force/unique4-p4-mirror-valuation/P4MirrorOuterOccurrenceBridge/BridgeChunk22.lean
scratch/atail-force/unique4-p4-mirror-valuation/P4MirrorOuterOccurrenceBridge/BridgeChunk23.lean
scratch/atail-force/unique4-p4-mirror-valuation/P4MirrorOuterOccurrenceBridge/BridgeChunk24.lean
scratch/atail-force/unique4-p4-mirror-valuation/P4MirrorOuterOccurrenceBridge/BridgeChunk25.lean
scratch/atail-force/unique4-p4-mirror-valuation/P4MirrorOuterOccurrenceBridge/BridgeChunk26.lean
scratch/atail-force/unique4-p4-mirror-valuation/P4MirrorOuterOccurrenceBridge/BridgeChunk27.lean
scratch/atail-force/unique4-p4-mirror-valuation/P4MirrorOuterOccurrenceBridge/BridgeChunk28.lean
scratch/atail-force/unique4-p4-mirror-valuation/P4MirrorOuterOccurrenceBridge/BridgeChunk29.lean
scratch/atail-force/unique4-p4-mirror-valuation/P4MirrorOuterOccurrenceBridge/BridgeChunk30.lean
scratch/atail-force/unique4-p4-mirror-valuation/P4MirrorOuterOccurrenceBridge/BridgeChunk31.lean
scratch/atail-force/unique4-p4-mirror-valuation/P4MirrorOuterOccurrenceBridge/BridgeChunk32.lean
scratch/atail-force/unique4-p4-mirror-valuation/P4MirrorOuterOccurrenceBridge/BridgeChunk33.lean
scratch/atail-force/unique4-p4-mirror-valuation/P4MirrorOuterOccurrenceBridge/BridgeChunk34.lean
scratch/atail-force/unique4-p4-mirror-valuation/P4MirrorOuterOccurrenceBridge/BridgeChunk35.lean
scratch/atail-force/unique4-p4-mirror-valuation/P4MirrorOuterOccurrenceBridge/BridgeChunk36.lean
scratch/atail-force/unique4-p4-mirror-valuation/P4MirrorOuterOccurrenceBridge/BridgeChunk37.lean
scratch/atail-force/unique4-p4-mirror-valuation/P4MirrorOuterOccurrenceBridge/BridgeChunk38.lean
scratch/atail-force/unique4-p4-mirror-valuation/P4MirrorOuterOccurrenceBridge/BridgeChunk39.lean
scratch/atail-force/unique4-p4-mirror-valuation/P4MirrorOuterOccurrenceBridge/BridgeChunk40.lean
scratch/atail-force/unique4-p4-mirror-valuation/P4MirrorOuterOccurrenceBridge/BridgeChunk41.lean
scratch/atail-force/unique4-p4-mirror-valuation/P4MirrorOuterOccurrenceBridge/BridgeChunk42.lean
scratch/atail-force/unique4-p4-mirror-valuation/P4MirrorOuterOccurrenceBridge/Core.lean
scratch/atail-force/unique4-p4-mirror-valuation/P4MirrorOuterOccurrenceBridge/Families.lean
scratch/atail-force/unique4-p4-mirror-valuation/P4MirrorOuterOccurrenceBridge/Main.lean
scratch/atail-force/unique4-p4-prefixed-closures/P4OccurrenceClosure/CyclicAlternation/BridgeAll.lean
scratch/atail-force/unique4-p4-prefixed-closures/P4OccurrenceClosure/CyclicAlternation/BridgeChunk01.lean
scratch/atail-force/unique4-p4-prefixed-closures/P4OccurrenceClosure/CyclicAlternation/BridgeChunk02.lean
scratch/atail-force/unique4-p4-prefixed-closures/P4OccurrenceClosure/CyclicAlternation/BridgeChunk03.lean
scratch/atail-force/unique4-p4-prefixed-closures/P4OccurrenceClosure/CyclicAlternation/BridgeChunk04.lean
scratch/atail-force/unique4-p4-prefixed-closures/P4OccurrenceClosure/CyclicAlternation/BridgeChunk05.lean
scratch/atail-force/unique4-p4-prefixed-closures/P4OccurrenceClosure/CyclicAlternation/BridgeChunk06.lean
scratch/atail-force/unique4-p4-prefixed-closures/P4OccurrenceClosure/CyclicAlternation/BridgeChunk07.lean
scratch/atail-force/unique4-p4-prefixed-closures/P4OccurrenceClosure/CyclicAlternation/BridgeChunk08.lean
scratch/atail-force/unique4-p4-prefixed-closures/P4OccurrenceClosure/CyclicAlternation/BridgeChunk09.lean
scratch/atail-force/unique4-p4-prefixed-closures/P4OccurrenceClosure/CyclicAlternation/BridgeChunk10.lean
scratch/atail-force/unique4-p4-prefixed-closures/P4OccurrenceClosure/CyclicAlternation/Core.lean
scratch/atail-force/unique4-p4-prefixed-closures/P4OccurrenceClosure/CyclicAlternation/Families.lean
scratch/atail-force/unique4-p4-prefixed-closures/P4OccurrenceClosure/CyclicAlternation/Main.lean
scratch/atail-force/unique4-p4-prefixed-closures/P4OccurrenceClosure/Kalmanson/BridgeAll.lean
scratch/atail-force/unique4-p4-prefixed-closures/P4OccurrenceClosure/Kalmanson/BridgeChunk01.lean
scratch/atail-force/unique4-p4-prefixed-closures/P4OccurrenceClosure/Kalmanson/BridgeChunk02.lean
scratch/atail-force/unique4-p4-prefixed-closures/P4OccurrenceClosure/Kalmanson/BridgeChunk03.lean
scratch/atail-force/unique4-p4-prefixed-closures/P4OccurrenceClosure/Kalmanson/BridgeChunk04.lean
scratch/atail-force/unique4-p4-prefixed-closures/P4OccurrenceClosure/Kalmanson/BridgeChunk05.lean
scratch/atail-force/unique4-p4-prefixed-closures/P4OccurrenceClosure/Kalmanson/BridgeChunk06.lean
scratch/atail-force/unique4-p4-prefixed-closures/P4OccurrenceClosure/Kalmanson/BridgeChunk07.lean
scratch/atail-force/unique4-p4-prefixed-closures/P4OccurrenceClosure/Kalmanson/BridgeChunk08.lean
scratch/atail-force/unique4-p4-prefixed-closures/P4OccurrenceClosure/Kalmanson/BridgeChunk09.lean
scratch/atail-force/unique4-p4-prefixed-closures/P4OccurrenceClosure/Kalmanson/BridgeChunk10.lean
scratch/atail-force/unique4-p4-prefixed-closures/P4OccurrenceClosure/Kalmanson/BridgeChunk11.lean
scratch/atail-force/unique4-p4-prefixed-closures/P4OccurrenceClosure/Kalmanson/BridgeChunk12.lean
scratch/atail-force/unique4-p4-prefixed-closures/P4OccurrenceClosure/Kalmanson/BridgeChunk13.lean
scratch/atail-force/unique4-p4-prefixed-closures/P4OccurrenceClosure/Kalmanson/BridgeChunk14.lean
scratch/atail-force/unique4-p4-prefixed-closures/P4OccurrenceClosure/Kalmanson/BridgeChunk15.lean
scratch/atail-force/unique4-p4-prefixed-closures/P4OccurrenceClosure/Kalmanson/Families.lean
scratch/atail-force/unique4-p4-prefixed-closures/P4OccurrenceClosure/Kalmanson/KalmansonCore.lean
scratch/atail-force/unique4-p4-prefixed-closures/P4OccurrenceClosure/Kalmanson/Main.lean
scratch/atail-force/unique4-p4-prefixed-closures/P4OccurrenceClosure/MutualTransport/BridgeAll.lean
scratch/atail-force/unique4-p4-prefixed-closures/P4OccurrenceClosure/MutualTransport/BridgeChunk01.lean
scratch/atail-force/unique4-p4-prefixed-closures/P4OccurrenceClosure/MutualTransport/BridgeChunk02.lean
scratch/atail-force/unique4-p4-prefixed-closures/P4OccurrenceClosure/MutualTransport/BridgeChunk03.lean
scratch/atail-force/unique4-p4-prefixed-closures/P4OccurrenceClosure/MutualTransport/BridgeChunk04.lean
scratch/atail-force/unique4-p4-prefixed-closures/P4OccurrenceClosure/MutualTransport/Core.lean
scratch/atail-force/unique4-p4-prefixed-closures/P4OccurrenceClosure/MutualTransport/Families.lean
scratch/atail-force/unique4-p4-prefixed-closures/P4OccurrenceClosure/MutualTransport/Main.lean
scratch/atail-force/unique4-p4-prefixed-closures/P4OccurrenceClosure/MutualTransport/Orientation.lean
scratch/atail-force/unique4-p4-right-cap-source-bridge/P4RightCapSourceBridge.lean
scratch/atail-force/unique4-p4-right-cap-source-bridge/RightCapOccurrences.lean
scratch/atail-force/unique4-p4-source-bridge/P4DirectOuterArcAdapter.lean
scratch/atail-force/unique4-p4-source-bridge/P4DirectOuterArcFinite.lean
scratch/atail-force/unique4-p4-source-bridge/P4GenericFamilies.lean
scratch/atail-force/unique4-p4-source-bridge/P4MirrorOuterArcTransport.lean
scratch/atail-force/unique4-p4-source-bridge/generated/p4-direct-row-arc-finite/P4DirectOuterArcFiniteData.lean
scratch/atail-force/unique4-p4-source-bridge/generated/p4-direct-row-arc-finite/P4DirectOuterArcFiniteDataChunk000.lean
scratch/atail-force/unique4-p4-source-bridge/generated/p4-direct-row-arc-finite/P4DirectOuterArcFiniteDataChunk001.lean
scratch/atail-force/unique4-p4-source-bridge/generated/p4-direct-row-arc-finite/P4DirectOuterArcFiniteDataChunk002.lean
scratch/atail-force/unique4-p4-source-bridge/generated/p4-direct-row-arc-finite/P4DirectOuterArcFiniteDataChunk003.lean
scratch/atail-force/unique4-p4-source-bridge/generated/p4-direct-row-arc-finite/P4DirectOuterArcFiniteDataChunk004.lean
scratch/atail-force/unique4-p4-source-bridge/generated/p4-direct-row-arc-finite/P4DirectOuterArcFiniteDataChunk005.lean
scratch/atail-force/unique4-p4-source-bridge/generated/p4-direct-row-arc-finite/P4DirectOuterArcFiniteDataChunk006.lean
scratch/atail-force/unique4-p4-source-bridge/generated/p4-direct-row-arc-finite/P4DirectOuterArcFiniteDataChunk007.lean
scratch/atail-force/unique4-p4-source-bridge/generated/p4-direct-row-arc-finite/P4DirectOuterArcFiniteDataChunk008.lean
scratch/atail-force/unique4-p4-source-bridge/generated/p4-direct-row-arc-finite/P4DirectOuterArcFiniteDataChunk009.lean
scratch/atail-force/unique4-p4-source-bridge/generated/p4-direct-row-arc-finite/P4DirectOuterArcFiniteDataChunk010.lean
scratch/atail-force/unique4-p4-source-bridge/generated/p4-direct-row-arc-finite/P4DirectOuterArcFiniteDataChunk011.lean
scratch/atail-force/unique4-p4-source-bridge/generated/p4-direct-row-arc-finite/P4DirectOuterArcFiniteDataChunk012.lean
scratch/atail-force/unique4-p4-source-bridge/generated/p4-direct-row-arc-finite/P4DirectOuterArcFiniteDataChunk013.lean
scratch/atail-force/unique4-p4-source-bridge/generated/p4-direct-row-arc-finite/P4DirectOuterArcFiniteDataChunk014.lean
scratch/atail-force/unique4-p4-source-bridge/generated/p4-direct-row-arc-finite/P4DirectOuterArcFiniteDataChunk015.lean
scratch/atail-force/unique4-p4-source-bridge/generated/p4-direct-row-arc-finite/P4DirectOuterArcFiniteDataChunk016.lean
scratch/atail-force/unique4-p4-source-bridge/generated/p4-direct-row-arc-finite/P4DirectOuterArcFiniteDataChunk017.lean
scratch/atail-force/unique4-p4-source-bridge/generated/p4-direct-row-arc-finite/P4DirectOuterArcFiniteDataChunk018.lean
scratch/atail-force/unique4-p4-source-bridge/generated/p4-direct-row-arc-finite/P4DirectOuterArcFiniteDataChunk019.lean
scratch/atail-force/unique4-p4-source-bridge/generated/p4-direct-row-arc-finite/P4DirectOuterArcFiniteDataChunk020.lean
scratch/atail-force/unique4-p4-source-bridge/generated/p4-direct-row-arc-finite/P4DirectOuterArcFiniteDataChunk021.lean
scratch/atail-force/unique4-p4-source-bridge/generated/p4-direct-row-arc-finite/P4DirectOuterArcFiniteDataChunk022.lean
scratch/atail-force/unique4-p4-source-bridge/generated/p4-direct-row-arc-finite/P4DirectOuterArcFiniteDataChunk023.lean
scratch/atail-force/unique4-p4-source-bridge/generated/p4-direct-row-arc-finite/P4DirectOuterArcFiniteDataChunk024.lean
scratch/atail-force/unique4-p4-strict-unit-source-bridge/P4StrictUnitResidual.lean
scratch/atail-force/unique4-p4-strict-unit-source-bridge/P4StrictUnitSourceBridge.lean
scratch/atail-force/unique4-p4-strict-unit-source-bridge/P4StrictUnitValuation.lean
scratch/atail-force/unique4-selected-class-curvature-adapter/SelectedFourClassCurvature.lean
scratch/atail-force/unique4-source-field-audit/CorrectedOwnCapKalmansonCores.lean
UNRESOLVED
scratch/atail-force/unique4-exact-two-lrat-ingress/generated/p5-largest-windowed-replay/WindowedRupReplay/Compose.lean WindowedRupReplay.Shard1 2
scratch/atail-force/unique4-exact-two-lrat-ingress/generated/p5-largest-windowed-replay/WindowedRupReplay/Compose.lean WindowedRupReplay.Shard2 2
scratch/atail-force/unique4-exact-two-lrat-ingress/generated/p4-seed0-compact-windowed-replay/CompactWindowedRupReplay/Compose.lean CompactWindowedRupReplay.Shard1 2
scratch/atail-force/unique4-exact-two-lrat-ingress/generated/p4-seed0-compact-windowed-replay/CompactWindowedRupReplay/Compose.lean CompactWindowedRupReplay.Shard2 2
scratch/atail-force/unique4-p4-right-cap-source-bridge/RightCapOccurrences.lean Families 15
scratch/atail-force/unique4-p4-direct-valuation/DirectSourceAdapter.lean Core 15
scratch/atail-force/unique4-p4-direct-valuation/DirectOuterBindingIntegrity.lean Main 15
scratch/atail-force/unique4-p4-strict-unit-source-bridge/P4StrictUnitValuation.lean Families 15
