'Problem97.erdos97_rhs' depends on axioms: [propext,
 sorryAx,
 Classical.choice,
 Lean.ofReduceBool,
 Lean.trustCompiler,
 Quot.sound]
'Problem96.erdos96_rhs' depends on axioms: [propext,
 sorryAx,
 Classical.choice,
 Lean.ofReduceBool,
 Lean.trustCompiler,
 Quot.sound]
'Problem97.ATailFrontierLiveClosure.false_of_originalFrontierUniqueRadiusArm' depends on axioms: [propext,
 sorryAx,
 Classical.choice,
 Quot.sound]
'Problem97.ATailFrontierLiveClosure.false_of_frontierAllLargeCapsTriApexRobustResidual' depends on axioms: [propext,
 sorryAx,
 Classical.choice,
 Quot.sound]
