positive-dr-common                  SAT    verified=False pass=True
positive-dr-d1                      SAT    verified=False pass=True
positive-dr-d2                      SAT    verified=False pass=True
positive-overlap-two                SAT    verified=False pass=True
negative-disjoint-X0-Y0             UNSAT  verified=True pass=True
negative-disjoint-X0-Y1             UNSAT  verified=True pass=True
negative-disjoint-X0-Y2             UNSAT  verified=True pass=True
negative-disjoint-X0-Y3             UNSAT  verified=True pass=True
negative-disjoint-X1-Y0             UNSAT  verified=True pass=True
negative-disjoint-X1-Y1             UNSAT  verified=True pass=True
negative-disjoint-X1-Y2             UNSAT  verified=True pass=True
negative-disjoint-X1-Y3             UNSAT  verified=True pass=True
negative-disjoint-X2-Y0             UNSAT  verified=True pass=True
negative-disjoint-X2-Y1             UNSAT  verified=True pass=True
negative-disjoint-X2-Y2             UNSAT  verified=True pass=True
negative-disjoint-X2-Y3             UNSAT  verified=True pass=True
negative-disjoint-X3-Y0             UNSAT  verified=True pass=True
negative-disjoint-X3-Y1             UNSAT  verified=True pass=True
negative-disjoint-X3-Y2             UNSAT  verified=True pass=True
negative-disjoint-X3-Y3             UNSAT  verified=True pass=True
negative-overlap-three              UNSAT  verified=True pass=True
direct-double-role-swap             PASS   verified=False pass=True
negative-swap-alias-1               UNSAT  verified=True pass=True
negative-swap-alias-2               UNSAT  verified=True pass=True
negative-swap-alias-3               UNSAT  verified=True pass=True
negative-swap-alias-4               UNSAT  verified=True pass=True
negative-swap-alias-5               UNSAT  verified=True pass=True
negative-qF-wF-same-slot            UNSAT  verified=True pass=True
negative-p-pP-same-slot             UNSAT  verified=True pass=True
negative-double-deletion-choice     UNSAT  verified=True pass=True
all_gates_pass=True
