c --- [ banner ] -------------------------------------------------------------
c 
c CaDiCaL SAT Solver
c Copyright (c) 2016-2025
c A. Biere, M. Fleury, N. Froleyks, K. Fazekas, F. Pollitt, T. Faller
c JKU Linz, University of Freiburg, TU Wien
c 
c Version 3.0.0 7b99c07f0bcab5824a5a3ce62c7066554017f641
c Apple clang version 21.0.0 (clang-2100.0.123.102) -Wall -Wextra -O3 -DNDEBUG -DNCLOSEFROM
c Thu Apr 23 22:35:47 PDT 2026 Darwin dada-mun-26.local 25.4.0 arm64
c 
c --- [ limit ] --------------------------------------------------------------
c 
c setting time limit to 3600 seconds real time (due to '-t 3600')
c 
c --- [ proof tracing ] ------------------------------------------------------
c 
c opening file to write 'scratch/atail-force/unique4-exact-two-core-map/generated/p4-seed0-plain-rup-certificate/p4-seed0-compact-plain.drat'
c writing binary proof trace to 'scratch/atail-force/unique4-exact-two-core-map/generated/p4-seed0-plain-rup-certificate/p4-seed0-compact-plain.drat'
c 
c --- [ parsing input ] ------------------------------------------------------
c 
c reading DIMACS file from 'scratch/atail-force/unique4-exact-two-core-map/generated/p4-seed0-compact/p4-seed0-compact.cnf'
c opening file to read 'scratch/atail-force/unique4-exact-two-core-map/generated/p4-seed0-compact/p4-seed0-compact.cnf'
c found 'p cnf 2557 19048' header
c parsed 19048 clauses in 0.00 seconds process time
c 
c --- [ options ] ------------------------------------------------------------
c 
c   --compact=false                (different from default 'true')
c   --congruence=false             (different from default 'true')
c   --decompose=false              (different from default 'true')
c   --deduplicate=false            (different from default 'true')
c   --eagersubsume=false           (different from default 'true')
c   --elim=false                   (different from default 'true')
c   --factor=false                 (different from default 'true')
c   --factorunbump=false           (different from default 'true')
c   --fastelim=false               (different from default 'true')
c   --inprobing=false              (different from default 'true')
c   --inprocessing=false           (different from default 'true')
c   --preprocesslight=false        (different from default 'true')
c   --probe=false                  (different from default 'true')
c   --subsume=false                (different from default 'true')
c   --sweep=false                  (different from default 'true')
c   --ternary=false                (different from default 'true')
c   --transred=false               (different from default 'true')
c   --vivify=false                 (different from default 'true')
c 
c --- [ solving ] ------------------------------------------------------------
c 
c time measured in process time since initialization
c 
c  seconds  reduction conflicts       size tier2      variables
c         MB    restarts   redundant    glue  trail        remaining
c          level     rate       size/glu tier1  irredundant
c 
c *  0.00  0  0 0   0  0    0    0 0.0 0 0 2 6  0% 19040 2540 99%
c )  0.00  0  0 0   0  0    0    0 0.0 0 0 2 6  0% 19040 2540 99%
c {  0.00  0  0 0   0  0    0    0 0.0 0 0 2 6  0% 19040 2540 99%
c i  0.00  0 796 0   0 160    6    4 2.0 2 1 2 6 75% 19040 2539 99%
c -  0.01  0 315 1  21 26  300  167 1.7 12 7 2 6 43% 19015 2539 99%
c -  0.01  0 181 2  40 14  734  414 1.9 13 7 2 6 31% 19015 2539 99%
c }  0.01  0 142 2  65 11 1003  671 1.8 13 7 2 6 32% 19015 2539 99%
c [  0.01  0  0 2  65  0 1003  671 0.0 0 0 2 6  0% 19015 2539 99%
c O  0.01  0  9 2  65 10 1004  672 3.5 7 2 2 6 12% 19015 2539 99%
c -  0.02  0 19 3  65  1 1411  721 2.1 16 8 2 6 31% 19015 2539 99%
c ]  0.02  0 19 3  65  1 1943 1246 2.1 18 8 2 6 28% 19015 2539 99%
c {  0.02  0 142 3  65 11 1943 1246 1.8 13 7 2 6 32% 19015 2539 99%
c -  0.02  0 109 4  79  9 2350 1061 1.9 14 7 2 6 28% 19015 2539 99%
c O  0.03  0 85 4  95  7 3005 1684 2.0 14 7 2 6 27% 19015 2539 99%
c -  0.03  0 74 5 114  6 3562 1621 2.0 14 7 2 6 27% 19015 2539 99%
c -  0.05  0 59 6 241  5 5054 2274 2.0 14 7 4 6 26% 19015 2539 99%
c }  0.05  0 59 6 244  5 5094 2312 2.0 14 7 4 6 26% 19015 2539 99%
c [  0.05  0 19 6 244  1 5094 2312 2.1 18 8 2 6 28% 19015 2539 99%
c I  0.06  0 24 6 245  1 6006 3184 2.3 18 8 5 8 26% 19015 2539 99%
c -  0.07  0 28 7 246  1 6832 2901 2.1 19 9 5 7 25% 19015 2539 99%
c 
c  seconds  reduction conflicts       size  tier2      variables
c         MB    restarts   redundant     glue  trail        remaining
c          level     rate       size/glue tier1  irredundant
c 
c ]  0.08  0 28 7 246  1 7927 3966 2.1 19 9 5 8 25% 19015 2539 99%
c {  0.08  0 59 7 246  5 7927 3966 2.0 14 7 4 6 26% 19015 2539 99%
c -  0.09  0 53 8 312  5 8898 3543 2.0 15 7 4 6 26% 19015 2539 99%
c #  0.10  0 48 8 366  4 10007 4592 2.0 15 7 4 6 25% 19015 2539 99%
c -  0.12  0 43 9 377  4 11257 4620 2.1 15 7 4 6 25% 19015 2539 99%
c }  0.13  0 40 9 502  4 12483 5793 2.1 15 7 4 6 25% 19015 2539 99%
c [  0.13  0 28 9 502  1 12483 5793 2.1 19 9 5 8 25% 19015 2539 99%
c -  0.15  0 27 10 503  1 13909 5526 2.0 19 10 4 7 24% 19015 2539 99%
c B  0.17  0 26 10 504  1 15009 6594 1.9 19 10 4 7 24% 19015 2539 99%
c ]  0.19  0 25 10 505  1 16277 7845 1.9 19 10 4 7 23% 19015 2539 99%
c {  0.19  0 40 10 505  4 16277 7845 2.1 15 7 4 6 25% 19015 2539 99%
c -  0.20  0 39 11 538  4 16857 6106 2.1 15 7 4 6 25% 19015 2539 99%
c i  0.20  0 39 11 564  4 17016 6264 2.1 15 7 4 6 25% 19015 2538 99%
c -  0.25  0 36 12 869  4 20104 7116 2.1 15 7 4 6 25% 18999 2538 99%
c B  0.27  0 35 12 1022  4 21010 7987 2.1 15 7 4 6 25% 18999 2538 99%
c }  0.28  0 34 12 1057  4 21852 8807 2.1 16 7 3 5 25% 18999 2538 99%
c [  0.28  0 25 12 1057  1 21852 8807 1.9 19 10 4 7 23% 18999 2538 99%
c -  0.31  0 24 13 1058  1 23649 6923 1.9 19 10 4 7 23% 18999 2538 99%
c -  0.38  0 24 14 1059  1 27493 7061 1.8 20 11 4 7 24% 18999 2538 99%
c ]  0.39  0 24 14 1059  1 27771 7333 1.8 20 11 4 7 24% 18999 2538 99%
c 
c  seconds  reductions   conflicts       size  tier2      variables
c         MB     restarts     redundant     glue  trail        remaining
c          level       rate        size/glue tier1  irredundant
c 
c {  0.39  0 34 14 1059  4 27771 7333 2.1 16 7 3 5 25% 18999 2538 99%
c W  0.41  0 34 14 1106  4 28015 7567 2.1 16 7 3 5 25% 18999 2538 99%
c -  0.48  0 32 15 1548  4 31638 7838 2.1 16 8 3 5 26% 18999 2538 99%
c }  0.54  0 30 15 1846  4 35137 11205 2.1 16 8 3 5 26% 18999 2538 99%
c [  0.54  0 24 15 1846  1 35137 11205 1.8 20 11 4 7 24% 18999 2538 99%
c W  0.57  0 24 15 1847  1 36018 12064 1.8 20 11 4 7 24% 18999 2538 99%
c -  0.57  0 24 16 1847  1 36086 8879 1.8 20 11 4 7 24% 18999 2538 99%
c -  0.68  0 23 17 1851  1 40835 9514 1.8 20 11 3 6 25% 18999 2538 99%
c ]  0.70  0 23 17 1851  1 42092 10747 1.8 20 11 3 6 25% 18999 2538 99%
c {  0.70  0 30 17 1851  4 42092 10747 2.1 16 8 3 5 26% 18999 2538 99%
c F  0.77  0 29 17 2256  4 45019 13581 2.1 16 8 3 5 26% 18999 2538 99%
c -  0.79  0 29 18 2278  4 45888 10323 2.1 16 8 3 5 25% 18999 2538 99%
c }  0.89  0 28 18 2745  4 50587 14886 2.1 16 8 3 5 25% 18999 2538 99%
c [  0.89  0 23 18 2745  1 50587 14886 1.8 20 11 3 6 25% 18999 2538 99%
c -  0.90  0 23 19 2746  1 51243 11594 1.8 20 11 3 6 25% 18999 2538 99%
c O  0.99  0 21 19 2746  1 55022 15318 1.9 20 11 3 6 25% 18999 2538 99%
c -  1.04  0 21 20 2747  1 56902 12220 1.8 20 11 3 6 25% 18999 2538 99%
c ]  1.10  0 20 20 2747  1 59496 14775 1.9 20 11 3 6 25% 18999 2538 99%
c {  1.10  0 28 20 2747  4 59496 14775 2.1 16 8 3 5 25% 18999 2538 99%
c -  1.17  0 27 21 2936  4 62865 13190 2.1 17 8 3 5 26% 18999 2538 99%
c 
c  seconds  reductions   conflicts        size  tier2      variables
c         MB     restarts      redundant     glue  trail        remaining
c          level       rate         size/glue tier1  irredundant
c 
c B  1.25  0 26 21 3320  4 66023 16238 2.1 17 8 3 5 26% 18999 2538 99%
c -  1.33  0 26 22 3688  4 69133 14585 2.1 17 8 3 5 26% 18999 2538 99%
c }  1.35  0 26 22 3740  4 69969 15385 2.1 17 8 3 5 26% 18999 2538 99%
c [  1.35  0 20 22 3740  1 69969 15385 1.9 20 11 3 6 25% 18999 2538 99%
c -  1.50  0 21 23 3742  1 75706 15669 1.9 20 10 3 6 27% 18999 2538 99%
c B  1.56  0 21 23 3743  1 78026 17951 1.9 20 11 3 6 26% 18999 2538 99%
c ]  1.63  0 20 23 3746  1 80845 20742 1.8 20 11 3 6 26% 18999 2538 99%
c {  1.63  0 26 23 3746  4 80845 20742 2.1 17 8 3 5 26% 18999 2538 99%
c -  1.68  0 25 24 4003  4 82584 15963 2.1 17 8 3 5 26% 18999 2538 99%
c -  1.89  0 25 25 4834  4 89769 17014 2.1 17 8 3 5 26% 18999 2538 99%
c W  1.99  0 25 25 4968  4 91027 18241 2.1 17 8 3 5 26% 18999 2538 99%
c }  2.02  0 24 25 5112  4 91912 19100 2.1 17 8 3 5 26% 18999 2538 99%
c [  2.02  0 20 25 5112  1 91912 19100 1.8 20 11 3 6 26% 18999 2538 99%
c -  2.16  0 20 26 5113  1 97263 18119 1.9 20 11 3 6 26% 18999 2538 99%
c ]  2.36  0 19 26 5119  1 104804 25537 1.9 20 11 3 6 26% 18999 2538 99%
c {  2.36  0 24 26 5119  4 104804 25537 2.1 17 8 3 5 26% 18999 2538 99%
c #  2.37  0 24 26 5133  4 105028 25752 2.1 17 8 3 5 26% 18999 2538 99%
c -  2.37  0 24 27 5141  4 105063 18626 2.1 17 8 3 5 26% 18999 2538 99%
c -  2.63  0 24 28 6098  4 113167 19985 2.1 17 8 3 5 26% 18999 2538 99%
c }  2.76  0 24 28 6672  4 117288 23983 2.1 18 8 3 5 26% 18999 2538 99%
c 
c  seconds  reductions   conflicts         size   tier2      variables
c         MB     restarts       redundant     glue   trail        remaining
c          level       rate          size/glue  tier1  irredundant
c 
c [  2.76  0 19 28 6672  1 117288 23983 1.9 20 11 3 6 26% 18999 2538 99%
c W  2.88  0 19 28 6673  1 120029 26691 1.9 20 11 3 6 26% 18999 2538 99%
c -  2.93  0 19 29 6673  1 121577 21312 1.9 20 11 3 6 26% 18999 2538 99%
c -  3.19  0 19 30 6674  1 130293 21681 1.9 21 11 3 6 25% 18999 2538 99%
c ]  3.25  0 19 30 6675  1 132271 23618 1.9 21 11 3 6 25% 18999 2538 99%
c {  3.25  0 24 30 6675  4 132271 23618 2.1 18 8 3 5 26% 18999 2538 99%
c B  3.36  0 23 30 7029  4 136033 27261 2.1 18 8 3 5 27% 18999 2538 99%
c -  3.46  0 23 31 7314  4 139317 18180 2.1 18 8 2 3 27% 18999 2538 99%
c -  3.74  0 22 32 8168  4 148650 18494 2.1 18 8 2 3 27% 18999 2538 99%
c }  3.74  0 22 32 8169  4 148655 18499 2.1 18 8 2 3 27% 18999 2538 99%
c [  3.74  0 19 32 8169  1 148655 18499 1.9 21 11 3 6 25% 18999 2538 99%
c I  3.86  0 19 32 8169  1 153034 22816 1.9 21 11 3 6 25% 18999 2538 99%
c -  4.02  0 19 33 8169  1 158288 18777 1.9 21 11 3 6 26% 18999 2538 99%
c ]  4.28  0 20 33 8172  1 167800 28141 1.9 22 11 3 6 26% 18999 2538 99%
c {  4.28  0 22 33 8172  4 167800 28141 2.1 18 8 2 3 27% 18999 2538 99%
c -  4.30  0 22 34 8261  4 168234 18674 2.1 18 8 2 3 27% 18999 2538 99%
c W  4.47  0 22 34 8565  4 171035 21382 2.1 18 9 2 3 27% 18999 2538 99%
c -  4.69  0 21 35 8951  3 178488 19721 2.1 18 8 2 3 27% 18999 2538 99%
c }  4.96  0 21 35 9699  3 187612 28601 2.1 18 8 2 3 28% 18999 2538 99%
c [  4.96  0 20 35 9699  1 187612 28601 1.9 22 11 3 6 26% 18999 2538 99%
c 
c  seconds  reductions   conflicts         size   tier2      variables
c         MB     restarts       redundant     glue   trail        remaining
c          level       rate          size/glue  tier1  irredundant
c 
c -  5.01  0 20 36 9701  1 189050 20862 1.9 22 11 3 6 26% 18999 2538 99%
c B  5.04  0 20 36 9702  1 190037 21832 1.9 22 11 3 6 26% 18999 2538 99%
c -  5.35  0 20 37 9706  1 199921 21280 1.9 22 11 3 6 27% 18999 2538 99%
c ]  5.62  0 19 37 9711  1 208706 29945 1.9 22 11 2 3 27% 18999 2538 99%
c {  5.62  0 21 37 9711  3 208706 29945 2.1 18 8 2 3 28% 18999 2538 99%
c F  5.68  0 21 37 9947  3 210038 31239 2.1 18 8 2 3 28% 18999 2538 99%
c -  5.71  0 21 38 10004  3 211099 21250 2.1 18 8 2 3 28% 18999 2538 99%
c -  6.10  0 20 39 11167  3 222587 22363 2.1 18 9 2 3 28% 18999 2538 99%
c }  6.31  0 20 39 11736  3 229454 29051 2.1 18 9 2 3 28% 18999 2538 99%
c [  6.31  0 19 39 11736  1 229454 29051 1.9 22 11 2 3 27% 18999 2538 99%
c W  6.48  0 19 39 11736  1 231039 30615 1.9 22 11 2 3 27% 18999 2538 99%
c -  6.58  0 19 40 11736  1 234383 23470 1.9 22 11 2 3 27% 18999 2538 99%
c -  6.97  0 19 41 11743  1 246487 23850 2.0 22 11 2 3 28% 18999 2538 99%
c O  7.18  0 18 41 11746  1 253041 30287 2.0 22 11 2 3 28% 18999 2538 99%
c ]  7.19  0 18 41 11746  1 253206 30445 2.0 22 11 2 3 28% 18999 2538 99%
c {  7.19  0 20 41 11746  3 253206 30445 2.1 18 9 2 3 28% 18999 2538 99%
c -  7.44  0 20 42 12561  3 258898 24293 2.1 18 9 2 3 28% 18999 2538 99%
c -  7.89  0 20 43 13686  3 271621 25657 2.2 19 9 2 3 28% 18999 2538 99%
c }  8.01  0 20 43 13942  3 275008 28943 2.2 19 9 2 3 28% 18999 2538 99%
c [  8.01  0 18 43 13942  1 275008 28943 2.0 22 11 2 3 28% 18999 2538 99%
c 
c  seconds  reductions    conflicts         size   tier2      variables
c         MB      restarts       redundant     glue   trail        remaining
c          level        rate          size/glue  tier1  irredundant
c 
c B  8.04  0 18 43 13942  1 276042 29959 2.0 22 11 2 3 28% 18999 2538 99%
c -  8.33  0 19 44 13947  1 284652 26306 1.9 22 11 2 3 27% 18999 2538 99%
c -  8.83  0 19 45 13948  1 297993 26025 1.9 22 12 2 3 27% 18999 2538 99%
c ]  8.89  0 19 45 13948  1 299590 27604 1.9 22 12 2 3 27% 18999 2538 99%
c {  8.89  0 20 45 13948  3 299590 27604 2.2 19 9 2 3 28% 18999 2538 99%
c B  8.91  0 20 45 13976  3 300045 28045 2.2 19 9 2 3 28% 18999 2538 99%
c -  9.38  0 20 46 15036  3 311641 27117 2.2 19 9 2 3 29% 18999 2538 99%
c }  9.90  0 20 46 16329  3 324131 39277 2.2 19 9 2 3 29% 18999 2538 99%
c [  9.90  0 19 46 16329  1 324131 39277 1.9 22 12 2 3 27% 18999 2538 99%
c W 10.13  0 19 46 16329  1 325047 40186 1.9 22 12 2 3 27% 18999 2538 99%
c - 10.15  0 19 47 16329  1 325597 28558 1.9 22 12 2 3 27% 18999 2538 99%
c - 10.70  0 18 48 16330  1 339862 29136 2.0 22 11 2 3 27% 18999 2538 99%
c ] 11.08  0 17 48 16330  1 350518 39637 2.0 22 11 2 3 27% 18999 2538 99%
c { 11.08  0 20 48 16330  3 350518 39637 2.2 19 9 2 3 29% 18999 2538 99%
c W 11.16  0 20 48 16434  3 351048 40147 2.2 19 9 2 3 29% 18999 2538 99%
c - 11.30  0 20 49 16694  3 354436 29205 2.2 19 9 2 3 29% 18999 2538 99%
c - 11.93  0 19 50 18293  3 369319 30591 2.2 19 9 2 3 29% 18999 2538 99%
c } 12.20  0 19 50 18941  3 376198 37284 2.2 19 9 2 3 29% 18999 2538 99%
c [ 12.20  0 17 50 18941  1 376198 37284 2.0 22 11 2 3 27% 18999 2538 99%
c I 12.26  0 17 50 18941  1 378051 39116 2.0 22 11 2 3 27% 18999 2538 99%
c 
c  seconds  reductions    conflicts         size   tier2      variables
c         MB      restarts       redundant     glue   trail        remaining
c          level        rate          size/glue  tier1  irredundant
c 
c - 12.48  0 18 51 18941  1 384511 31557 2.0 22 11 2 3 27% 18999 2538 99%
c - 13.07  0 18 52 18947  1 400013 31606 2.0 23 11 2 3 28% 18999 2538 99%
c B 13.29  0 18 52 18949  1 406055 37566 2.0 23 11 2 3 28% 18999 2538 99%
c ] 13.33  0 18 52 18950  1 407230 38722 2.0 23 12 2 3 28% 18999 2538 99%
c { 13.33  0 19 52 18950  3 407230 38722 2.2 19 9 2 3 29% 18999 2538 99%
c - 13.73  0 19 53 19750  3 415825 32206 2.2 20 9 2 3 29% 18999 2538 99%
c - 14.44  0 19 54 21466  3 431946 33563 2.2 20 9 2 3 29% 18999 2538 99%
c } 14.54  0 19 54 21712  3 433899 35466 2.2 20 9 2 3 29% 18999 2538 99%
c [ 14.54  0 18 54 21712  1 433899 35466 2.0 23 12 2 3 28% 18999 2538 99%
c W 14.78  0 18 54 21713  1 435056 36611 2.0 23 11 2 3 28% 18999 2538 99%
c - 15.32  0 18 55 21718  1 448376 34339 2.0 22 11 2 3 28% 18999 2538 99%
c ] 15.96  0 17 55 21725  1 463085 48880 2.0 22 11 2 3 28% 18999 2538 99%
c { 15.96  0 19 55 21725  3 463085 48880 2.2 20 9 2 3 29% 18999 2538 99%
c # 16.03  0 19 55 21741  3 465060 50821 2.2 19 9 2 3 29% 18999 2538 99%
c - 16.04  0 19 56 21751  3 465116 34148 2.2 19 9 2 3 29% 18999 2538 99%
c - 16.81  0 18 57 23451  3 482165 35470 2.2 19 9 2 3 29% 18999 2538 99%
c } 17.30  0 18 57 24673  3 493436 46425 2.1 19 9 2 3 29% 18999 2538 99%
c [ 17.30  0 17 57 24673  1 493436 46425 2.0 22 11 2 3 28% 18999 2538 99%
c O 17.42  0 17 57 24674  1 496064 49018 2.0 22 11 2 3 28% 18999 2538 99%
c - 17.58  0 17 58 24676  1 499525 36781 2.0 22 11 2 3 28% 18999 2538 99%
c 
c  seconds  reductions    conflicts         size   tier2      variables
c         MB      restarts       redundant     glue   trail        remaining
c          level        rate          size/glue  tier1  irredundant
c 
c - 18.33  0 17 59 24682  1 517195 37016 1.9 21 11 2 3 27% 18999 2538 99%
c ] 18.70  0 16 59 24682  1 526215 45898 1.9 21 11 2 3 27% 18999 2538 99%
c { 18.70  0 18 59 24682  3 526215 45898 2.1 19 9 2 3 29% 18999 2538 99%
c B 18.79  0 18 59 24835  3 528065 47702 2.1 19 9 2 3 29% 18999 2538 99%
c - 19.16  0 18 60 25511  3 535174 37376 2.1 19 9 2 3 29% 18999 2538 99%
c - 19.96  0 18 61 26942  3 553462 38821 2.1 19 9 2 3 29% 18999 2538 99%
c } 20.21  0 18 61 27268  3 559552 44756 2.1 19 9 2 3 29% 18999 2538 99%
c [ 20.21  0 16 61 27268  1 559552 44756 1.9 21 11 2 3 27% 18999 2538 99%
c B 20.27  0 16 61 27268  1 561068 46252 1.9 21 11 2 3 27% 18999 2538 99%
c - 20.77  0 16 62 27273  1 572061 39648 1.9 21 11 2 3 27% 18999 2538 99%
c - 21.64  0 16 63 27282  1 590971 39346 1.9 21 11 2 3 27% 18999 2538 99%
c ] 21.76  0 16 63 27283  1 593653 41998 1.9 21 11 2 3 27% 18999 2538 99%
c { 21.76  0 18 63 27283  3 593653 41998 2.1 19 9 2 3 29% 18999 2538 99%
c W 22.24  0 18 63 27418  3 595072 43379 2.1 19 9 2 3 29% 18999 2538 99%
c - 22.91  0 18 64 28379  3 610189 40383 2.1 19 9 2 3 29% 18999 2538 99%
c - 23.84  0 17 65 29916  3 629720 41862 2.1 19 9 2 3 29% 18999 2538 99%
c } 23.85  0 17 65 29916  3 629903 42039 2.1 19 9 2 3 29% 18999 2538 99%
c [ 23.85  0 16 65 29916  1 629903 42039 1.9 21 11 2 3 27% 18999 2538 99%
c W 23.96  0 16 65 29916  1 630073 42206 1.9 21 11 2 3 27% 18999 2538 99%
c - 24.88  0 16 66 29925  1 649558 42463 2.0 22 11 2 3 27% 18999 2538 99%
c 
c  seconds  reductions    conflicts         size   tier2      variables
c         MB      restarts       redundant     glue   trail        remaining
c          level        rate          size/glue  tier1  irredundant
c 
c I 25.63  0 16 66 29931  1 666077 58771 1.9 21 11 2 3 27% 18999 2538 99%
c ] 25.66  0 16 66 29931  1 666541 59224 1.9 21 11 2 3 27% 18999 2538 99%
c { 25.66  0 17 66 29931  3 666541 59224 2.1 19 9 2 3 29% 18999 2538 99%
c - 25.81  0 17 67 30068  3 669706 42251 2.1 19 9 2 3 29% 18999 2538 99%
c - 26.75  0 17 68 31401  3 690168 43663 2.1 19 9 2 3 29% 18999 2538 99%
c F 27.42  0 17 68 32842  3 703082 56273 2.1 19 9 2 3 29% 18999 2538 99%
c } 27.50  0 17 68 32958  3 704344 57502 2.1 19 9 2 3 29% 18999 2538 99%
c [ 27.50  0 16 68 32958  1 704344 57502 1.9 21 11 2 3 27% 18999 2538 99%
c - 27.82  0 16 69 32959  1 710939 44950 2.0 21 11 2 3 27% 18999 2538 99%
c - 28.88  0 16 70 32960  1 732018 45022 1.9 21 11 2 3 26% 18999 2538 99%
c B 29.31  0 15 70 32960  1 741084 53984 1.9 21 11 2 3 26% 18999 2538 99%
c ] 29.37  0 15 70 32960  1 742513 55393 1.9 21 11 2 3 26% 18999 2538 99%
c { 29.37  0 17 70 32960  3 742513 55393 2.1 19 9 2 3 29% 18999 2538 99%
c - 29.97  0 16 71 33940  3 753409 45231 2.1 19 9 2 3 28% 18999 2538 99%
c - 31.04  0 16 72 35311  3 775108 46931 2.1 19 9 2 3 28% 18999 2538 99%
c B 31.26  0 16 72 35644  3 780086 51805 2.1 19 9 2 3 28% 18999 2538 99%
c } 31.41  0 16 72 35763  2 783578 55224 2.1 19 9 2 3 28% 18999 2538 99%
c [ 31.41  0 15 72 35763  1 783578 55224 1.9 21 11 2 3 26% 18999 2538 99%
c - 32.14  0 16 73 35763  1 797118 48209 2.0 22 11 2 3 27% 18999 2538 99%
c - 33.24  0 16 74 35764  1 819440 48129 2.0 22 11 2 3 27% 18999 2538 99%
c 
c  seconds  reductions    conflicts         size   tier2      variables
c         MB      restarts       redundant     glue   trail        remaining
c          level        rate          size/glue  tier1  irredundant
c 
c W 33.83  0 16 74 35764  1 820087 48762 2.0 22 11 2 3 27% 18999 2538 99%
c ] 34.07  0 16 74 35764  1 825127 53728 2.0 22 11 2 3 27% 18999 2538 99%
c { 34.07  0 16 74 35764  2 825127 53728 2.1 19 9 2 3 28% 18999 2538 99%
c - 35.04  0 16 75 37325  3 842071 49302 2.1 19 9 2 3 29% 18999 2538 99%
c W 36.20  0 16 75 38822  2 861091 67863 2.1 19 9 2 3 29% 18999 2538 99%
c - 36.43  0 16 76 39141  2 865013 50804 2.1 19 9 2 3 29% 18999 2538 99%
c } 36.44  0 16 76 39162  2 865325 51108 2.1 19 9 2 3 29% 18999 2538 99%
c [ 36.44  0 16 76 39162  1 865325 51108 2.0 22 11 2 3 27% 18999 2538 99%
c - 37.61  0 17 77 39162  1 888264 51037 2.0 23 12 2 3 30% 18999 2538 99%
c O 38.34  0 17 77 39162  1 903093 65666 2.0 24 12 2 3 30% 18999 2538 99%
c ] 38.75  0 17 77 39168  1 911819 74243 2.0 23 12 2 3 31% 18999 2538 99%
c { 38.75  0 16 77 39168  2 911819 74243 2.1 19 9 2 3 29% 18999 2538 99%
c - 38.76  0 16 78 39168  2 911826 50219 2.1 19 9 2 3 29% 18999 2538 99%
c - 40.09  0 16 79 41399  3 935700 52061 2.1 19 9 2 3 30% 18999 2538 99%
c # 40.57  0 15 79 41721  2 946094 62233 2.0 19 9 2 3 30% 18999 2538 99%
c } 41.19  0 15 79 42800  2 956559 72461 2.0 19 9 2 3 30% 18999 2538 99%
c [ 41.19  0 17 79 42800  1 956559 72461 2.0 23 12 2 3 31% 18999 2538 99%
c - 41.38  0 17 80 42801  1 959882 53879 2.0 23 12 2 3 31% 18999 2538 99%
c - 42.73  0 16 81 42812  1 984375 54399 2.0 23 11 2 3 30% 18999 2538 99%
c B 43.02  0 16 81 42815  1 990098 60062 2.0 23 11 2 3 30% 18999 2538 99%
c 
c  seconds  reductions     conflicts         size   tier2      variables
c         MB      restarts        redundant     glue   trail        remaining
c          level        rate           size/glue  tier1  irredundant
c 
c ] 43.68  0 17 81 42822  1 1001740 71551 2.0 23 11 2 3 30% 18999 2538 99%
c { 43.68  0 15 81 42822  2 1001740 71551 2.0 19 9 2 3 30% 18999 2538 99%
c - 44.16  0 15 82 43472  2 1009178 54478 2.0 19 9 2 3 29% 18999 2538 99%
c - 45.62  0 15 83 45545  2 1034292 56112 2.0 19 9 2 3 29% 18999 2538 99%
c B 45.66  0 15 83 45642  2 1035100 56893 2.0 19 9 2 3 29% 18999 2538 99%
c } 46.34  0 15 83 46575  2 1047575 69073 2.0 19 9 2 3 29% 18999 2538 99%
c [ 46.34  0 17 83 46575  1 1047575 69073 2.0 23 11 2 3 30% 18999 2538 99%
c - 47.04  0 17 84 46577  1 1059721 57522 2.1 24 11 2 3 30% 18999 2538 99%
c W 48.94  0 16 84 46581  1 1081101 78609 2.1 23 11 2 3 31% 18999 2538 99%
c - 49.21  0 16 85 46584  1 1085457 57736 2.1 23 11 2 3 31% 18999 2538 99%
c ] 49.74  0 16 85 46589  1 1094657 66836 2.1 23 11 2 3 30% 18999 2538 99%
c { 49.74  0 15 85 46589  2 1094657 66836 2.0 19 9 2 3 29% 18999 2538 99%
c - 50.87  0 15 86 47950  2 1111503 58592 2.0 19 9 2 3 29% 18999 2538 99%
c W 52.01  0 15 86 49211  2 1128102 74782 2.0 19 9 1 2 29% 18999 2538 99%
c - 52.53  0 15 87 49562  2 1137859 50338 2.0 18 9 1 2 29% 18999 2538 99%
c } 52.82  0 15 87 50029  2 1143637 55980 2.0 18 9 1 2 29% 18999 2538 99%
c [ 52.82  0 16 87 50029  1 1143637 55980 2.1 23 11 2 3 30% 18999 2538 99%
c - 53.90  0 16 88 50037  1 1164526 48039 2.0 22 11 2 3 29% 18999 2538 99%
c I 54.47  0 15 88 50043  1 1176103 59488 2.0 22 11 2 3 29% 18999 2538 99%
c - 55.31  0 16 89 50048  1 1191505 46484 2.0 22 11 2 3 29% 18999 2538 99%
c 
c  seconds  reductions     conflicts         size   tier2      variables
c         MB      restarts        redundant     glue   trail        remaining
c          level        rate           size/glue  tier1  irredundant
c 
c ] 55.74  0 16 89 50049  1 1200581 55452 2.0 22 11 2 3 29% 18999 2538 99%
c { 55.74  0 15 89 50049  2 1200581 55452 2.0 18 9 1 2 29% 18999 2538 99%
c - 56.84  0 15 90 51555  2 1218796 47345 2.0 19 9 1 2 29% 18999 2538 99%
c F 57.20  0 15 90 52270  2 1225104 53533 2.0 19 9 1 2 29% 18999 2538 99%
c - 58.52  0 15 91 54385  2 1246398 49250 2.0 19 9 1 2 29% 18999 2538 99%
c } 58.92  0 15 91 54818  2 1254898 57557 2.0 19 9 1 2 29% 18999 2538 99%
c [ 58.92  0 16 91 54818  1 1254898 57557 2.0 22 11 2 3 29% 18999 2538 99%
c - 60.10  0 16 92 54819  1 1274308 50072 2.0 22 11 2 3 29% 18999 2538 99%
c B 60.14  0 16 92 54819  1 1275105 50857 2.0 22 11 2 3 29% 18999 2538 99%
c - 61.68  0 16 93 54824  1 1302531 49106 2.1 23 11 2 3 29% 18999 2538 99%
c ] 62.15  0 15 93 54828  1 1311437 57888 2.1 23 11 2 3 30% 18999 2538 99%
c { 62.15  0 15 93 54828  2 1311437 57888 2.0 19 9 1 2 29% 18999 2538 99%
c B 63.00  0 15 93 55847  2 1326106 72260 2.0 19 9 1 2 29% 18999 2538 99%
c - 63.34  0 15 94 56377  2 1331067 49901 2.0 19 9 1 2 29% 18999 2538 99%
c - 64.94  0 15 95 58120  2 1359911 51317 2.0 19 9 1 2 29% 18999 2538 99%
c } 65.54  0 15 95 59043  2 1370303 61502 2.0 19 9 1 2 29% 18999 2538 99%
c [ 65.54  0 15 95 59043  1 1370303 61502 2.1 23 11 2 3 30% 18999 2538 99%
c W 66.84  0 15 95 59048  1 1378107 69227 2.1 23 11 2 3 30% 18999 2538 99%
c - 67.51  0 15 96 59049  1 1389064 51947 2.1 23 11 1 2 30% 18999 2538 99%
c - 69.25  0 15 97 59064  1 1418528 51316 2.1 22 11 1 2 29% 18999 2538 99%
c 
c  seconds  reductions     conflicts         size   tier2      variables
c         MB      restarts        redundant     glue   trail        remaining
c          level        rate           size/glue  tier1  irredundant
c 
c ] 69.73  0 15 97 59065  1 1427647 60349 2.1 22 11 1 2 28% 18999 2538 99%
c { 69.73  0 15 97 59065  2 1427647 60349 2.0 19 9 1 2 29% 18999 2538 99%
c W 70.09  0 15 97 59110  2 1431108 63744 2.0 19 9 1 2 28% 18999 2538 99%
c - 71.22  0 15 98 60470  2 1448303 51895 2.0 19 9 1 2 29% 18999 2538 99%
c - 72.93  0 14 99 62116  2 1478391 53249 2.0 19 9 1 2 28% 18999 2538 99%
c # 73.25  0 14 99 62367  2 1485109 59839 2.0 19 9 1 2 28% 18999 2538 99%
c } 73.59  0 14 99 62724  2 1490769 65375 2.0 19 9 1 2 28% 18999 2538 99%
c [ 73.59  0 15 99 62724  1 1490769 65375 2.1 22 11 1 2 28% 18999 2538 99%
c - 74.64  0 15 100 62730  1 1508788 53787 2.0 21 11 1 2 28% 18999 2538 99%
c - 76.37  0 15 101 62743  1 1539496 52387 2.0 22 11 1 2 28% 18999 2538 99%
c O 76.40  0 15 101 62743  1 1540111 52991 2.0 22 11 1 2 28% 18999 2538 99%
c ] 77.25  0 15 101 62752  1 1555945 68620 2.0 22 11 1 2 28% 18999 2538 99%
c { 77.25  0 14 101 62752  2 1555945 68620 2.0 19 9 1 2 28% 18999 2538 99%
c - 78.20  0 14 102 63578  2 1570515 52808 2.1 19 9 1 2 28% 18999 2538 99%
c B 79.78  0 14 102 65735  2 1596112 77828 2.1 19 9 1 2 29% 18999 2538 99%
c - 80.18  0 14 103 66304  2 1601845 54744 2.0 19 9 1 2 28% 18999 2538 99%
c } 81.20  0 14 103 67390  2 1620446 72951 2.0 18 9 1 2 28% 18999 2538 99%
c [ 81.20  0 15 103 67390  1 1620446 72951 2.0 22 11 1 2 28% 18999 2538 99%
c - 81.94  0 15 104 67393  1 1633486 55386 2.0 21 11 1 2 28% 18999 2538 99%
c B 83.02  0 14 104 67394  1 1653113 74791 1.9 21 11 1 2 28% 18999 2538 99%
c 
c  seconds   reductions     conflicts         size   tier2      variables
c         MB       restarts        redundant     glue   trail        remaining
c          level         rate           size/glue  tier1  irredundant
c 
c - 83.77  0 14 105 67394  1 1665437 54310 1.9 21 11 1 2 28% 18999 2538 99%
c ] 85.06  0 14 105 67395  1 1689134 77703 1.9 20 11 1 2 28% 18999 2538 99%
c { 85.06  0 14 105 67395  2 1689134 77703 2.0 18 9 1 2 28% 18999 2538 99%
c - 85.71  0 14 106 68291  2 1697700 53964 2.0 18 9 1 2 28% 18999 2538 99%
c W 87.49  0 14 106 69384  2 1711116 67096 2.0 18 9 1 2 28% 18999 2538 99%
c - 88.66  0 14 107 70512  2 1730274 55684 2.0 18 9 1 2 28% 18999 2538 99%
c } 90.32  0 14 107 72367  2 1757737 82514 2.0 18 9 1 2 28% 18999 2538 99%
c [ 90.32  0 14 107 72367  1 1757737 82514 1.9 20 11 1 2 28% 18999 2538 99%
c - 90.64  0 14 108 72367  1 1763160 56970 1.9 20 11 1 2 27% 18999 2538 99%
c W 91.25  0 14 108 72367  1 1770117 63858 1.9 20 10 1 2 27% 18999 2538 99%
c - 92.91  0 15 109 72367  1 1796356 57126 2.0 21 11 1 2 28% 18999 2538 99%
c ] 94.69  0 15 109 72368  1 1826848 87208 2.1 22 11 1 2 29% 18999 2538 99%
c { 94.69  0 14 109 72368  2 1826848 87208 2.0 18 9 1 2 28% 18999 2538 99%
c - 94.89  0 14 110 72523  2 1829864 56097 2.0 18 9 1 2 28% 18999 2538 99%
c F 94.91  0 14 110 72525  2 1830121 56350 2.0 18 9 1 2 28% 18999 2538 99%
c - 96.98  0 14 111 75441  2 1863683 58099 2.0 18 9 1 2 29% 18999 2538 99%
c B 98.59  0 14 111 77338  2 1891124 84919 2.0 18 9 1 2 29% 18999 2538 99%
c } 98.93  0 14 111 77875  2 1896189 89869 2.0 18 9 1 2 29% 18999 2538 99%
c [ 98.93  0 15 111 77875  1 1896189 89869 2.1 22 11 1 2 29% 18999 2538 99%
c - 99.04  0 15 112 77875  1 1897812 59251 2.1 22 11 1 2 29% 18999 2538 99%
c 
c  seconds    reductions     conflicts         size   tier2      variables
c          MB       restarts        redundant     glue   trail        remaining
c           level         rate           size/glue  tier1  irredundant
c 
c - 101.07  0 14 113 77875  1 1932252 58792 2.0 21 10 1 2 28% 18999 2538 99%
c I 102.14  0 14 113 77875  1 1953126 79415 2.0 20 10 1 2 28% 18999 2538 99%
c - 102.94  0 14 114 77875  1 1967003 57209 2.0 20 10 1 2 29% 18999 2538 99%
c ] 102.98  0 14 114 77875  1 1967713 57908 2.0 20 10 1 2 29% 18999 2538 99%
c { 102.98  0 14 114 77875  2 1967713 57908 2.0 18 9 1 2 29% 18999 2538 99%
c - 104.97  0 14 115 80681  2 2002066 59265 2.0 18 9 1 2 29% 18999 2538 99%
c W 106.59  0 14 115 81236  2 2016128 73065 2.0 18 9 1 2 29% 18999 2538 99%
c - 107.90  0 14 116 82923  2 2037442 60636 2.0 18 9 1 2 29% 18999 2538 99%
c } 108.15  0 14 116 83219  2 2042610 65687 2.0 18 9 1 2 29% 18999 2538 99%
c [ 108.15  0 14 116 83219  1 2042610 65687 2.0 20 10 1 2 29% 18999 2538 99%
c - 109.80  0 13 117 83219  1 2073127 60558 2.0 20 10 1 2 29% 18999 2538 99%
c B 110.13  0 13 117 83219  1 2080130 67470 2.0 20 10 1 2 29% 18999 2538 99%
c - 111.66  0 13 118 83229  1 2109122 57670 1.9 19 10 1 2 29% 18999 2538 99%
c i 111.73  0 13 118 83229  1 2110890 59414 1.9 19 10 1 2 29% 18999 2534 99%
c ] 112.38  0 13 118 83234  1 2123337 71692 2.0 19 10 1 2 29% 18999 2534 99%
c { 112.38  0 14 118 83234  2 2123337 71692 2.0 18 9 1 2 29% 18999 2534 99%
c # 113.64  0 13 118 84161  2 2145132 93072 2.0 18 9 1 2 28% 18999 2534 99%
c - 113.67  0 13 119 84201  2 2145429 55381 2.0 18 9 1 2 28% 18834 2534 99%
c - 115.75  0 13 120 86820  2 2182047 58005 2.0 18 9 1 2 28% 18834 2534 99%
c } 116.93  0 13 120 88090  2 2203887 79371 2.0 18 9 1 2 28% 18834 2534 99%
c 
c  seconds    reductions     conflicts         size   tier2      variables
c          MB       restarts        redundant     glue   trail        remaining
c           level         rate           size/glue  tier1  irredundant
c 
c [ 116.93  0 13 120 88090  1 2203887 79371 2.0 19 10 1 2 29% 18834 2534 99%
c W 118.06  0 13 120 88093  1 2211135 86525 2.0 19 10 1 2 29% 18834 2534 99%
c - 118.51  0 13 121 88097  1 2218976 59495 2.0 19 10 1 2 28% 18834 2534 99%
c - 120.66  0 13 122 88106  1 2256216 59661 2.1 20 10 1 2 28% 18834 2534 99%
c O 121.88  0 13 122 88119  1 2278136 81343 2.1 21 10 1 2 28% 18834 2534 99%
c ] 122.28  0 13 122 88121  1 2284599 87738 2.1 20 10 1 2 28% 18834 2534 99%
c { 122.28  0 13 122 88121  2 2284599 87738 2.0 18 9 1 2 28% 18834 2534 99%
c i 122.63  0 13 122 88419  2 2290508 93502 2.0 17 9 1 2 28% 18834 2529 99%
c - 122.86  0 13 123 88656  2 2293767 56799 2.0 17 9 1 2 28% 18651 2529 99%
c i 123.46  0 13 123 89076  2 2305551 68351 2.0 17 9 1 2 28% 18651 2528 99%
c - 125.01  0 13 124 90928  2 2331629 55682 2.0 17 9 1 2 28% 18428 2528 99%
c i 125.20  0 12 124 90972  2 2335860 59814 2.0 17 8 1 2 28% 18428 2527 99%
c B 125.78  0 12 124 91903  2 2346138 69840 2.0 17 8 1 2 28% 18428 2527 99%
c } 127.06  0 12 124 93215  2 2367769 91035 2.0 17 8 1 2 28% 18428 2527 99%
c [ 127.06  0 13 124 93215  1 2367769 91035 2.1 20 10 1 2 28% 18428 2527 99%
c - 127.20  0 13 125 93215  1 2369806 56339 2.1 20 10 1 2 28% 18173 2527 99%
c - 129.54  0 13 126 93231  1 2408292 58177 2.1 20 9 1 2 28% 18173 2527 99%
c i 129.93  0 12 126 93231  1 2414892 64690 2.1 20 9 1 2 28% 18173 2526 99%
c B 129.95  0 12 126 93231  1 2415139 64935 2.1 20 9 1 2 28% 18173 2526 99%
c i 131.33  0 12 126 93232  1 2438284 87765 2.2 20 9 1 2 28% 18173 2465 96%
c 
c  seconds    reductions     conflicts         size  tier2      variables
c          MB       restarts        redundant     glue  trail        remaining
c           level         rate           size/glue tier1  irredundant
c 
c i 131.38  0 12 126 93232  1 2438897 88364 2.2 20 9 1 2 28% 18173 2463 96%
c i 131.41  0 12 126 93232  1 2439456 88915 2.2 20 9 1 2 28% 18173 2453 96%
c i 131.42  0 12 126 93232  1 2439574 89028 2.2 20 9 1 2 28% 18173 2438 95%
c ] 131.42  0 12 126 93232  1 2439580 89032 2.2 20 9 1 2 28% 18173 1974 77%
c 0 131.42  0 12 126 93232  1 2439580 89032 2.2 20 9 1 2 28% 18173 1974 77%
c 
c --- [ closing proof ] ------------------------------------------------------
c 
c DRAT proof file 'scratch/atail-force/unique4-exact-two-core-map/generated/p4-seed0-plain-rup-certificate/p4-seed0-compact-plain.drat' closed
c DRAT 2415939 added clauses 50.94%
c DRAT 2327198 deleted clauses 49.06%
c DRAT 185423304 bytes (176.83 MB)
c 
c --- [ result ] -------------------------------------------------------------
c 
s UNSATISFIABLE
c 
c --- [ run-time profiling ] -------------------------------------------------
c 
c process time taken by individual solving procedures
c (percentage relative to process time for solving)
c 
c       131.42  100.00% search
c        62.36   47.45% stable
c        62.33   47.43% unstable
c         6.73    5.12% walk
c         0.00    0.00% parse
c         0.00    0.00% lucky
c         0.00    0.00% simplify
c   =================================
c       131.42  100.00% solve
c 
c last line shows process time for solving
c (percentage relative to total process time)
c 
c --- [ statistics ] ---------------------------------------------------------
c 
c chronological:            431927        17.70 %  of conflicts
c conflicts:               2439580     18563.79    per second
c decisions:               4256924     32392.73    per second
c fixed:                       583        22.80 %  of all variables
c learned:                 2394866        98.17 %  per conflict
c learned_lits:           80421858       100.00 %  learned literals
c minimized:                     0         0.00 %  learned literals
c shrunken:               22286094        27.71 %  learned literals
c minishrunken:           10539551        13.11 %  learned literals
c otfs:                       6666         0.27 %  of conflict
c propagations:          443150180         3.37 M  per second
c reduced:                 2278493        93.40 %  per conflict
c rephased:                     69     35356.23    interval
c restarts:                  93232        26.17    interval
c stabilizing:                  34        50.91 %  of conflicts
c subsumed:                    556         0.02 %  of all clauses
c strengthened:               6388         0.26 %  of all clauses
c ticks:               14045883050        31.70    propagation
c walked:                       21    116170.48    interval
c 
c seconds are measured in process time for solving
c 
c --- [ glue usage ] ---------------------------------------------------------
c 
c focused glue 1 used 6514903 clauses 58.30% accumulated 58.30% tier1
c focused glue 2 used 2543731 clauses 22.76% accumulated 81.06% tier2
c 
c stable glue 1 used 7929755 clauses 57.28% accumulated 57.28% tier1
c stable glue 2 used 2792871 clauses 20.17% accumulated 77.45% tier2
c 
c 
c --- [ resources ] ----------------------------------------------------------
c 
c total process time since initialization:       131.42    seconds
c total real time since initialization:          131.43    seconds
c maximum resident set size of process:       128576.00    MB
c 
c --- [ shutting down ] ------------------------------------------------------
c 
c exit 20
