module=Erdos9796Proof.P97.ATail.CardElevenUniqueFourCertificate.Support.Unique4AlignedP5Occurrence.UniqueFourKalmansonReflection
command=lean -R . -M16384 -s2097152 -Dpp.unicode.fun=true -DrelaxedAutoImplicit=false -Dweak.linter.mathlibStandardSet=true -o /Users/adam/projects/math-projects/erdos-97-96-formalization/scratch/card11-production-promotion/isolated-build/full-old-semantics-lean-4.27/work/8be05f19662d3177-tkuoopak/module.olean -i /Users/adam/projects/math-projects/erdos-97-96-formalization/scratch/card11-production-promotion/isolated-build/full-old-semantics-lean-4.27/work/8be05f19662d3177-tkuoopak/module.ilean Erdos9796Proof/P97/ATail/CardElevenUniqueFourCertificate/Support/Unique4AlignedP5Occurrence/UniqueFourKalmansonReflection.lean

'Problem97.UniqueFourKalmansonReflectionScratch.dist_add_dist_lt_diagonal_sum_of_ccw_of_decreasing' depends on axioms: [propext,
 Classical.choice,
 Quot.sound]
'Problem97.UniqueFourKalmansonReflectionScratch.complementary_dist_add_dist_lt_diagonal_sum_of_ccw_of_decreasing' depends on axioms: [propext,
 Classical.choice,
 Quot.sound]
'Problem97.UniqueFourKalmansonReflectionScratch.false_of_schemaOne_normalized' depends on axioms: [propext,
 Classical.choice,
 Quot.sound]
'Problem97.UniqueFourKalmansonReflectionScratch.false_of_schemaFour_normalized' depends on axioms: [propext,
 Classical.choice,
 Quot.sound]
'Problem97.UniqueFourKalmansonReflectionScratch.false_of_schemaSix_normalized' depends on axioms: [propext,
 Classical.choice,
 Quot.sound]
'Problem97.UniqueFourKalmansonReflectionScratch.false_of_schemaSix_reflected' depends on axioms: [propext,
 Classical.choice,
 Quot.sound]
'Problem97.UniqueFourKalmansonReflectionScratch.false_of_schemaNine_normalized' depends on axioms: [propext,
 Classical.choice,
 Quot.sound]
Erdos9796Proof/P97/ATail/CardElevenUniqueFourCertificate/Support/Unique4AlignedP5Occurrence/UniqueFourKalmansonReflection.lean:7:0: warning: This line exceeds the 100 character limit, please shorten it!

Note: This linter can be disabled with `set_option linter.style.longLine false`
