'Problem97.ATailUniqueFourRobustLargeRadiusContinuationScratch.ExactFourTwoDistinctRadiiContinuation' depends on axioms: [propext,
 Classical.choice,
 Quot.sound]
'Problem97.ATailUniqueFourRobustLargeRadiusContinuationScratch.nonempty_twoDistinctRadiiContinuation' depends on axioms: [propext,
 Classical.choice,
 Quot.sound]
'Problem97.ATailUniqueFourRobustLargeRadiusContinuationScratch.ExactFiveSecondApexCommonDeletionSuccessor' depends on axioms: [propext,
 Classical.choice,
 Quot.sound]
'Problem97.ATailUniqueFourRobustLargeRadiusContinuationScratch.nonempty_exactFiveSecondApexCommonDeletionSuccessor' depends on axioms: [propext,
 Classical.choice,
 Quot.sound]
'Problem97.ATailUniqueFourRobustLargeRadiusContinuationScratch.ExactFiveBareCycleSecondApexNormalForm' depends on axioms: [propext,
 Classical.choice,
 Quot.sound]
'Problem97.ATailUniqueFourRobustLargeRadiusContinuationScratch.nonempty_exactFiveBareCycleSecondApexNormalForm' depends on axioms: [propext,
 Classical.choice,
 Quot.sound]
'Problem97.ATailUniqueFourRobustLargeRadiusContinuationScratch.ExactFiveCycleSecondApexNormalForm' depends on axioms: [propext,
 Classical.choice,
 Quot.sound]
'Problem97.ATailUniqueFourRobustLargeRadiusContinuationScratch.nonempty_exactFiveCycleSecondApexNormalForm' depends on axioms: [propext,
 Classical.choice,
 Quot.sound]
'Problem97.ATailUniqueFourRobustLargeRadiusContinuationScratch.ExactFourFivePointRadiusReduction' depends on axioms: [propext,
 Classical.choice,
 Quot.sound]
'Problem97.ATailUniqueFourRobustLargeRadiusContinuationScratch.nonempty_secondRowCommonDeletionSuccessor_of_robust' depends on axioms: [propext,
 Classical.choice,
 Quot.sound]
'Problem97.ATailUniqueFourRobustLargeRadiusContinuationScratch.nonempty_fivePointRadiusReduction' depends on axioms: [propext,
 Classical.choice,
 Quot.sound]
'Problem97.ATailUniqueFourRobustLargeRadiusContinuationScratch.ExactFourPostCardElevenRobustContinuation' depends on axioms: [propext,
 Classical.choice,
 Quot.sound]
'Problem97.ATailUniqueFourRobustLargeRadiusContinuationScratch.nonempty_exactFourPostCardElevenRobustContinuation' depends on axioms: [propext,
 Classical.choice,
 Quot.sound]
