'Problem97.ATailUniqueFourRobustLargeRadiusContinuationScratch.ExactFourTwoRadiusSuccessorNormalForm' depends on axioms: [propext,
 Classical.choice,
 Quot.sound]
'Problem97.ATailUniqueFourRobustLargeRadiusContinuationScratch.nonempty_exactFourTwoRadiusSuccessorNormalForm' depends on axioms: [propext,
 Classical.choice,
 Quot.sound]
'Problem97.ATailUniqueFourRobustLargeRadiusContinuationScratch.ExactFourCollisionIntervalContinuation' depends on axioms: [propext,
 Classical.choice,
 Quot.sound]
'Problem97.ATailUniqueFourRobustLargeRadiusContinuationScratch.nonempty_collisionIntervalContinuation' depends on axioms: [propext,
 Classical.choice,
 Quot.sound]
'Problem97.ATailUniqueFourRobustLargeRadiusContinuationScratch.ExactFourSingletonAlternateRadiusOutcome' depends on axioms: [propext,
 Classical.choice,
 Quot.sound]
'Problem97.ATailUniqueFourRobustLargeRadiusContinuationScratch.ExactFourTwoRadiusNoFiveNormalForm' depends on axioms: [propext,
 Classical.choice,
 Quot.sound]
'Problem97.ATailUniqueFourRobustLargeRadiusContinuationScratch.nonempty_exactFourTwoRadiusNoFiveNormalForm' depends on axioms: [propext,
 Classical.choice,
 Quot.sound]
