BridgeChunk05 0
BridgeChunk03 0
BridgeChunk06 0
BridgeChunk04 0
BridgeChunk08 0
BridgeChunk10 0
BridgeChunk09 0
BridgeChunk07 0
BridgeChunk11 0
BridgeChunk14 0
BridgeChunk13 0
BridgeChunk12 0
BridgeChunk16 0
BridgeChunk18 0
BridgeChunk17 0
BridgeChunk15 0
BridgeChunk20 0
BridgeChunk21 0
BridgeChunk22 0
BridgeChunk19 0
BridgeChunk24 0
BridgeChunk25 0
BridgeChunk26 0
BridgeChunk23 0
BridgeChunk27 0
BridgeChunk28 0
BridgeChunk29 0
BridgeChunk30 0
BridgeChunk34 0
BridgeChunk33 0
BridgeChunk31 0
BridgeChunk32 0
BridgeChunk37 0
BridgeChunk36 0
BridgeChunk35 0
BridgeChunk38 0
BridgeChunk42 0
BridgeChunk41 0
BridgeChunk40 0
BridgeChunk39 0
