'Problem97.P4RightCapSourceBridgeScratch.rightCapPositions_image_surplusCap' depends on axioms: [propext,
 Classical.choice,
 Quot.sound]
'Problem97.P4RightCapSourceBridgeScratch.secondOppositeCapPositions_image_oppCap2' depends on axioms: [propext,
 Classical.choice,
 Quot.sound]
'Problem97.P4RightCapSourceBridgeScratch.shortCapPositions_image_oppCap1' depends on axioms: [propext,
 Classical.choice,
 Quot.sound]
'Problem97.P4RightCapSourceBridgeScratch.secondOppositeCapEndpointOwnCapAtMostOneSat_direct' depends on axioms: [propext,
 Classical.choice,
 Quot.sound]
'Problem97.P4RightCapSourceBridgeScratch.shortCapEndpointOwnCapAtMostOneSat_direct' depends on axioms: [propext,
 Classical.choice,
 Quot.sound]
'Problem97.P4RightCapSourceBridgeScratch.rightCapEndpointOwnCapAtMostOneSat_direct' depends on axioms: [propext,
 Classical.choice,
 Quot.sound]
'Problem97.P4RightCapSourceBridgeScratch.secondOppositeCapOwnCapAtMostTwoSat_direct' depends on axioms: [propext,
 Classical.choice,
 Quot.sound]
'Problem97.P4RightCapSourceBridgeScratch.shortCapOwnCapAtMostTwoSat_direct' depends on axioms: [propext,
 Classical.choice,
 Quot.sound]
'Problem97.P4RightCapSourceBridgeScratch.rightCapOwnCapAtMostTwoSat_direct' depends on axioms: [propext,
 Classical.choice,
 Quot.sound]
'Problem97.P4RightCapSourceBridgeScratch.secondOppositeCapClassHitAtLeastOne_direct' depends on axioms: [propext,
 Classical.choice,
 Quot.sound]
'Problem97.P4RightCapSourceBridgeScratch.rightCapClassHitAtLeastOne_direct' depends on axioms: [propext,
 Classical.choice,
 Quot.sound]
