/Users/adam/projects/math-projects/erdos-97-96-formalization/scratch/atail-force/unique-arm-post-card11-coordinator/PostCardElevenRefinedCoordinator.lean:7:0: error: unknown module prefix 'P4RowRadiusOccurrenceBridge'

No directory 'P4RowRadiusOccurrenceBridge' or file 'P4RowRadiusOccurrenceBridge.olean' in the search path entries:
/Users/adam/projects/math-projects/erdos-97-96-formalization/scratch/atail-force/unique-arm-post-card11-coordinator/olean-427
/Users/adam/projects/math-projects/erdos-97-96-formalization/scratch/atail-force/unique4-robust-cap-expansion/olean-427
scratch/atail-force/unique5-distinct-hybrid-terminal/olean-427
scratch/atail-force/unique4-robust-completion-radius-choice/olean-427
scratch/atail-force/exact-five-mutual-global-cap-consumer/olean-427
scratch/atail-force/unique4-robust-cap-expansion/olean-427
scratch/atail-force/unique4-p4-compact-atom-binding/olean-427
scratch/atail-force/unique5-coincident-direct-false/olean-427
scratch/atail-force/unique4-p4-mirror-valuation/olean-427
scratch/atail-force/unique4-p4-direct-valuation/olean-427
scratch/atail-force/unique4-p4-prefixed-closures/olean-427
scratch/atail-force/robust-two-radius-center-localization/olean-427
scratch/atail-force/unique4-swapped-terminal/olean-427
scratch/atail-force/unique4-source-closer/olean-427
scratch/atail-force/exact-five-reverse-outside-pair-producer/olean-427
scratch/atail-force/unique4-p4-strict-unit-source-bridge/olean-427
scratch/atail-force/unique4-p4-cegar6-occurrence-bridge/olean-427
scratch/atail-force/unique4-p4-mirror-cap-source-bridge/olean-427
scratch/atail-force/unique4-n11-source-lift/olean-427
scratch/atail-force/unique4-p4-certificate-closure/olean-427
scratch/atail-force/unique4-late-choice-terminal/olean-427
scratch/atail-force/unique4-global-coupling/olean-427
scratch/atail-force/unique-arm-post-card11-coordinator/olean-427
scratch/atail-force/exact-five-mutual-omission-closure/olean-427
scratch/atail-force/common-deletion-parent-consumer/olean-427
scratch/atail-force/unique4-p4-direct-outer-occurrence-bridge/olean-427
scratch/atail-force/unique4-p4-source-bridge/generated/p4-direct-row-arc-finite/olean-427
scratch/atail-force/unique4-p4-source-bridge/olean-427
scratch/atail-force/unique4-p4-right-cap-source-bridge/olean-427
scratch/atail-force/biapex-continuation-grid/olean-427
scratch/atail-force/unique4-p4-critical-support-occurrence-bridge/olean-427
scratch/atail-force/exact-five-reverse-membership-closure/olean-427
scratch/atail-force
scratch/atail-force/bank-clean-lean-certificate/compact-fallback
scratch/atail-force/bank-clean-lean-certificate/compact-fallback/LambdaKxFine
scratch/atail-force/biapex-continuation-grid
scratch/atail-force/biapex-continuation-grid/olean-427
scratch/atail-force/blocker-distinct-radius
scratch/atail-force/common-deletion-parent-consumer/olean-427
scratch/atail-force/exact-five-mutual-global-cap-consumer/olean-427
scratch/atail-force/exact-five-mutual-omission-closure/olean-427
scratch/atail-force/exact-five-reverse-membership-closure/olean-427
scratch/atail-force/exact-five-reverse-outside-pair-producer/olean-427
scratch/atail-force/exact5-bv-encoding-profile
scratch/atail-force/exact5-card13-all-one-certificate-ingress/generated-left-candidate
scratch/atail-force/exact5-card13-all-one-certificate-ingress/generated-left-verified-ingress-split
scratch/atail-force/exact5-card13-all-one-certificate-ingress/generated-middle-candidate
scratch/atail-force/exact5-card13-all-one-certificate-ingress/generated-middle-verified-ingress-split
scratch/atail-force/exact5-card13-all-one-certificate-ingress/generated-right-candidate
scratch/atail-force/exact5-card13-all-one-certificate-ingress/generated-right-verified-ingress-split
scratch/atail-force/exact5-card13-all-one-certificate-ingress/generated-smoke
scratch/atail-force/exact5-card13-all-one-source-ingress
scratch/atail-force/exact5-card13-all-one-source-ingress/generated-left-composition
scratch/atail-force/exact5-card13-all-one-source-ingress/generated-middle-base
scratch/atail-force/exact5-card13-all-one-source-ingress/generated-middle-composition
scratch/atail-force/exact5-card13-all-one-source-ingress/generated-middle-rank
scratch/atail-force/exact5-card13-all-one-source-ingress/generated-right-composition
scratch/atail-force/exact5-card13-cnf-ingress-audit
scratch/atail-force/exact5-card13-distinct-radius-base-retained-ingress
scratch/atail-force/exact5-card13-distinct-radius-base-retained-ingress/generated-direct
scratch/atail-force/exact5-card13-distinct-radius-base-retained-ingress/generated-mirror
scratch/atail-force/exact5-card13-distinct-radius-dispatcher
scratch/atail-force/exact5-card13-distinct-radius-source-ingress
scratch/atail-force/exact5-card13-distinct-radius-source-ingress/coordinator
scratch/atail-force/exact5-card13-distinct-radius-source-ingress/coordinator/selected-assignment
scratch/atail-force/exact5-card13-distinct-radius-source-ingress/coordinator/selected-eval-direct
scratch/atail-force/exact5-card13-distinct-radius-source-ingress/coordinator/selected-eval-mirror
scratch/atail-force/exact5-card13-distinct-radius-source-ingress/coordinator/selected-exact
scratch/atail-force/exact5-card13-distinct-radius-source-ingress/coordinator/selected-rank
scratch/atail-force/exact5-card13-distinct-radius-source-ingress/coordinator/selected-semantic-direct
scratch/atail-force/exact5-card13-distinct-radius-source-ingress/coordinator/selected-semantic-mirror
scratch/atail-force/exact5-card13-distinct-radius-source-ingress/rank-instances
scratch/atail-force/exact5-card13-distinct-radius-source-ingress/reachability
scratch/atail-force/exact5-card13-same-radius-dispatcher
scratch/atail-force/exact5-first-apex-card13-normal-form
scratch/atail-force/exact5-first-apex-card13-parent-row-coupling
scratch/atail-force/full-geometry-producer
scratch/atail-force/generic-marginal-pair-count
scratch/atail-force/global-minimality-connectivity-audit
scratch/atail-force/global-mutual-distinct-blocker-terminal
scratch/atail-force/kalmanson-parent-order-adapter
scratch/atail-force/robust-two-radius-center-localization/olean-427
scratch/atail-force/second-cap-incidence-coupling
scratch/atail-force/unique-arm-post-card11-coordinator/olean-427
scratch/atail-force/unique-arm-route-audit
scratch/atail-force/unique-row-producer
scratch/atail-force/unique4-aligned-p5-occurrence
scratch/atail-force/unique4-class-cap-distribution
scratch/atail-force/unique4-direct-false
scratch/atail-force/unique4-exact-two-lrat-ingress
scratch/atail-force/unique4-exact-two-lrat-ingress/generated/p4-seed0-compact-windowed-replay-olean-427/CompactWindowedRupReplay
scratch/atail-force/unique4-exact-two-lrat-ingress/generated/p4-seed0-compact-windowed-replay-olean-427/CompactWindowedRupReplay/Checkpoint
scratch/atail-force/unique4-exact-two-lrat-ingress/generated/p4-seed0-compact-windowed-replay-olean-427/CompactWindowedRupReplay/Shard1
scratch/atail-force/unique4-exact-two-lrat-ingress/generated/p4-seed0-compact-windowed-replay-olean-427/CompactWindowedRupReplay/Shard2
scratch/atail-force/unique4-exact-two-lrat-ingress/generated/p5-largest-compact-windowed-replay-benchmark/olean/CompactWindowedRupReplay
scratch/atail-force/unique4-exact-two-lrat-ingress/generated/p5-largest-compact-windowed-replay-benchmark/olean/CompactWindowedRupReplay/Checkpoint
scratch/atail-force/unique4-exact-two-lrat-ingress/generated/p5-largest-compact-windowed-replay-benchmark/olean/CompactWindowedRupReplay/Shard1
scratch/atail-force/unique4-exact-two-lrat-ingress/generated/p5-largest-compact-windowed-replay-benchmark/olean/CompactWindowedRupReplay/Shard2
scratch/atail-force/unique4-exact-two-lrat-ingress/generated/p5-largest-replay.pre-kernel-options-20260723/CheckpointedRupReplay
scratch/atail-force/unique4-exact-two-lrat-ingress/generated/p5-largest-window-0001-replay/WindowedRupReplay
scratch/atail-force/unique4-exact-two-lrat-ingress/generated/p5-largest-windowed-replay-olean-427/WindowedRupReplay
scratch/atail-force/unique4-exact-two-lrat-ingress/generated/p5-largest-windowed-replay-olean-427/WindowedRupReplay/Checkpoint
scratch/atail-force/unique4-exact-two-lrat-ingress/generated/p5-largest-windowed-replay-olean-427/WindowedRupReplay/Shard1
scratch/atail-force/unique4-exact-two-lrat-ingress/generated/p5-largest-windowed-replay-olean-427/WindowedRupReplay/Shard2
scratch/atail-force/unique4-exact-two-lrat-ingress/lean-replay-fixture/RupReplayFixture
scratch/atail-force/unique4-exact-two-occurrence
scratch/atail-force/unique4-exact-two-schema-decoder
scratch/atail-force/unique4-exact-two-source-bridge/IndexedSource
scratch/atail-force/unique4-exact-two-source-bridge/MirrorSchema58
scratch/atail-force/unique4-exact-two-source-bridge/OccurrenceBridge
scratch/atail-force/unique4-global-coupling/olean-427
scratch/atail-force/unique4-kalmanson-core-port
scratch/atail-force/unique4-late-choice-terminal
scratch/atail-force/unique4-late-choice-terminal/olean-427
scratch/atail-force/unique4-n11-source-lift
scratch/atail-force/unique4-n11-source-lift/olean-427
scratch/atail-force/unique4-p4-cegar6-occurrence-bridge/olean-427
scratch/atail-force/unique4-p4-certificate-closure/olean-427
scratch/atail-force/unique4-p4-compact-atom-binding/olean-427
scratch/atail-force/unique4-p4-compact-atom-binding/olean-427/generated
scratch/atail-force/unique4-p4-critical-support-occurrence-bridge/olean-427
scratch/atail-force/unique4-p4-direct-outer-occurrence-bridge/olean-427
scratch/atail-force/unique4-p4-direct-valuation/olean-427
scratch/atail-force/unique4-p4-mirror-cap-source-bridge/olean-427
scratch/atail-force/unique4-p4-mirror-valuation/olean-427
scratch/atail-force/unique4-p4-mirror-valuation/olean-427/P4MirrorOuterOccurrenceBridge
scratch/atail-force/unique4-p4-prefixed-closures/olean-427/P4OccurrenceClosure
scratch/atail-force/unique4-p4-prefixed-closures/olean-427/P4OccurrenceClosure/CyclicAlternation
scratch/atail-force/unique4-p4-prefixed-closures/olean-427/P4OccurrenceClosure/Kalmanson
scratch/atail-force/unique4-p4-prefixed-closures/olean-427/P4OccurrenceClosure/MutualTransport
scratch/atail-force/unique4-p4-right-cap-source-bridge/olean-427
scratch/atail-force/unique4-p4-source-bridge/generated/p4-direct-row-arc-finite/olean-427
scratch/atail-force/unique4-p4-source-bridge/olean-427
scratch/atail-force/unique4-p4-strict-unit-source-bridge/olean-427
scratch/atail-force/unique4-robust-cap-expansion/olean-427
scratch/atail-force/unique4-robust-cap-expansion/olean-427-singleton-successor
scratch/atail-force/unique4-robust-completion-radius-choice/olean-427
scratch/atail-force/unique4-source-closer
scratch/atail-force/unique4-source-closer/olean-427
scratch/atail-force/unique4-swapped-terminal
scratch/atail-force/unique4-swapped-terminal/olean-427
scratch/atail-force/unique4-uniform-route-audit
scratch/atail-force/unique5-coincident-direct-false/olean-427
scratch/atail-force/unique5-distinct-hybrid-terminal/olean-427
scratch/atail-force/unique5-physical-cycle-reorientation
/Users/adam/projects/math-projects/erdos-97-96/lean/.lake/packages/Cli/.lake/build/lib/lean
/Users/adam/projects/math-projects/erdos-97-96/lean/.lake/packages/batteries/.lake/build/lib/lean
/Users/adam/projects/math-projects/erdos-97-96/lean/.lake/packages/Qq/.lake/build/lib/lean
/Users/adam/projects/math-projects/erdos-97-96/lean/.lake/packages/aesop/.lake/build/lib/lean
/Users/adam/projects/math-projects/erdos-97-96/lean/.lake/packages/proofwidgets/.lake/build/lib/lean
/Users/adam/projects/math-projects/erdos-97-96/lean/.lake/packages/importGraph/.lake/build/lib/lean
/Users/adam/projects/math-projects/erdos-97-96/lean/.lake/packages/LeanSearchClient/.lake/build/lib/lean
/Users/adam/projects/math-projects/erdos-97-96/lean/.lake/packages/plausible/.lake/build/lib/lean
/Users/adam/projects/math-projects/erdos-97-96/lean/.lake/packages/mathlib/.lake/build/lib/lean
/Users/adam/projects/math-projects/erdos-97-96/lean/.lake/packages/formal_conjectures/.lake/build/lib/lean
/Users/adam/projects/math-projects/erdos-97-96-formalization/lean/.lake/build/lib/lean
/Users/adam/.elan/toolchains/leanprover--lean4---v4.27.0/lib/lean
/Users/adam/.elan/toolchains/leanprover--lean4---v4.27.0/lib/lean
