dangerous_blocker_collapse|scratch/atail-force/dangerous_blocker_collapse.lean
DoubleSurvivorConsumer|scratch/atail-force/double-survivor-consumer/DoubleSurvivorConsumer.lean
SubcarrierTerminalInvariant|scratch/atail-force/subcarrier-terminal-invariant/SubcarrierTerminalInvariant.lean
FixedFirstRadiusTerminalDescent|scratch/atail-force/r-full-parent-entry/FixedFirstRadiusTerminalDescent.lean
RTransitionLiveSurface|scratch/atail-force/r-transition-live-surface/RTransitionLiveSurface.lean
blocker_cap_location|scratch/atail-force/blocker-cap-geometry/blocker_cap_location.lean
RobustPairBlockerNormalForm|scratch/atail-force/r-complement-blocker-map/RobustPairBlockerNormalForm.lean
ActualBlockerCapMetricClassifier|scratch/atail-force/r-actual-blocker-transition/ActualBlockerCapMetricClassifier.lean
ActualBlockerRobustSuccessor|scratch/atail-force/r-actual-blocker-transition/ActualBlockerRobustSuccessor.lean
ActualBlockerOrbitNormalForm|scratch/atail-force/r-actual-blocker-transition/ActualBlockerOrbitNormalForm.lean
ActualBlockerMinimalCycle|scratch/atail-force/r-actual-blocker-transition/ActualBlockerMinimalCycle.lean
FixedSingleRadiusCycleConsequence|scratch/atail-force/r-full-parent-entry/FixedSingleRadiusCycleConsequence.lean
FixedSingleRadiusOrbitEntryIntegration|scratch/atail-force/r-full-parent-entry/FixedSingleRadiusOrbitEntryIntegration.lean
RetainedPointProvenance|scratch/atail-force/r-full-parent-entry/RetainedPointProvenance.lean
LeastTerminalHitPredecessor|scratch/atail-force/r-full-parent-entry/LeastTerminalHitPredecessor.lean
ContinuationBankMatch|scratch/atail-force/continuation-bank-match/ContinuationBankMatch.lean
PrescribedDeletionEdge|scratch/atail-force/prescribed-deletion-edge/PrescribedDeletionEdge.lean
FixedSingleRadiusTerminalCommonDeletion|scratch/atail-force/r-full-parent-entry/FixedSingleRadiusTerminalCommonDeletion.lean
StrictOppCapCrossClassifier|scratch/atail-force/strict-oppcap-cross-classifier/StrictOppCapCrossClassifier.lean
FixedSingleRadiusCycleCapLocalization|scratch/atail-force/r-full-parent-entry/FixedSingleRadiusCycleCapLocalization.lean
FixedSingleRadiusCycleSameCapEdge|scratch/atail-force/r-full-parent-entry/FixedSingleRadiusCycleSameCapEdge.lean
ActualBlockerMinimalCycleClassifier|scratch/atail-force/r-actual-blocker-transition/ActualBlockerMinimalCycleClassifier.lean
FixedSingleRadiusCycleSuccessorMate|scratch/atail-force/r-full-parent-entry/FixedSingleRadiusCycleSuccessorMate.lean
FixedSingleRadiusCycleCommonDeletion|scratch/atail-force/r-full-parent-entry/FixedSingleRadiusCycleCommonDeletion.lean
FixedSingleRadiusCommonDeletionIntegration|scratch/atail-force/r-full-parent-entry/FixedSingleRadiusCommonDeletionIntegration.lean
ActualBlockerOmissionAdapter|scratch/atail-force/r-full-parent-entry/ActualBlockerOmissionAdapter.lean
CoherentRCommonDeletionProvenance|scratch/atail-force/r-full-parent-entry/CoherentRCommonDeletionProvenance.lean
CriticalShellDangerousTripleAdapter|scratch/atail-force/common-deletion-consumer/CriticalShellDangerousTripleAdapter.lean
CriticalSystemRebase|scratch/atail-force/critical-system-rebase/CriticalSystemRebase.lean
CommonDeletionCriticalExpansion|scratch/atail-force/common-deletion-consumer/CommonDeletionCriticalExpansion.lean
AnchoredSourceCriticalTransitionConsumer|scratch/atail-force/r-full-parent-entry/AnchoredSourceCriticalTransitionConsumer.lean
LeastTerminalHitReciprocalRowSplit|scratch/atail-force/r-full-parent-entry/LeastTerminalHitReciprocalRowSplit.lean
AnchoredFreshSuccessor|scratch/atail-force/r-full-parent-entry/AnchoredFreshSuccessor.lean
ReciprocalDirectedCrossGlobalBoundary|scratch/atail-force/r-full-parent-entry/ReciprocalDirectedCrossGlobalBoundary.lean
DangerousRowCoupling|scratch/atail-force/r-parent-dangerous-row-coupling/DangerousRowCoupling.lean
CoherentRPeriodTwoSourceOutside|scratch/atail-force/r-full-parent-entry/CoherentRPeriodTwoSourceOutside.lean
FixedSingleRadiusCycleSecondApexExtrema|scratch/atail-force/r-full-parent-entry/FixedSingleRadiusCycleSecondApexExtrema.lean
FixedSingleRadiusCycleOrderedCapLift|scratch/atail-force/r-full-parent-entry/FixedSingleRadiusCycleOrderedCapLift.lean
FixedSingleRadiusCycleSourceOutside|scratch/atail-force/r-full-parent-entry/FixedSingleRadiusCycleSourceOutside.lean
FixedSingleRadiusCycleReanchoring|scratch/atail-force/r-full-parent-entry/FixedSingleRadiusCycleReanchoring.lean
OppCap2CycleBoundarySourceOutside|scratch/atail-force/r-full-parent-entry/OppCap2CycleBoundarySourceOutside.lean
FixedSingleRadiusCycleAnchoredIntegration|scratch/atail-force/r-full-parent-entry/FixedSingleRadiusCycleAnchoredIntegration.lean
FixedSingleRadiusAnchoredOrTerminalResidual|scratch/atail-force/r-full-parent-entry/FixedSingleRadiusAnchoredOrTerminalResidual.lean
CapFiveApexRigidity|scratch/atail-force/full-geometry-producer/CapFiveApexRigidity.lean
SpentEntryAlternateRadiusDescent|scratch/atail-force/r-full-parent-entry/SpentEntryAlternateRadiusDescent.lean
SpentEntryCommonDeletionReduction|scratch/atail-force/r-full-parent-entry/SpentEntryCommonDeletionReduction.lean
SelfCenteredCommonDeletionClassifier|scratch/atail-force/r-full-parent-entry/SelfCenteredCommonDeletionClassifier.lean
ActualBlockerTerminalHitConsumer|scratch/atail-force/r-actual-blocker-transition/ActualBlockerTerminalHitConsumer.lean
SpentEntryOriginalPairResidualReduction|scratch/atail-force/r-full-parent-entry/SpentEntryOriginalPairResidualReduction.lean
SpentEntryTerminalMutualHitConsumer|scratch/atail-force/r-full-parent-entry/SpentEntryTerminalMutualHitConsumer.lean
FullParentFixedRadiusNormalForm|scratch/atail-force/r-full-parent-normal-form/FullParentFixedRadiusNormalForm.lean
DangerousRetainingFullParentNormalForm|scratch/atail-force/r-full-parent-normal-form/DangerousRetainingFullParentNormalForm.lean
PacketReorientationAudit|scratch/atail-force/blocker-distinct-radius/PacketReorientationAudit.lean
CriticalPairFrontierSwapAudit|scratch/atail-force/blocker-distinct-radius/CriticalPairFrontierSwapAudit.lean
ReciprocalSecondApexRadiusConsumer|scratch/atail-force/r-reciprocal-bank-consumer/ReciprocalSecondApexRadiusConsumer.lean
ReciprocalSwapReduction|scratch/atail-force/r-reciprocal-swap-reduction/ReciprocalSwapReduction.lean
ReciprocalSwapIntegration|scratch/atail-force/r-reciprocal-swap-integration/ReciprocalSwapIntegration.lean
AnchoredOffSurplusFrontierSuccessor|scratch/atail-force/r-full-parent-entry/AnchoredOffSurplusFrontierSuccessor.lean
AnchoredTwoRowCoverConsumer|scratch/atail-force/r-anchored-221-consumer/AnchoredTwoRowCoverConsumer.lean
TwoOffLiveFailureClassification|scratch/atail-force/r-two-off-live-failure/TwoOffLiveFailureClassification.lean
ParentFalseSurface|scratch/atail-force/parent-false-surface/ParentFalseSurface.lean
ContinuationGeometryClassifier|scratch/atail-force/continuation-geometry-classifier/ContinuationGeometryClassifier.lean
ThirdRowProfileBank|scratch/atail-force/third-row-profile-bank/ThirdRowProfileBank.lean
RobustClassifierTarget|scratch/atail-force/robust-classifier-target/RobustClassifierTarget.lean
EquilateralSecondGeneration|scratch/atail-force/equilateral-second-generation/EquilateralSecondGeneration.lean
JointTransitionCore|scratch/atail-force/joint-transition-core/JointTransitionCore.lean
FrontierContinuationDispatcher|scratch/atail-force/frontier-continuation-dispatcher/FrontierContinuationDispatcher.lean
ContinuationCapOrderClassifier|scratch/atail-force/continuation-cap-order-classifier/ContinuationCapOrderClassifier.lean
CrossSurvivalEliminator|scratch/atail-force/cross-survival-eliminator/CrossSurvivalEliminator.lean
GlobalSourceSelection|scratch/atail-force/global-source-selection/GlobalSourceSelection.lean
CommonDeletionSuccessorCycle|scratch/atail-force/common-deletion-consumer/CommonDeletionSuccessorCycle.lean
LiveCommonDeletionExpansion|scratch/atail-force/r-live-common-deletion-expansion/LiveCommonDeletionExpansion.lean
GlobalCriticalContinuation|scratch/atail-force/global-critical-continuation/GlobalCriticalContinuation.lean
same_cap_second_center|scratch/atail-force/same_cap_second_center.lean
FailureProfilesParentLift|scratch/atail-force/r-failure-profiles-parent-lift/FailureProfilesParentLift.lean
F2LiveHeavyPlacementAudit|scratch/atail-force/r-f2-liveheavy-placement/F2LiveHeavyPlacementAudit.lean
F2ThreeRowChain|scratch/atail-force/r-f2-three-row-chain/F2ThreeRowChain.lean
F2SupportHeavyReduction|scratch/atail-force/r-f2-supportheavy-reduction/F2SupportHeavyReduction.lean
F2StrictCellNormalForm|scratch/atail-force/r-f2-strict-cell-normal-form/F2StrictCellNormalForm.lean
OriginTaggedCoordinator|scratch/atail-force/r-origin-tagged-coordinator/OriginTaggedCoordinator.lean
AnchoredProvenanceF2Lift|scratch/atail-force/r-f2-anchored-provenance-lift/AnchoredProvenanceF2Lift.lean
F2ThreeRowMetricAudit|scratch/atail-force/r-f2-three-row-metric-audit/F2ThreeRowMetricAudit.lean
F2SecondApexRadiusTransport|scratch/atail-force/r-f2-second-apex-radius-transport/F2SecondApexRadiusTransport.lean
BlockerAlignment|scratch/atail-force/global-k4-extension/BlockerAlignment.lean
ApexAlignmentConsumer|scratch/atail-force/apex-alignment-consumer/ApexAlignmentConsumer.lean
FavorableSystemParentSurface|scratch/atail-force/critical-system-rebase/FavorableSystemParentSurface.lean
NonEquilateralContinuation|scratch/atail-force/non-equilateral-continuation/NonEquilateralContinuation.lean
NonEquilateralParentProducer|scratch/atail-force/non-equilateral-parent-producer/NonEquilateralParentProducer.lean
FavorableRoutedBranchSurface|scratch/atail-force/critical-system-rebase/FavorableRoutedBranchSurface.lean
LateCriticalSystemSurface|scratch/atail-force/critical-system-rebase/LateCriticalSystemSurface.lean
DeletedApexOmissionProducer|scratch/atail-force/apex-alignment-consumer/DeletedApexOmissionProducer.lean
RTwoOffLiveHandler|scratch/atail-force/r-two-off-live-handler/RTwoOffLiveHandler.lean
