'Problem97.ATailUniqueFourSwappedTerminalScratch.not_mem_uniqueExactFourClass_of_erase_survives' depends on axioms: [propext,
 Classical.choice,
 Quot.sound]
'Problem97.ATailUniqueFourSwappedTerminalScratch.ingress_secondRow_eq_swappedPhysicalSecondClass' depends on axioms: [propext,
 Classical.choice,
 Quot.sound]
'Problem97.ATailUniqueFourSwappedTerminalScratch.originalFirstClass_strictOppCap1_card_ge_two' depends on axioms: [propext,
 Classical.choice,
 Quot.sound]
'Problem97.ATailUniqueFourSwappedTerminalScratch.swappedPhysicalSecondClass_strictOppCap2_card_ge_two' depends on axioms: [propext,
 Classical.choice,
 Quot.sound]
'Problem97.ATailUniqueFourSwappedTerminalScratch.originalPair_not_mem_swappedPhysicalSecondClass' depends on axioms: [propext,
 Classical.choice,
 Quot.sound]
'Problem97.ATailUniqueFourSwappedTerminalScratch.swappedPair_not_mem_originalFirstClass' depends on axioms: [propext,
 Classical.choice,
 Quot.sound]
'Problem97.ATailUniqueFourSwappedTerminalScratch.originalPair_disjoint_swappedPair' depends on axioms: [propext,
 Classical.choice,
 Quot.sound]
'Problem97.ATailUniqueFourSwappedTerminalScratch.originalPair_union_swappedPair_card' depends on axioms: [propext,
 Classical.choice,
 Quot.sound]
'Problem97.ATailUniqueFourSwappedTerminalScratch.ingressCenter_ne_firstApex' depends on axioms: [propext,
 Classical.choice,
 Quot.sound]
'Problem97.ATailUniqueFourSwappedTerminalScratch.nonempty_coupledSwappedExactFourSurface' depends on axioms: [propext,
 Classical.choice,
 Quot.sound]
