normalization bridges. The root verifier entrypoints are orbit-namespaced, so
the final three-way source dispatcher imports all three certificates in one
kernel check. The former six hub/radius `UNKNOWN` cells are historical
diagnostics, not the current status.

Exact card 13 is now one generated scratch proof target, not two open
radius modes.  `false_of_exactFive_card13_sameRadius` closes the equal-radius
arm.  On the distinct-radius arm, recursive cubing covers all `512` direct and
all `512` mirror leaves, and the current Lean source maps account for every
selected assertion: `770 + 7,898 + 8,869 = 17,537` direct and
`781 + 7,825 + 9,437 = 18,043` mirror.  The generated callbacks feed
`false_of_exactFive_card13_distinctRadius`; the exhaustive radius split then
targets `false_of_exactFive_card13`.  The full source-fresh callback rebuild
and final axiom audit are in progress. The old `338`-UNSAT /
`237`-unresolved checkpoint is superseded and must not be described as the
current boundary.

The cap-redesignation reduction supersedes the card-at-least-14 occurrence
program for the live exact-five declaration. Designating `S.oppCap1` as the
surplus cap produces a packet whose first opposite cap is the old exact-five
`S.oppCap2`. A fresh common-deletion parent would force that five-point cap to
have cardinality at least six, so the fresh frontier can only survive through
the existing unique-radius arm. The reduction is uniform in carrier
cardinality, the inherited critical system, the radius profile, and the
global-cover outcome; it does not call itself or the large-opposite-cap
theorem.

Accordingly, the live exact-five textual `sorry` is closed by the checked
redesignation adapter and is no longer an independent proof frontier. Its
axiom closure still reaches `sorryAx` through
`false_of_originalFrontierUniqueRadiusArm`. The exact-card-13 LRAT theorem is
an independent source-clean checkpoint, not a dependency of this source
closure. The unique first-apex arm remains independent and is now the sole
open dependency inherited by the exact-five path; its checked exact-four/five
normal forms still lack a terminal consumer.

### Unique-four cap distribution and occurrence boundary (2026-07-22)

The original exact-four residual now has a checked source-level physical-cap
split in
`scratch/atail-force/unique4-class-cap-distribution/UniqueFourClassCapDistribution.lean`.
For the complete exact four-point first-apex radius class, either:

- exactly two class members lie in the strict first opposite cap, and the
  other two lie one apiece in the two adjacent closed caps (`2+1+1`); or
- at least three strict-cap members exist, in which case two can be selected
  so their simultaneous deletion preserves K4 at the second apex.  The
  resulting `AlignedInteriorFrontier` carries a complete rebased
  `OriginalUniqueFourResidual` and a second-apex witness which omits the
  selected pair.

The second arm does not enter a common-deletion continuation: exact-four
criticality makes deletion of either selected member destroy K4 at the first
apex.  It also has the wrong polarity for a shared-pair terminal because its
available second-apex row omits the aligned pair.  The exact-two arm supplies
cap counts but no second row.

Two further source-clean reductions sharpen the missing occurrence.  The
late critical-system blocker orbit gives either a mutual actual-row two-cycle
at the first apex or a two-edge path through three distinct actual blocker
centers.  These rows contain only their mandatory predecessor incidences; no
reverse or cross hit is implied.  On the equal-radius strict-pair arm, the
complete fresh-center class meets the first opposite cap exactly in the
retained pair.  A pair-preserving four-subpacket therefore has exactly two
outside-cap points, and any second distinct first-cap center bisecting that
outside pair is immediately impossible by
`outsidePair_unique_capCenter`.  The parent still does not produce that
second center.

The exact-two `n = 11` overlay was run for six fail-closed rounds.  Every
round retained a SAT Boolean projection.  Five rounds were then cut by
independently replayed exact-Farkas Kalmanson certificates; round two instead
installed source-proved U5 schema 56.  The run ended
`ROUND_CAP_REACHED_UNRESOLVED`, adding ten pending exact-Farkas Kalmanson
schemas and one U5 schema, for final banks of 46 Kalmanson schemas (10
kernel-checked, 36 pending Lean ports) and eight source-proved U5 schemas.
This is exact only inside the documented fixed projection and is not coverage
of `OriginalUniqueFourResidual` at arbitrary carrier cardinality.

The smallest materially new checked consumer found by that run is
`false_of_two_k2_three_selected_classes`: five cyclically ordered roles,
three selected rows, two K2 inequalities, and six memberships.  Under the
natural parent map the exact first-apex row supplies only two memberships;
the other four cross-row memberships and the compatible role order remain
unproved.  The older two-row terminal
`false_of_two_selected_rows_shared_late_pair` is structurally closer: after
ordering three exact-class members beyond the first apex, it needs one
additional selected row through the latter two.  This is a smaller interface,
not evidence that the occurrence is true; the checked finite incidence
boundary shows that cap counts, row cardinalities, blocker fibers, and
selected-row connectivity do not force such a hit.

The same twelve stored projections now have a stronger exact scalar-curvature
audit.  All twelve ledgers are UNSAT, eleven already contain four arcs accepted
by the production `false_of_four_separated_quarter_turn_arcs`, and the remaining
projection differs only because two consecutive arcs share a boundary vertex.
The cardinality-generic scratch theorem
`ShellCurvature.false_of_four_turnDisjoint_quarter_turn_arcs` proves the sharp
strict-open-window aggregate consumer using the actual turn-support bounds
`b_i - 1 <= a_(i+1)`.  Its cyclic companion
`false_of_four_turnCovering_quarter_turn_arcs` handles four disjoint supports
which meet exactly and partition a complete boundary period, using the exact
`edgeLift_add_period` identity instead of an omitted-turn cut.  Both consumers
and their selected-row source packets are Werror-clean with only the three core
axioms.

The corrected strict-window quotient gives a smaller common source shape than
the former four-distinct-left-row target.  Every stored projection has a
three-row witness: two fixed-critical-image rows contribute one outer arc each,
and one carrier-wide global-K4 completion row contributes both of its outer
arcs.  The fixed-row side is chosen source-faithfully; quotient reflection is
not treated as a free operation on the fixed CCW chart.  Seven coarse
provenance schemas are common to all twelve records; no common two-row or exact
local-offset schema exists.  Four records still have no witness using only
centers in the image of the fixed critical system.  This remains exact finite
evidence about the stored `n = 11` projections, not arbitrary-card source
coverage.

The one-completion-row interface is not the correct uniform robust-arm
contract.  Full deletion robustness at an arbitrary carrier center now has a
checked exact radius classification: either one complete class has cardinality
at least five, or two distinct K4 radii admit support-disjoint selected rows.
The large-class arm supplies two support-distinct four-subsets of its common
class.  Consequently `TwoCompletionRowMiddleArcPlacement` permits independent
left and right completion rows at one common center and still maps directly to
the checked four-arc curvature terminal.  The older
`ThreeRowMiddleArcPlacement` embeds by choosing the same row twice.  This
strictly weakens the producer interface, but it does not prove the cyclic gaps.

The source side of that empirical distinction is now kernel-checked.  The late
blocker endomap has two distinct sources in its exact four-source first-apex
fiber, so it is noninjective and therefore nonsurjective on the finite carrier.
`exists_omittedCenter_with_completionRow` consequently produces a carrier
center outside the entire fixed blocker image and, from global `D.K4`, a
selected four-point completion row there.  Together with
`exists_fixedImageTwoRowIngress`, the live inputs therefore supply the two
fixed-image rows and a genuinely late omitted-image completion row.
`CompleteRadiusSpineIngress` sharpens this source packet: every selected row at
either fixed blocker-image center is locked to that center's complete critical
shell, the omitted completion center is distinct from both fixed centers, and
the checked two-step mutual-triangle metric chain forces its sixth membership
whenever the other five incidences occur.  The source declarations still do not
produce those five cross-row incidences or the three cyclic gaps.

The former two no-packing counterpatterns are not source-valid.  Each violates
the newly checked complete-radius support lock at exactly one blocker-image
center: profile four at `(anchor,middle,blocker) = (0,8,6)` and profile five at
`(5,0,3)`.  Symmetry of distance transports the two mutual row equalities to
the blocker radius, and erased-source criticality makes the blocker row the
complete shell, forcing the omitted reverse membership.  The Lean producer
`mem_blockerImageSelectedRow_of_twoStep_mutualTriangle` is source-clean, and
the independent replay rejects both obsolete fixtures.  They must no longer
be cited as obstructions to the curvature route.

That triangle is not universal.  A pinned profile-four round-four projection
satisfies every blocker-image support lock and contains no such omission; it
is separately eliminated by 326 checked curvature witnesses.  Thus the live
coverage target is a disjunction: a checked strict-window/full-cover curvature
terminal, or a violation of a blocker-image support lock (impossible at the
Lean source level).  For the robust global-deletion arms, exact split-row
regressions also show that two arbitrary rows at the omitted center, even with
bisector localization and circle-intersection bounds, do not force the four
arcs.  Any robust proof must visibly retain the five-class collision or
minimal-core/cap-complement provenance.  The singleton minimal-core arm remains
separate.

The historical iterative curvature runs are no longer active coverage claims.
Their 25-round support-or-blocker local star was a transient prefix pattern and
is withdrawn as a producer.  A static direct overlay then produced one
profile-four and one profile-five no-four-arc assignment, but both were
source-invalid: they violated the already-proved own-cap `<= 2` or endpoint
one-hit row bounds.  Those assignments survive only as negative regression
fixtures.

The corrected static gate now enforces every displayed-cap own-row `<= 2`
instance and both endpoint `<= 1` instances.  At fixed `n = 11`, both profiles
remain exact Boolean SAT and contain no checked four-arc terminal.  The compact
independent replay verifies all cap bounds, the scalar-curvature SAT ledgers,
and the absence of a four-arc packet.  Crucially, both corrected assignments
are **UNSAT under the full linear Kalmanson system**.  The first omitted layer
is therefore incomplete transported linear coverage, not yet nonlinear
Euclidean, MEC, or `noM44` geometry.

The two full-linear failures compress to new cardinality-generic Lean
consumers in
`scratch/atail-force/unique4-source-field-audit/CorrectedOwnCapKalmansonCores.lean`:
`false_of_four_endpoint_k2_three_row_instances` uses eight ordered roles and
three concrete row instances, while
`false_of_two_k1_two_k2_four_row_instances` uses six roles and four row
instances.  Each is a four-inequality exact cancellation, is Werror-clean with
only the three core axioms, and is genuinely new relative to all 46 old
Kalmanson schema records, including the 36 exact-Farkas pending ports.  The
schema registry preserves row-instance identity; it must not merge distinct
rows merely because their centers agree.

Full-linear CEGAR is now the immediate fixed-cardinality discovery gate.  It
transports row-instance-safe schemas over order-preserving and reflected
embeddings and reruns the corrected Boolean outer until it finds a verified
full-linear survivor, Boolean exhaustion pending proof replay, or a recorded
budget boundary.  This remains theorem discovery at `n = 11`: the source proof
still needs an arbitrary-cardinality occurrence theorem producing one of the
checked schemas (or a stronger terminal) from the exact-four residual.  No
pre-cap-correction fixture, transient prefix, solver UNSAT, or finite CEGAR
coverage closes a source `sorry`.

That fixed-card discovery gate has now reached Boolean exhaustion in both
profiles.  Profile four terminates from the two corrected own-cap consumers;
profile five additionally needs the six-role generic consumer
`false_of_two_k2_three_row_triangle`.  An exact transport audit found that the
apparent extra p5 refinement was the same theorem after boundary reflection
and a cyclic re-cut; the v3 seed bank installs all four required oriented
families.  The p4 terminal is externally exact DRAT-verified.  Its
hash-bound formula has 12,672 variables and 2,765,403 clauses; CaDiCaL
produced a 248,900,779-byte proof and `drat-trim` returned exact verdict
`s VERIFIED`.  The CNF and proof SHA-256 digests are respectively
`d1ff6359442edebbafa2ea9a01aa77c439a681b62a186e73cdbf528028fdb536`
and
`8460ec3f078691772de38bf2d47e5a973917cb4290cb9e8aea3adfe30f881f62`.
The independent checker also replays the exact transported tail clauses and
their order-preserving restriction to the kernel-checked p4 consumer.  This
is an external certificate for the fixed Boolean projection, not a Lean proof
of the encoder or an arbitrary-card occurrence theorem.  The p5-v3 terminal
is now independently exact DRAT-verified as well.  Its formula has 12,672
variables and 2,768,417 clauses, CNF SHA-256
`cbfd6ad9559dce5c9da5874a15da0ba7b5c876dfbaa056fc6eb009fc107119a1`,
and a 184,212,068-byte proof with SHA-256
`21d83f574691d268aabe24badc7d4cb2a836a4a0b80a851845334096293d0841`.
`drat-trim` returned literal verdict `s VERIFIED` after 2,698.113 seconds.
The independent manifest reconstructs all 3,012 unique seeded clauses from
3,102 oriented embeddings and replays the four order-preserving occurrences
against the kernel-checked generic consumers.  These results certify both
exact hashed formulas, not both complete source profiles.  The warning-clean
source audit
`scratch/atail-force/unique4-n11-source-lift/CardElevenUniqueFourCoverage.lean`
proves that card eleven splits exhaustively into p4 exact-two, p5 exact-two,
or a p5 `AlignedInteriorFrontier` with at least three strict hits.  P4 is
therefore profile-complete, but the p5 formula was generated with
`exact_two_strict_hit_overlay = true` and omits the aligned p5 arm.  Neither
certificate is yet a Lean theorem: the remaining fixed-card bridge is a
Lean-defined terminal CNF, a source-to-satisfying-valuation theorem for every
enabled clause family, and kernel LRAT replay of that same formula.  No
source `sorry` is closed by either certificate.

The previously omitted card-eleven aligned-p5 arm has now also reached exact
fixed-CNF UNSAT.  The source audit found no overstrong aligned field: the
three strict first-opposite-cap points are all in the exact first-apex class,
the residual preserves the retained pair in order, and the selected
second-apex deletion row omits that pair.  The generated formula has 15,192
variables and 2,791,032 clauses, with CNF SHA-256
`50a8062cb9b089cc6f3a47497face0a46ceacb5e86152ec04fc5f3c6557b9c7f`.
CaDiCaL emitted a 120,497,715-byte proof with SHA-256
`6a58c8c26732122f53f1d883c44fcd9a0ddee34f501d61e24dd94605abe127f4`;
`drat-trim` independently returned one literal `s VERIFIED` and found an
18,821-clause backward core.

Clause-family ablation removes the entire sibling U5 bank, planar bank,
critical-system encoding, both minimality overlays, shell-curvature overlay,
seeded cuts, and retained/strict pair identification.  The stripped formula
is still UNSAT at 32,203 clauses.  Greedy schema deletion reduces the ten
locally kernel-checked order-preserving Kalmanson families to indices
`1, 4, 6, 9`; the corresponding checked consumers are
`false_of_endpoint_k2_endpoint_k1_three_selected_rows_long`,
`false_of_one_k2_two_k1_three_selected_rows`,
`false_of_one_k1_two_endpoint_k2_three_selected_rows`, and
`false_of_endpoint_k2_endpoint_k1_three_selected_rows_postBankEight`.
The resulting 27,781-clause compact formula has CNF SHA-256
`081ba956b308c643fa9e845e0340017647de405aea42e6d0601679a1267f12f4`
and DRAT SHA-256
`f7008bc65433436329029c0b2f041847f5464d3a68046e6377f5a2d1a7511c72`;
`drat-trim` returns `s VERIFIED` with a 6,350-clause input core.  Its exact
generator map has no unmatched clauses and does not use selected-row strong
connectivity, the retained pair, the second-apex deletion row, or any of the
removed families.  This greedy bank is not claimed globally minimal.

The aligned source occurrence theorem is now closed in
`scratch/atail-force/unique4-aligned-p5-occurrence/`.  Direct and mirror
card-eleven boundary packets construct actual `FaithfulCarrierPattern`s and
trace their selected rows through separate closed native searches.  Both
searches return one of Kalmanson schemas `1, 4, 6, 9`; the common geometric
decoder transports each executable occurrence into its checked consumer.
The final theorem
`ATailUniqueFourAlignedP5BoundaryScratch.false_of_alignedInteriorFrontier`
compiles warning-clean with axiom footprint exactly
`[propext, Classical.choice, Lean.ofReduceBool, Lean.trustCompiler,
Quot.sound]`.  It contains no `sorry`, `admit`, project-specific axiom, or
temporary interface axiom.

This closes the aligned-p5 constructor of
`CardElevenUniqueFourCoverage`, but not the two exact-two constructors and not
the arbitrary-card unique-radius theorem.  The p4 and p5 48,605- and
61,065-clause input cores have now been regenerated and occurrence-mapped to
their semantic families, parameters, and named source literals. Source-clean
direct/mirror card-eleven boundary packets construct actual
`FaithfulCarrierPattern`s and
identify the selected first-apex row with the distinguished exact-radius
class.  The checked p5 consumer layer covers the four seeded Kalmanson
families; the retained-Kalmanson adapter covers all recorded orientations;
and normalized schema-5/schema-8 mirror terminals close the only missing
consumer orientation after reflection.  These theorems use only
`[propext, Classical.choice, Quot.sound]`.

The current p5 candidate is the largest-first greedy family core: 18 retained
families, 9,412 clauses, and 616 dense variables.  Every dense variable is an
authenticated source atom (`m`, `eq`, or the distinguished first-apex class);
there are no auxiliary or Tseitin variables.  CaDiCaL reports this fixed CNF
UNSAT, but the earlier direct LRAT replay was too large.  A fail-closed
trimmed-occurrence generator now audits the full 61,065-clause map and is
ready to bind each eventual `drat-trim` core clause to its exact family,
parameters, named source atoms, and dense signed clause.  It intentionally
refuses production output until a hash-bound trimmed-certificate report
exists.

The remaining p5 bridge is therefore precise. First repair and revalidate
`materialize_trimmed_reduced_core.py`, whose current draft has undefined
publication-stage names and is intentionally not part of this checkpoint.
Then materialize and Lean-replay a trimmed LRAT certificate; generate its
authenticated occurrence map; prove the direct and reflected `m/eq/class`
valuations satisfy every retained trimmed clause (including the explicit
`i ↦ -i mod 11` mirror occurrence transport); and compose that satisfying
valuation with the verified UNSAT theorem. Only after that theorem is wired
to the p5 exact-two constructor should the same process be repeated for p4.
This checkpoint does not yet close a production source `sorry`, and it does
not affect the separate arbitrary-card unique-radius obligation.

The arbitrary-cardinality source route has now advanced past the earlier
occurrence-only boundary.  The warning-clean scratch development
`scratch/atail-force/unique4-source-closer/ExactFourSurvivalCover.lean`
rebases to the late critical system, whose first-apex blocker fiber is exactly
the complete four-point first-apex class.  At least seven sources lie outside
that fiber.  Call such a source bad when neither retained singleton deletion
preserves K4 at its actual blocker.  Complete-shell locking and the convex
perpendicular-bisector bound force every bad source into the same critical
four-shell through the retained pair; that shell has only two positions
outside the first-apex class.  Hence there are at most two bad sources and at
least five good ones.  Two good sources have distinct actual blockers, so one
blocker differs from the physical second apex.  For that source, one retained
deletion survives at both its actual blocker and the physical second apex,
giving a source-faithful `CommonDeletionTwoCenterPacket`.

Applying the existing physical-second-apex consumer gives the exhaustive
`ExactFourPhysicalConsumerOutcome`: either `S.oppApex2` is fully
singleton-deletion robust, or the late critical system supplies a protected
`SwappedFirstApexUniqueFourFrontier`.  This is a genuine source reduction, not
a terminal.  The robust output cannot enter the bi-apex-robust theorem because
the original first apex has exact-four, hence nonrobust, polarity.  The swapped
output cannot be sent back through the unique-four dispatcher after discarding
the original residual and ingress, because that only recreates the same open
obligation.  The immediate aggregate target is now
`false_of_exactFourPhysicalConsumerOutcome R O`, and each arm must visibly
consume the original `OriginalUniqueFourResidual` together with the new
physical common-deletion ingress.  All six public source-reduction theorems
have axiom closure exactly `[propext, Classical.choice, Quot.sound]`; no source
`sorry` is closed at this checkpoint.

The protected swapped constructor has now been coupled source-cleanly to the
original residual in
`scratch/atail-force/unique4-swapped-terminal/SwappedExactFourCoupling.lean`.
The physical second-apex ingress row is the complete swapped exact-four class;
the original and swapped retained pairs avoid the opposite class and are
disjoint; each exact class has at least two points in its own strict opposite
cap; and the two classes meet in at most two points.  The existing
`biApex_two_by_two_survival_normal_form` applies, but its four outputs are only
two `CommonDeletionTwoCenterPacket` arms and two `CrossedCriticalNormalForm`
arms.  None supplies the common outside pair, dangerous-triple incidence, or
metric tail required by a terminal.

The swapped audit's first linear fixture was rejected because it violated
endpoint one-hit.  The corrected audit enforces endpoint one-hit at both
physical apices, cap-chain one-hit at the third center, all triangle
inequalities, and every strict Kalmanson inequality.  That corrected QF_LRA
surface is still `SAT`.  This is exact only in the stated rational linear
distance abstraction: it omits a globally coherent critical system,
minimality, MEC geometry, and `noM44`, and is not a Euclidean or Problem 97
counterexample.  It does establish that another local linear continuation is
not the missing terminal.

The robust physical-second-apex arm has an equally sharp local boundary in
`scratch/atail-force/unique4-robust-o2-terminal/`.  Every nonalternating
two-point overlap between the original first-apex class and the retained
physical-second-apex row is already impossible by the four production
two-center bisector-parity terminals.  Hence the honest exhaustive overlap
split is cardinality at most one, or cardinality two with the common pair
alternating around the convex boundary.  Exact full-linear witnesses survive
both overlap shapes in the exact-five large-radius-class subarm.  Those
witnesses deliberately do not cover the other robust radius alternative of
two disjoint K4 radii.  Consequently the robust arm is not closed by the three
local rows or by a shared-pair consumer; it needs global K4/minimality,
full-fiber provenance, nonlinear/MEC geometry, or a complete alternative
`IsM44` packet.

The subsequent global-terminal audits make that missing layer more precise.
