AlignedP5BoundaryPacket.lean
AlignedP5Closure.lean
AlignedP5DirectClosure.lean
AlignedP5FinElevenKalmanson.lean
AlignedP5KalmansonDecode.lean
AlignedP5MetricSound.lean
AlignedP5MirrorClosure.lean
AlignedP5MirrorNativeClassifier.lean
AlignedP5MirrorNativeCoverage.lean
AlignedP5MirrorNativeLeaf1.lean
AlignedP5MirrorNativeLeaf10.lean
AlignedP5MirrorNativeLeaf2.lean
AlignedP5MirrorNativeLeaf3.lean
AlignedP5MirrorNativeLeaf7.lean
AlignedP5MirrorNativeLeaf8.lean
AlignedP5MirrorNativeLeaf9.lean
AlignedP5MirrorNativeTheorem.lean
AlignedP5MirrorSourceTrace.lean
AlignedP5NativeClassifier.lean
AlignedP5NativeCoverage.lean
AlignedP5NativeLeaf1.lean
AlignedP5NativeLeaf10.lean
AlignedP5NativeLeaf2.lean
AlignedP5NativeLeaf3.lean
AlignedP5NativeLeaf4.lean
AlignedP5NativeLeaf8.lean
AlignedP5NativeLeaf9.lean
AlignedP5NativeTheorem.lean
AlignedP5SourceTrace.lean
UniqueFourKalmansonReflection.lean
