scratch/atail-force/unique4-exact-two-core-map/generated
scratch/atail-force/unique4-exact-two-lrat-ingress/generated
scratch/atail-force/unique4-exact-two-lrat-ingress/generated/p4-seed0-compact-windowed-replay
scratch/atail-force/unique4-exact-two-lrat-ingress/generated/p4-seed0-compact-windowed-replay-olean-427
scratch/atail-force/unique4-exact-two-lrat-ingress/generated/p5-largest-compact-windowed-replay
scratch/atail-force/unique4-exact-two-lrat-ingress/generated/p5-largest-compact-windowed-replay-benchmark
scratch/atail-force/unique4-exact-two-lrat-ingress/generated/p5-largest-compact-windowed-replay-benchmark/olean
scratch/atail-force/unique4-exact-two-lrat-ingress/generated/p5-largest-replay
scratch/atail-force/unique4-exact-two-lrat-ingress/generated/p5-largest-replay.pre-final-checker-20260723
scratch/atail-force/unique4-exact-two-lrat-ingress/generated/p5-largest-replay.pre-kernel-options-20260723
scratch/atail-force/unique4-exact-two-lrat-ingress/generated/p5-largest-replay.pre-window-compose-api-20260723
scratch/atail-force/unique4-exact-two-lrat-ingress/generated/p5-largest-window-0001-replay
scratch/atail-force/unique4-exact-two-lrat-ingress/generated/p5-largest-windowed-replay
scratch/atail-force/unique4-exact-two-lrat-ingress/generated/p5-largest-windowed-replay-olean-427
scratch/atail-force/unique4-exact-two-lrat-ingress/generated/p5-largest-windowed-replay-pre-hardened-manifest
scratch/atail-force/unique4-exact-two-lrat-ingress/lean-replay-fixture
scratch/atail-force/unique4-p4-cegar6-occurrence-bridge/olean-427
scratch/atail-force/unique4-p4-certificate-closure/olean-427
scratch/atail-force/unique4-p4-compact-atom-binding/generated
scratch/atail-force/unique4-p4-compact-atom-binding/olean-427
scratch/atail-force/unique4-p4-compact-atom-binding/olean-427/generated
scratch/atail-force/unique4-p4-critical-support-occurrence-bridge/generated
scratch/atail-force/unique4-p4-critical-support-occurrence-bridge/olean-427
scratch/atail-force/unique4-p4-cyclic-alternation-occurrence-bridge/generated
scratch/atail-force/unique4-p4-direct-outer-occurrence-bridge/olean-427
scratch/atail-force/unique4-p4-direct-valuation/olean-427
scratch/atail-force/unique4-p4-kalmanson-occurrence-bridge/generated
scratch/atail-force/unique4-p4-mirror-cap-source-bridge/olean-427
scratch/atail-force/unique4-p4-mirror-outer-occurrence-bridge/generated
scratch/atail-force/unique4-p4-mirror-valuation/olean-427
scratch/atail-force/unique4-p4-occurrence-bridge/generated
scratch/atail-force/unique4-p4-prefixed-closures/olean-427
scratch/atail-force/unique4-p4-radius-partition-occurrence-bridge/generated
scratch/atail-force/unique4-p4-right-cap-source-bridge/generated
scratch/atail-force/unique4-p4-right-cap-source-bridge/olean-427
scratch/atail-force/unique4-p4-row-at-least-four-occurrence-bridge/generated
scratch/atail-force/unique4-p4-row-radius-occurrence-bridge/generated
scratch/atail-force/unique4-p4-source-bridge/generated
scratch/atail-force/unique4-p4-source-bridge/generated/p4-direct-row-arc-finite/olean-427
scratch/atail-force/unique4-p4-source-bridge/olean-427
scratch/atail-force/unique4-p4-strict-unit-source-bridge/olean-427
