### scratch/atail-force/unique4-exact-two-source-bridge/OccurrenceBridge/BridgeMain.lean
import BridgeChunkAll
import MirrorSatisfaction
### scratch/atail-force/unique4-exact-two-source-bridge/OccurrenceBridge/BridgeChunk01.lean
import BridgeFamilies
### scratch/atail-force/unique4-exact-two-source-bridge/OccurrenceBridge/BridgeChunk02.lean
import BridgeFamilies
### scratch/atail-force/unique4-exact-two-source-bridge/OccurrenceBridge/BridgeChunk03.lean
import BridgeFamilies
### scratch/atail-force/unique4-exact-two-source-bridge/OccurrenceBridge/BridgeChunk04.lean
import BridgeFamilies
### scratch/atail-force/unique4-exact-two-source-bridge/OccurrenceBridge/BridgeChunk05.lean
import BridgeFamilies
### scratch/atail-force/unique4-exact-two-source-bridge/OccurrenceBridge/BridgeChunk06.lean
import BridgeFamilies
### scratch/atail-force/unique4-exact-two-source-bridge/OccurrenceBridge/BridgeChunk07.lean
import BridgeFamilies
### scratch/atail-force/unique4-exact-two-source-bridge/OccurrenceBridge/BridgeChunk08.lean
import BridgeFamilies
### scratch/atail-force/unique4-exact-two-source-bridge/OccurrenceBridge/BridgeChunk09.lean
import BridgeFamilies
### scratch/atail-force/unique4-exact-two-source-bridge/OccurrenceBridge/BridgeChunk10.lean
import BridgeFamilies
### scratch/atail-force/unique4-exact-two-source-bridge/OccurrenceBridge/BridgeChunk11.lean
import BridgeFamilies
### scratch/atail-force/unique4-exact-two-source-bridge/OccurrenceBridge/BridgeChunk12.lean
import BridgeFamilies
### scratch/atail-force/unique4-exact-two-source-bridge/OccurrenceBridge/BridgeChunk13.lean
import BridgeFamilies
### scratch/atail-force/unique4-exact-two-source-bridge/OccurrenceBridge/BridgeChunk14.lean
import BridgeFamilies
### scratch/atail-force/unique4-exact-two-source-bridge/OccurrenceBridge/BridgeChunk15.lean
import BridgeFamilies
### scratch/atail-force/unique4-exact-two-source-bridge/OccurrenceBridge/BridgeChunk16.lean
import BridgeFamilies
### scratch/atail-force/unique4-exact-two-source-bridge/OccurrenceBridge/BridgeChunk17.lean
import BridgeFamilies
### scratch/atail-force/unique4-exact-two-source-bridge/OccurrenceBridge/BridgeChunk18.lean
import BridgeFamilies
### scratch/atail-force/unique4-exact-two-source-bridge/OccurrenceBridge/BridgeChunk19.lean
import BridgeFamilies
### scratch/atail-force/unique4-exact-two-source-bridge/OccurrenceBridge/BridgeChunk20.lean
import BridgeFamilies
### scratch/atail-force/unique4-exact-two-source-bridge/OccurrenceBridge/BridgeChunk21.lean
import BridgeFamilies
### scratch/atail-force/unique4-exact-two-source-bridge/OccurrenceBridge/BridgeChunk22.lean
import BridgeFamilies
### scratch/atail-force/unique4-exact-two-source-bridge/OccurrenceBridge/BridgeChunk23.lean
import BridgeFamilies
### scratch/atail-force/unique4-exact-two-source-bridge/OccurrenceBridge/BridgeChunk24.lean
import BridgeFamilies
### scratch/atail-force/unique4-exact-two-source-bridge/OccurrenceBridge/BridgeChunk25.lean
import BridgeFamilies
### scratch/atail-force/unique4-exact-two-source-bridge/OccurrenceBridge/BridgeChunk26.lean
import BridgeFamilies
### scratch/atail-force/unique4-exact-two-source-bridge/OccurrenceBridge/BridgeChunk27.lean
import BridgeFamilies
### scratch/atail-force/unique4-exact-two-source-bridge/OccurrenceBridge/BridgeChunk28.lean
import BridgeFamilies
### scratch/atail-force/unique4-exact-two-source-bridge/OccurrenceBridge/BridgeChunk29.lean
import BridgeFamilies
### scratch/atail-force/unique4-exact-two-source-bridge/OccurrenceBridge/BridgeChunk30.lean
import BridgeFamilies
### scratch/atail-force/unique4-exact-two-source-bridge/OccurrenceBridge/BridgeChunk31.lean
import BridgeFamilies
### scratch/atail-force/unique4-exact-two-source-bridge/OccurrenceBridge/BridgeChunk32.lean
import BridgeFamilies
### scratch/atail-force/unique4-exact-two-source-bridge/OccurrenceBridge/BridgeChunk33.lean
import BridgeFamilies
### scratch/atail-force/unique4-exact-two-source-bridge/OccurrenceBridge/BridgeChunk34.lean
import BridgeFamilies
### scratch/atail-force/unique4-exact-two-source-bridge/OccurrenceBridge/BridgeChunk35.lean
import BridgeFamilies
### scratch/atail-force/unique4-exact-two-source-bridge/OccurrenceBridge/BridgeChunk36.lean
import BridgeFamilies
### scratch/atail-force/unique4-exact-two-source-bridge/OccurrenceBridge/BridgeChunk37.lean
import BridgeFamilies
### scratch/atail-force/unique4-exact-two-source-bridge/OccurrenceBridge/BridgeChunk38.lean
import BridgeFamilies
### scratch/atail-force/unique4-exact-two-source-bridge/OccurrenceBridge/BridgeChunk39.lean
import BridgeFamilies
### scratch/atail-force/unique4-exact-two-source-bridge/OccurrenceBridge/BridgeChunk40.lean
import BridgeFamilies
### scratch/atail-force/unique4-exact-two-source-bridge/OccurrenceBridge/BridgeChunkAll.lean
import BridgeChunk01
import BridgeChunk02
import BridgeChunk03
import BridgeChunk04
import BridgeChunk05
import BridgeChunk06
import BridgeChunk07
import BridgeChunk08
import BridgeChunk09
import BridgeChunk10
import BridgeChunk11
import BridgeChunk12
import BridgeChunk13
import BridgeChunk14
import BridgeChunk15
import BridgeChunk16
import BridgeChunk17
import BridgeChunk18
import BridgeChunk19
import BridgeChunk20
import BridgeChunk21
import BridgeChunk22
import BridgeChunk23
import BridgeChunk24
import BridgeChunk25
import BridgeChunk26
import BridgeChunk27
import BridgeChunk28
import BridgeChunk29
import BridgeChunk30
import BridgeChunk31
import BridgeChunk32
import BridgeChunk33
import BridgeChunk34
import BridgeChunk35
import BridgeChunk36
import BridgeChunk37
import BridgeChunk38
import BridgeChunk39
import BridgeChunk40
### scratch/atail-force/unique4-exact-two-source-bridge/OccurrenceBridge/BridgeCore.lean
import IndexedSourceValuation
### scratch/atail-force/unique4-exact-two-source-bridge/OccurrenceBridge/BridgeFamilies.lean
import BridgeCore
### scratch/atail-force/unique4-exact-two-source-bridge/OccurrenceBridge/BridgeMain.lean
import BridgeChunkAll
import MirrorSatisfaction
### scratch/atail-force/unique4-exact-two-source-bridge/IndexedSource/CyclicAlternationCore.lean
import GenericFamilies
import Erdos9796Proof.P97.ATail.TwoCenterBisectorParity
### scratch/atail-force/unique4-exact-two-source-bridge/IndexedSource/DirectCapFamilies.lean
import GenericFamilies
import Erdos9796Proof.P97.SurplusM44Packet.Shard02
import Erdos9796Proof.P97.CapSelectedRowCounting
### scratch/atail-force/unique4-exact-two-source-bridge/IndexedSource/DirectKalmanson.lean
import GenericFamilies
### scratch/atail-force/unique4-exact-two-source-bridge/IndexedSource/DirectSatisfaction.lean
import CyclicAlternationCore
import DirectKalmanson
import DirectCapFamilies
### scratch/atail-force/unique4-exact-two-source-bridge/IndexedSource/GenericFamilies.lean
import IndexedSourceValuation
### scratch/atail-force/unique4-exact-two-source-bridge/IndexedSource/IndexedSourceValuation.lean
import RetainedKalmansonDecoder
import CardElevenExactTwoBoundaryPackets
### scratch/atail-force/unique4-exact-two-source-bridge/IndexedSource/MirrorCapFamilies.lean
import MirrorTransport
import Erdos9796Proof.P97.SurplusM44Packet.Shard02
import Erdos9796Proof.P97.CapSelectedRowCounting
### scratch/atail-force/unique4-exact-two-source-bridge/IndexedSource/MirrorKalmanson.lean
import MirrorTransport
import MirrorSchema58
### scratch/atail-force/unique4-exact-two-source-bridge/IndexedSource/MirrorSatisfaction.lean
import DirectSatisfaction
import MirrorKalmanson
import MirrorCapFamilies
### scratch/atail-force/unique4-exact-two-source-bridge/IndexedSource/MirrorTransport.lean
import CyclicAlternationCore
