project:       erdos-97-96-formalization (erdos-97-96-formalization)
root:          /Users/adam/projects/math-projects/erdos-97-96-formalization
lean_lib:      /Users/adam/projects/math-projects/erdos-97-96-formalization/lean
target_symbol: 2 targets: Problem97.erdos97_rhs, Problem96.erdos96_rhs

last build:    ✓ passed · built 31 · 2m21s · 34m ago
recent builds  (when · took · result · target):
    8h ago      6s  built 1      Erdos9796Proof.P97.ATail.FrontierLiveClosure
    3h ago   2m21s  built 33     full
    2h ago      2s  cached       Erdos9796Proof.P97.ATail.FirstApexExactFiveInteriorFrontier
   36m ago      0s  ✗ exit 1     l
   34m ago   2m21s  built 31     full

lean_files:    2551
lean_symbols:  47869
  axioms:      0 (0 sanctioned)
  with-sorry:  5
  closures:    0 cached

index:         in sync with source
uncommitted:   ⚠ 13 lean file(s) not committed — mined state may not be reproducible from git
     M lean/Erdos9796Proof/P97/ATail/ApexRichClassStructure.lean
     M lean/Erdos9796Proof/P97/ATail/FrontierCoupledStrictInteriorNormalForm.lean
     M lean/Erdos9796Proof/P97/ATail/FrontierLiveClosure.lean
     M lean/Erdos9796Proof/P97/ATail/MinimalUniqueFourCover.lean
     M lean/Erdos9796Proof/P97/ATail/RobustLargeRadius.lean
     M lean/Erdos9796Proof/P97/U1LargeCapRouteBTail.lean
     M lean/Erdos9796Proof/P97/U1TwoShortCapReduction.lean
     M lean/Erdos9796Proof/P97/U5ModeADeletion.lean
     M lean/Erdos9796Proof/P97/WitnessPacketInterface.lean
    ?? lean/Erdos9796Proof/P97/ATail/CardElevenUniqueFourCertificateIngress.lean
    ?? lean/Erdos9796Proof/P97/ATail/FirstApexExactFiveInteriorFrontier.lean
    ?? lean/Erdos9796Proof/P97/ATail/FirstApexInteriorPairGeometry.lean
    ?? lean/Erdos9796Proof/P97/ATail/FirstApexUniqueRadiusResidual.lean

kernel spine (mined call graph — the only structure):
  build:        fd86d6cf4855
  mined fresh:  9215/39851 symbol(s)
  graph mined:  42s ago
  trusted:      7880 🔒 (certs excluded by [mining].skip)
  `Problem97.erdos97_rhs` is OPEN:
    - reaches sorry via 5 symbol(s)
    - unapproved axiom on spine: sorryAx
  `Problem96.erdos96_rhs` is OPEN:
    - reaches sorry via 5 symbol(s)
    - unapproved axiom on spine: sorryAx


live sorries (fresh @ build fd86d6cf4855, 2026-07-26T05:41:12+00:00):
  on-spine (open frontier) (5):
    💧 Problem97.ATailFrontierLiveClosure.false_of_firstApexUniqueRadiusExactFiveCommonObstructionCenterResidual  [Erdos9796Proof/P97/ATail/FrontierLiveClosure.lean:119]
    💧 Problem97.ATailFrontierLiveClosure.false_of_firstApexUniqueRadiusExactFiveDistinctObstructionCentersResidual  [Erdos9796Proof/P97/ATail/FrontierLiveClosure.lean:108]
    💧 Problem97.ATailFrontierLiveClosure.false_of_firstApexUniqueRadiusExactFourResidual_of_card_eq_eleven  [Erdos9796Proof/P97/ATail/FrontierLiveClosure.lean:49]
    💧 Problem97.ATailFrontierLiveClosure.false_of_firstApexUniqueRadiusExactFourResidual_of_carrierCard_ge_twelve  [Erdos9796Proof/P97/ATail/FrontierLiveClosure.lean:59]
    💧 Problem97.ATailFrontierLiveClosure.false_of_frontierAllLargeCapsTriApexUniformMetricResidual  [Erdos9796Proof/P97/ATail/FrontierLiveClosure.lean:436]
  off-spine (placeholder — wire into the spine or remove) (0)

session anchors: 5 total · 5 open · 0 closed

your anchor: ⚓ Problem97.ATailFrontierLiveClosure.false_of_frontierAllLargeCapsBiApexRobustResidual  (subtree still open)
