sat
(
(define-fun cen ((_arg_1 Int)) Int (ite (= _arg_1 0) 9 (ite (= _arg_1 9) 13 (ite (= _arg_1 7) 11 (ite (= _arg_1 1) 9 (ite (= _arg_1 2) 10 (ite (= _arg_1 3) 10 (ite (= _arg_1 4) 11 (ite (= _arg_1 5) 11 (ite (= _arg_1 6) 11 (ite (= _arg_1 8) 12 (ite (= _arg_1 11) 12 (ite (= _arg_1 12) 13 (ite (= _arg_1 14) 12 14))))))))))))))
(define-fun mem ((_arg_1 Int) (_arg_2 Int)) Bool (ite (= _arg_1 0) (or (= _arg_2 0) (= _arg_2 1) (= _arg_2 12) (= _arg_2 13)) (ite (= _arg_1 9) (or (= _arg_2 9) (= _arg_2 1) (= _arg_2 2) (= _arg_2 12)) (ite (= _arg_1 7) (or (= _arg_2 7) (= _arg_2 4) (= _arg_2 5) (= _arg_2 6)) (ite (= _arg_1 1) (or (= _arg_2 0) (= _arg_2 1) (= _arg_2 12) (= _arg_2 13)) (ite (= _arg_1 2) (or (= _arg_2 2) (= _arg_2 3) (= _arg_2 12) (= _arg_2 14)) (ite (= _arg_1 3) (or (= _arg_2 2) (= _arg_2 3) (= _arg_2 12) (= _arg_2 14)) (ite (= _arg_1 4) (or (= _arg_2 7) (= _arg_2 4) (= _arg_2 5) (= _arg_2 6)) (ite (= _arg_1 5) (or (= _arg_2 7) (= _arg_2 4) (= _arg_2 5) (= _arg_2 6)) (ite (= _arg_1 6) (or (= _arg_2 7) (= _arg_2 4) (= _arg_2 5) (= _arg_2 6)) (ite (= _arg_1 8) (or (= _arg_2 0) (= _arg_2 8) (= _arg_2 11) (= _arg_2 14)) (ite (= _arg_1 10) (or (= _arg_2 0) (= _arg_2 3) (= _arg_2 10) (= _arg_2 13)) (ite (= _arg_1 11) (or (= _arg_2 0) (= _arg_2 8) (= _arg_2 11) (= _arg_2 14)) (ite (= _arg_1 12) (or (= _arg_2 9) (= _arg_2 1) (= _arg_2 2) (= _arg_2 12)) (ite (= _arg_1 13) (or (= _arg_2 0) (= _arg_2 3) (= _arg_2 10) (= _arg_2 13)) (and (= _arg_1 14) (or (= _arg_2 0) (= _arg_2 8) (= _arg_2 11) (= _arg_2 14))))))))))))))))))
(define-fun blocked ((_arg_1 Int) (_arg_2 Int)) Bool (ite (= _arg_1 0) (= _arg_2 9) (ite (= _arg_1 9) (= _arg_2 13) (ite (= _arg_1 7) (= _arg_2 11) (ite (= _arg_1 1) (= _arg_2 9) (ite (= _arg_1 2) (= _arg_2 10) (ite (= _arg_1 3) (= _arg_2 10) (ite (= _arg_1 4) (= _arg_2 11) (ite (= _arg_1 5) (= _arg_2 11) (ite (= _arg_1 6) (= _arg_2 11) (ite (= _arg_1 8) (= _arg_2 12) (ite (= _arg_1 10) (= _arg_2 14) (ite (= _arg_1 11) (= _arg_2 12) (ite (= _arg_1 12) (= _arg_2 13) (ite (= _arg_1 13) (= _arg_2 14) (and (= _arg_1 14) (= _arg_2 12)))))))))))))))))
(define-fun pa () Int 0)
(define-fun pb () Int 1)
(define-fun ra () Int 2)
(define-fun rb () Int 3)
(define-fun qa () Int 4)
(define-fun qb () Int 5)
(define-fun ca () Int 6)
(define-fun cb () Int 7)
(define-fun oa () Int 8)
(define-fun co () Int 0)
(define-fun g0 () Int 0)
(define-fun g1 () Int 1)
(define-fun g2 () Int 2)
(define-fun g3 () Int 3)
(define-fun g4 () Int 4)
(define-fun g5 () Int 5)
(define-fun g6 () Int 6)
(define-fun g7 () Int 7)
(define-fun g8 () Int 8)
(define-fun g9 () Int 9)
(define-fun g10 () Int 10)
(define-fun g11 () Int 11)
(define-fun g12 () Int 12)
(define-fun g13 () Int 13)
(define-fun g14 () Int 14)
)
