sat
(
  (define-fun qb () Int
    5)
  (define-fun ra () Int
    2)
  (define-fun g2 () Int
    2)
  (define-fun ca () Int
    6)
  (define-fun co () Int
    0)
  (define-fun oa () Int
    8)
  (define-fun qa () Int
    4)
  (define-fun pb () Int
    1)
  (define-fun g1 () Int
    1)
  (define-fun g12 () Int
    12)
  (define-fun g10 () Int
    10)
  (define-fun g8 () Int
    8)
  (define-fun g6 () Int
    6)
  (define-fun g5 () Int
    5)
  (define-fun g4 () Int
    4)
  (define-fun g3 () Int
    3)
  (define-fun rb () Int
    3)
  (define-fun cb () Int
    7)
  (define-fun g14 () Int
    14)
  (define-fun g13 () Int
    13)
  (define-fun g11 () Int
    11)
  (define-fun g9 () Int
    9)
  (define-fun pa () Int
    0)
  (define-fun g7 () Int
    7)
  (define-fun g0 () Int
    0)
  (define-fun mem ((x!0 Int) (x!1 Int)) Bool
    (ite (and (= x!0 0) (= x!1 0)) true
    (ite (and (= x!0 0) (= x!1 1)) true
    (ite (and (= x!0 0) (= x!1 12)) true
    (ite (and (= x!0 0) (= x!1 13)) true
    (ite (and (= x!0 1) (= x!1 0)) true
    (ite (and (= x!0 1) (= x!1 1)) true
    (ite (and (= x!0 1) (= x!1 12)) true
    (ite (and (= x!0 1) (= x!1 13)) true
    (ite (and (= x!0 2) (= x!1 2)) true
    (ite (and (= x!0 2) (= x!1 3)) true
    (ite (and (= x!0 2) (= x!1 12)) true
    (ite (and (= x!0 2) (= x!1 14)) true
    (ite (and (= x!0 3) (= x!1 2)) true
    (ite (and (= x!0 3) (= x!1 3)) true
    (ite (and (= x!0 3) (= x!1 12)) true
    (ite (and (= x!0 3) (= x!1 14)) true
    (ite (and (= x!0 4) (= x!1 4)) true
    (ite (and (= x!0 4) (= x!1 5)) true
    (ite (and (= x!0 4) (= x!1 6)) true
    (ite (and (= x!0 4) (= x!1 7)) true
    (ite (and (= x!0 5) (= x!1 4)) true
    (ite (and (= x!0 5) (= x!1 5)) true
    (ite (and (= x!0 5) (= x!1 6)) true
    (ite (and (= x!0 5) (= x!1 7)) true
    (ite (and (= x!0 6) (= x!1 4)) true
    (ite (and (= x!0 6) (= x!1 5)) true
    (ite (and (= x!0 6) (= x!1 6)) true
    (ite (and (= x!0 6) (= x!1 7)) true
    (ite (and (= x!0 7) (= x!1 4)) true
    (ite (and (= x!0 7) (= x!1 5)) true
    (ite (and (= x!0 7) (= x!1 6)) true
    (ite (and (= x!0 7) (= x!1 7)) true
    (ite (and (= x!0 8) (= x!1 0)) true
    (ite (and (= x!0 8) (= x!1 8)) true
    (ite (and (= x!0 8) (= x!1 11)) true
    (ite (and (= x!0 8) (= x!1 14)) true
    (ite (and (= x!0 9) (= x!1 1)) true
    (ite (and (= x!0 9) (= x!1 2)) true
    (ite (and (= x!0 9) (= x!1 9)) true
    (ite (and (= x!0 9) (= x!1 12)) true
    (ite (and (= x!0 10) (= x!1 0)) true
    (ite (and (= x!0 10) (= x!1 3)) true
    (ite (and (= x!0 10) (= x!1 10)) true
    (ite (and (= x!0 10) (= x!1 13)) true
    (ite (and (= x!0 11) (= x!1 0)) true
    (ite (and (= x!0 11) (= x!1 8)) true
    (ite (and (= x!0 11) (= x!1 11)) true
    (ite (and (= x!0 11) (= x!1 14)) true
    (ite (and (= x!0 12) (= x!1 1)) true
    (ite (and (= x!0 12) (= x!1 2)) true
    (ite (and (= x!0 12) (= x!1 9)) true
    (ite (and (= x!0 12) (= x!1 12)) true
    (ite (and (= x!0 13) (= x!1 0)) true
    (ite (and (= x!0 13) (= x!1 3)) true
    (ite (and (= x!0 13) (= x!1 10)) true
    (ite (and (= x!0 13) (= x!1 13)) true
    (ite (and (= x!0 14) (= x!1 0)) true
    (ite (and (= x!0 14) (= x!1 8)) true
    (ite (and (= x!0 14) (= x!1 11)) true
    (ite (and (= x!0 14) (= x!1 14)) true
      false)))))))))))))))))))))))))))))))))))))))))))))))))))))))))))))
  (define-fun cen ((x!0 Int)) Int
    (ite (= x!0 0) 9
    (ite (= x!0 1) 9
    (ite (= x!0 2) 10
    (ite (= x!0 3) 10
    (ite (= x!0 8) 12
    (ite (= x!0 9) 13
    (ite (= x!0 10) 14
    (ite (= x!0 11) 12
    (ite (= x!0 12) 13
    (ite (= x!0 13) 14
    (ite (= x!0 14) 12
      11))))))))))))
  (define-fun blocked ((x!0 Int) (x!1 Int)) Bool
    (ite (and (= x!0 0) (= x!1 9)) true
    (ite (and (= x!0 1) (= x!1 9)) true
    (ite (and (= x!0 2) (= x!1 10)) true
    (ite (and (= x!0 3) (= x!1 10)) true
    (ite (and (= x!0 4) (= x!1 11)) true
    (ite (and (= x!0 5) (= x!1 11)) true
    (ite (and (= x!0 6) (= x!1 11)) true
    (ite (and (= x!0 7) (= x!1 11)) true
    (ite (and (= x!0 8) (= x!1 12)) true
    (ite (and (= x!0 9) (= x!1 13)) true
    (ite (and (= x!0 10) (= x!1 14)) true
    (ite (and (= x!0 11) (= x!1 12)) true
    (ite (and (= x!0 12) (= x!1 13)) true
    (ite (and (= x!0 13) (= x!1 14)) true
    (ite (and (= x!0 14) (= x!1 12)) true
      false))))))))))))))))
)
