c --- [ banner ] -------------------------------------------------------------
c 
c CaDiCaL SAT Solver
c Copyright (c) 2016-2025
c A. Biere, M. Fleury, N. Froleyks, K. Fazekas, F. Pollitt, T. Faller
c JKU Linz, University of Freiburg, TU Wien
c 
c Version 3.0.0 7b99c07f0bcab5824a5a3ce62c7066554017f641
c Apple clang version 21.0.0 (clang-2100.0.123.102) -Wall -Wextra -O3 -DNDEBUG -DNCLOSEFROM
c Thu Apr 23 22:35:47 PDT 2026 Darwin dada-mun-26.local 25.4.0 arm64
c 
c --- [ limit ] --------------------------------------------------------------
c 
c setting time limit to 300 seconds real time (due to '-t 300')
c 
c --- [ parsing input ] ------------------------------------------------------
c 
c reading DIMACS file from 'scratch/atail-force/unique-arm-whole-carrier-source-audit/cegar-live-20260726/round_004/opp1_4.cnf'
c opening file to read 'scratch/atail-force/unique-arm-whole-carrier-source-audit/cegar-live-20260726/round_004/opp1_4.cnf'
c found 'p cnf 968 2527600' header
c parsed 2527600 clauses in 0.90 seconds process time
c 
c --- [ options ] ------------------------------------------------------------
c 
c all options are set to their default value
c 
c --- [ solving ] ------------------------------------------------------------
c 
c time measured in process time since initialization
c 
c  seconds  reduction conflicts       size tier2        variables
c         MB    restarts   redundant    glue  trail         remaining
c          level     rate       size/glu tier1   irredundant
c 
c *  0.90  0  0 0   0  0    0    0 0.0 0 0 2 6  0% 2522840 861 89%
c (  0.90  0  0 0   0  0    0    0 0.0 0 0 2 6  0% 2522840 861 89%
c .  0.93  0  0 0   0  0    0    0 0.0 0 0 2 6  0% 2521100 861 89%
c c 130.34  0  0 0   0  0    0    0 0.0 0 0 2 6  0% 2299186 861 89%
c d 130.38  0  0 0   0  0    0    0 0.0 0 0 2 6  0% 2299110 838 87%
c 2 130.39  0  0 0   0  0    0    0 0.0 0 0 2 6  0% 2299100 805 83%
c f 130.40  0  0 0   0  0    0    0 0.0 0 0 2 6  0% 2299074 807 83%
c e 130.51  0  0 0   0  0    0    0 0.0 0 0 2 6  0% 2210866 798 82%
c P 130.58  0  0 0   0  0    0    0 0.0 0 0 2 6  0% 2210866 798 82%
c ) 130.58  0  0 0   0  0    0    0 0.0 0 0 2 6  0% 2210866 798 82%
c { 130.58  0  0 0   0  0    0    0 0.0 0 0 2 6  0% 2210866 798 82%
c - 130.76  0 43 1  43  6  304  210 1.6 10 6 2 6 52% 2210866 798 82%
c } 131.02  0 37 1 120  5 1002  882 1.7 12 7 2 6 55% 2210866 798 82%
c [ 131.02  0  0 1 120  0 1002  882 0.0 0 0 2 6  0% 2210866 798 82%
c O 131.02  0 13 1 120 14 1003  883 1.2 10 8 2 6 43% 2210866 798 82%
c - 131.22  0 17 2 120  1 1324  778 1.8 15 8 2 6 56% 2210866 798 82%
c I 131.55  0 19 2 121  1 3005 2293 1.8 18 10 2 6 24% 2210866 798 82%
c - 131.74  0 21 3 122  1 3456 1472 1.8 18 10 2 6 59% 2210866 798 82%
c ] 131.78  0 21 3 122  1 3644 1630 1.7 18 10 2 6 58% 2210866 798 82%
c { 131.78  0 37 3 122  5 3644 1630 1.7 12 7 2 6 66% 2210866 798 82%
c 
c  seconds   reduction conflicts       size  tier2        variables
c          MB    restarts   redundant     glue  trail         remaining
c           level     rate       size/glue tier1   irredundant
c 
c 2 132.01  0 36 3 164  5 4099 2055 1.7 13 7 2 6 63% 2210834 798 82%
c d 132.07  0 36 3 164  5 4099 2055 1.7 13 7 2 6 63% 2210564 766 79%
c t 132.36  0 36 3 164  5 4099 2055 1.7 13 7 2 6 63% 2210526 766 79%
c O 133.17  0 34 3 350  5 6006 3879 1.7 14 8 5 8 56% 2210526 766 79%
c - 133.53  0 32 4 377  4 6900 3611 1.8 14 8 5 8 54% 2210526 766 79%
c # 134.76  0 33 4 652  4 10009 6544 1.8 15 8 5 7 52% 2210526 766 79%
c } 134.78  0 33 4 655  4 10040 6574 1.8 15 8 5 7 52% 2210526 766 79%
c [ 134.78  0 21 4 655  1 10040 6574 1.7 18 10 2 6 58% 2210526 766 79%
c - 135.17  0 24 5 656  1 11768 5524 1.6 19 12 2 6 45% 2210526 766 79%
c f 135.59  0 24 5 656  1 11768 5524 1.6 19 12 2 6 24% 2204509 1465 151%
c B 136.12  0 28 5 658  1 15012 8381 1.6 22 14 5 10 34% 2204509 1465 151%
c - 137.03  0 28 6 659  1 18128 6751 1.6 23 15 5 10 36% 2204509 1465 151%
c t 137.06  0 28 6 659  1 18128 6751 1.6 23 15 5 10 36% 2204489 1465 151%
c ] 137.27  0 28 6 659  1 18725 7282 1.6 23 15 5 10 36% 2204489 1465 151%
c { 137.27  0 33 6 659  4 18725 7282 1.8 15 8 5 7 28% 2204489 1465 151%
c B 138.30  0 33 6 778  4 21014 9437 1.9 15 8 5 7 31% 2204489 1465 151%
c s 139.56  0 34 6 1023  4 23035 11366 1.9 16 8 4 7 33% 2199062 1465 151%
c t 139.58  0 34 6 1023  4 23035 11366 1.9 16 8 4 7 33% 2199045 1465 151%
c e 139.79  0 34 6 1023  4 23035 11326 1.9 16 8 4 7 33% 2198979 1384 143%
c s 139.84  0 34 6 1023  4 23035 11325 1.9 16 8 4 7 33% 2194627 1384 143%
c 
c  seconds   reductions  conflicts       size  tier2        variables
c          MB    restarts     redundant     glue  trail          remaining
c           level      rate        size/glue tier1   irredundant
c 
c - 141.48  0 35 7 1456  5 26015 9371 1.8 16 9 4 7 34% 2194627 1384 143%
c u 141.69  0 35 7 1456  5 26015 9278 1.8 16 9 4 7 34% 2194624 1384 143%
c v 141.75  0 35 7 1456  5 26015 9269 1.8 16 9 4 7 34% 2194624 1384 143%
c w 141.78  0 35 7 1456  5 26015 9262 1.8 16 9 4 7 34% 2194624 1384 143%
c x 141.88  0 35 7 1456  5 26015 9262 1.8 16 9 4 7 34% 2194382 1384 143%
c t 141.89  0 35 7 1456  5 26015 9262 1.8 16 9 4 7 34% 2194309 1384 143%
c f 141.99  0 35 7 1456  5 26015 9262 1.8 16 9 4 7 22% 2185867 2161 223%
c W 143.19  0 36 7 1617  5 28016 11144 1.9 16 9 4 7 24% 2185867 2161 223%
c } 144.48  0 37 7 1913  5 30586 13578 1.9 16 9 4 7 25% 2185867 2161 223%
c [ 144.48  0 28 7 1913  1 30586 13578 1.6 23 15 5 10 23% 2185867 2161 223%
c - 145.67  0 29 8 1916  1 35455 12180 1.6 24 15 5 10 27% 2185867 2161 223%
c t 146.29  0 29 8 1916  1 35455 12180 1.6 24 15 5 10 27% 2185858 2161 223%
c f 146.30  0 29 8 1916  1 35455 12180 1.6 24 15 5 10 27% 2185816 2184 226%
c W 146.76  0 29 8 1917  1 36017 12623 1.6 24 15 5 10 27% 2185816 2184 226%
c O 148.41  0 28 8 1921  1 45019 20289 1.6 24 16 5 11 30% 2185816 2184 226%
c - 148.79  0 28 9 1921  1 46467 13132 1.6 24 15 5 11 31% 2185816 2184 226%
c t 148.81  0 28 9 1921  1 46467 13132 1.6 24 15 5 11 31% 2185812 2184 226%
c ] 149.36  0 26 9 1921  1 50046 16087 1.6 24 15 5 11 32% 2185812 2184 226%
c { 149.36  0 37 9 1921  5 50046 16087 1.9 16 9 4 7 25% 2185812 2184 226%
c F 152.67  0 37 9 2369  5 55020 20767 1.9 17 9 4 7 27% 2185812 2184 226%
c 
c  seconds   reductions   conflicts        size  tier2        variables
c          MB     restarts      redundant     glue  trail          remaining
c           level       rate         size/glue tier1   irredundant
c 
c - 155.45  0 38 10 2821  5 59077 16385 1.9 17 9 4 7 28% 2185812 2184 226%
c u 155.76  0 38 10 2821  5 59077 16178 1.9 17 9 4 7 28% 2185812 2184 226%
c v 155.87  0 38 10 2821  5 59077 16163 1.9 17 9 4 7 28% 2185812 2184 226%
c w 155.93  0 38 10 2821  5 59077 16158 1.9 17 9 4 7 28% 2185812 2184 226%
c x 156.09  0 38 10 2821  5 59077 16158 1.9 17 9 4 7 28% 2185719 2184 226%
c t 156.09  0 38 10 2821  5 59077 16158 1.9 17 9 4 7 28% 2185656 2184 226%
c f 156.10  0 38 10 2821  5 59077 16158 1.9 17 9 4 7 28% 2185650 2188 226%
c s 160.02  0 38 10 3401  5 65559 22237 1.9 18 9 4 7 29% 2182886 2188 226%
c t 160.05  0 38 10 3401  5 65559 22237 1.9 18 9 4 7 29% 2182884 2188 226%
c e 160.25  0 38 10 3401  5 65559 22166 1.9 18 9 4 7 29% 2182749 2011 208%
c s 160.31  0 38 10 3401  5 65559 22166 1.9 18 9 4 7 29% 2180923 2011 208%
c B 160.87  0 37 10 3407  5 66023 22596 2.0 18 9 4 7 39% 2180923 2011 208%
c } 160.92  0 37 10 3415  5 66062 22632 2.0 18 9 4 7 39% 2180923 2011 208%
c [ 160.92  0 26 10 3415  1 66062 22632 1.6 24 15 5 11 36% 2180923 2011 208%
c - 162.22  0 25 11 3419  1 73292 19826 1.6 23 15 5 11 36% 2180923 2011 208%
c f 162.30  0 25 11 3419  1 73292 19826 1.6 23 15 5 11 36% 2180884 2045 211%
c B 163.07  0 24 11 3422  1 78024 23664 1.6 23 14 5 11 35% 2180884 2045 211%
c - 164.72  0 23 12 3428  1 89119 19852 1.6 23 14 5 11 35% 2180884 2045 211%
c t 165.38  0 23 12 3428  1 89119 19852 1.6 23 14 5 11 35% 2180883 2045 211%
c W 166.52  0 22 12 3429  1 91026 21355 1.6 23 14 5 11 35% 2180883 2045 211%
c 
c  seconds   reductions   conflicts         size   tier2         variables
c          MB     restarts       redundant     glue    trail          remaining
c           level       rate          size/glue  tier1    irredundant
c 
c I 168.82  0 21 12 3431  1 105029 32711 1.6 22 14 5 11 36% 2180883 2045 211%
c - 169.32  0 21 13 3431  1 106576 21127 1.7 23 14 5 11 36% 2180883 2045 211%
c u 169.65  0 21 13 3431  1 106576 20938 1.7 23 14 5 11 36% 2180883 2045 211%
c v 169.77  0 21 13 3431  1 106576 20922 1.7 23 14 5 11 36% 2180883 2045 211%
c w 169.82  0 21 13 3431  1 106576 20913 1.7 23 14 5 11 36% 2180883 2045 211%
c x 170.00  0 21 13 3431  1 106576 20913 1.7 23 14 5 11 36% 2180794 2045 211%
c t 170.02  0 21 13 3431  1 106576 20913 1.7 23 14 5 11 36% 2180652 2045 211%
c f 170.03  0 21 13 3431  1 106576 20913 1.7 23 14 5 11 36% 2180649 2048 212%
c ] 170.12  0 21 13 3431  1 106646 20980 1.7 23 14 5 11 36% 2180649 2048 212%
c { 170.12  0 37 13 3431  5 106646 20980 2.0 18 9 4 7 39% 2180649 2048 212%
c W 181.41  0 37 13 4920  6 120032 33623 2.0 19 9 4 7 35% 2180649 2048 212%
c - 186.56  0 38 14 5604  6 125661 27899 2.0 19 9 4 7 35% 2180649 2048 212%
c u 186.94  0 38 14 5604  6 125661 27669 2.0 19 9 4 7 35% 2180649 2048 212%
c v 187.05  0 38 14 5604  6 125661 27634 2.0 19 9 4 7 35% 2180649 2048 212%
c w 187.11  0 38 14 5604  6 125661 27630 2.0 19 9 4 7 35% 2180649 2048 212%
c x 187.29  0 38 14 5604  6 125661 27630 2.0 19 9 4 7 35% 2180508 2048 212%
c t 187.30  0 38 14 5604  6 125661 27630 2.0 19 9 4 7 35% 2180329 2048 212%
c f 187.31  0 38 14 5604  6 125661 27630 2.0 19 9 4 7 35% 2180289 2051 212%
c s 187.76  0 38 14 5639  6 126056 28008 2.0 19 9 4 7 35% 2178082 2051 212%
c e 187.99  0 38 14 5639  6 126056 27415 2.0 19 9 4 7 35% 2178064 2023 209%
c 
c  seconds   reductions   conflicts         size  tier2        variables
c          MB     restarts       redundant     glue  trail          remaining
c           level       rate          size/glue tier1   irredundant
c 
c s 188.07  0 38 14 5639  6 126056 27415 2.0 19 9 4 7 35% 2175107 2023 209%
c } 189.59  0 38 14 5786  6 127699 28970 2.0 19 9 4 7 35% 2175107 2023 209%
c [ 189.59  0 21 14 5786  1 127699 28970 1.7 23 14 5 11 36% 2175107 2023 209%
c B 191.03  0 23 14 5786  1 136036 36577 1.7 23 14 5 11 36% 2175107 2023 209%
c - 193.05  0 23 15 5792  1 146386 30423 1.7 23 14 5 10 36% 2175107 2023 209%
c p 193.09  0 23 15 5792  1 146386 30671 1.7 23 14 5 10 36% 2175107 2010 208%
c d 193.15  0 23 15 5792  1 146386 30586 1.7 23 14 5 10 36% 2175064 2009 208%
c 2 193.16  0 23 15 5792  1 146386 30586 1.7 23 14 5 10 36% 2175040 2009 208%
c t 193.17  0 23 15 5792  1 146386 30586 1.7 23 14 5 10 36% 2175030 2009 208%
c f 193.19  0 23 15 5792  1 146386 30500 1.7 23 14 5 10 36% 2175069 2036 210%
c W 195.05  0 23 15 5794  1 153040 35846 1.7 23 14 5 10 36% 2175069 2036 210%
c - 197.78  0 22 16 5801  1 168745 30829 1.7 23 14 5 10 37% 2175069 2036 210%
c p 197.81  0 22 16 5801  1 168745 30861 1.7 23 14 5 10 37% 2175069 2036 210%
c u 198.07  0 22 16 5801  1 168745 30751 1.7 23 14 5 10 37% 2175069 2036 210%
c v 198.17  0 22 16 5801  1 168745 30732 1.7 23 14 5 10 37% 2175069 2036 210%
c w 198.21  0 22 16 5801  1 168745 30730 1.7 23 14 5 10 37% 2175069 2036 210%
c x 198.36  0 22 16 5801  1 168745 30730 1.7 23 14 5 10 37% 2174990 2036 210%
c t 198.37  0 22 16 5801  1 168745 30730 1.7 23 14 5 10 37% 2174958 2036 210%
c f 198.38  0 22 16 5801  1 168745 30716 1.7 23 14 5 10 36% 2174938 2044 211%
c O 199.01  0 22 16 5801  1 171042 32525 1.7 23 14 5 10 36% 2174938 2044 211%
c 
c  seconds   reductions   conflicts         size   tier2         variables
c          MB     restarts       redundant     glue    trail          remaining
c           level       rate          size/glue  tier1    irredundant
c 
c ] 201.72  0 21 16 5808  1 185400 43565 1.7 23 13 5 10 36% 2174938 2044 211%
c { 201.72  0 38 16 5808  6 185400 43565 2.0 19 9 4 7 35% 2174938 2044 211%
c # 206.52  0 38 16 6531  6 190043 47976 2.0 19 10 4 7 35% 2174938 2044 211%
c - 209.05  0 38 17 6854  6 192748 33808 2.0 19 10 4 7 35% 2174938 2044 211%
c p 209.14  0 38 17 6854  6 192748 33856 2.0 19 10 4 7 35% 2174938 2044 211%
c u 210.97  0 38 17 6854  6 192748 33612 2.0 19 10 4 7 35% 2174945 2044 211%
c v 211.07  0 38 17 6854  6 192748 33589 2.0 19 10 4 7 35% 2174945 2044 211%
c w 211.11  0 38 17 6854  6 192748 33581 2.0 19 10 4 7 35% 2174945 2044 211%
c x 211.27  0 38 17 6854  6 192748 33581 2.0 19 10 4 7 35% 2174700 2044 211%
c t 211.27  0 38 17 6854  6 192748 33581 2.0 19 10 4 7 35% 2174672 2044 211%
c f 211.29  0 38 17 6854  6 192748 33579 2.0 19 10 4 7 35% 2174662 2049 212%
c s 224.44  0 38 17 8578  6 206621 46700 2.0 20 10 3 5 35% 2167352 2049 212%
c t 224.47  0 38 17 8578  6 206621 46700 2.0 20 10 3 5 35% 2167350 2049 212%
c e 224.69  0 38 17 8578  6 206621 46644 2.0 20 10 3 5 35% 2167296 2022 209%
c s 224.80  0 38 17 8578  6 206621 46644 2.0 20 10 3 5 35% 2150840 2022 209%
c B 228.58  0 38 17 9029  6 210049 49878 2.0 20 10 3 5 35% 2150840 2022 209%
c } 231.79  0 38 17 9421  6 213503 53151 2.0 20 10 3 5 35% 2150840 2022 209%
c [ 231.79  0 21 17 9421  1 213503 53151 1.7 23 13 5 10 36% 2150840 2022 209%
c ] 232.44  0 21 17 9424  1 216292 55684 1.7 23 13 5 10 37% 2150840 2022 209%
c 1 232.44  0 21 17 9424  1 216292 55684 1.7 23 13 5 10 37% 2150840 2022 209%
c 
c --- [ result ] -------------------------------------------------------------
c 
s SATISFIABLE
v -1 2 -3 -4 -5 6 7 -8 -9 10 -11 -12 -13 14 -15 -16 -17 18 19 -20 -21 22 -23
v 24 -25 26 -27 -28 -29 -30 31 32 -33 -34 -35 36 -37 38 39 -40 -41 -42 -43 44
v 45 46 -47 -48 -49 50 -51 52 -53 -54 -55 -56 -57 58 -59 60 -61 62 -63 64 -65
v -66 -67 -68 69 70 -71 -72 -73 74 -75 76 -77 78 -79 -80 -81 -82 -83 84 -85 86
v -87 88 89 -90 -91 -92 93 -94 -95 96 -97 98 -99 -100 101 -102 103 -104 -105
v -106 107 -108 -109 110 111 -112 113 -114 -115 116 -117 -118 119 -120 -121
v -122 -123 -124 125 126 -127 -128 129 -130 -131 -132 -133 -134 -135 -136 -137
v -138 -139 -140 -141 -142 -143 -144 -145 -146 -147 -148 -149 -150 -151 152
v -153 -154 155 -156 -157 -158 159 -160 161 -162 -163 -164 -165 -166 -167 -168
v 169 -170 -171 -172 -173 -174 -175 -176 -177 -178 179 180 -181 -182 183 -184
v -185 -186 -187 -188 -189 -190 -191 -192 -193 -194 -195 -196 -197 -198 -199
v -200 -201 202 -203 -204 205 -206 -207 208 -209 -210 -211 -212 -213 -214 -215
v 216 -217 -218 -219 -220 221 -222 -223 -224 -225 226 227 -228 -229 -230 -231
v -232 233 234 -235 -236 -237 -238 -239 -240 -241 -242 -243 -244 -245 -246
v -247 -248 -249 -250 -251 -252 -253 254 -255 -256 -257 -258 -259 -260 -261
v -262 -263 -264 -265 -266 -267 -268 -269 -270 -271 -272 -273 274 275 -276
v -277 -278 -279 280 281 -282 -283 -284 -285 286 -287 -288 -289 -290 291 -292
v -293 -294 -295 -296 -297 -298 -299 -300 -301 302 -303 -304 305 -306 307 -308
v -309 -310 -311 -312 313 -314 315 -316 -317 -318 -319 -320 -321 -322 -323
v -324 -325 -326 -327 -328 -329 -330 -331 -332 333 -334 -335 -336 -337 -338
v -339 -340 -341 -342 -343 -344 -345 -346 -347 -348 -349 -350 -351 -352 -353
v -354 -355 -356 -357 -358 -359 -360 -361 -362 -363 -364 365 366 -367 368 -369
v -370 -371 -372 -373 -374 -375 -376 377 -378 379 -380 -381 -382 383 -384 -385
v -386 -387 -388 -389 -390 -391 -392 -393 -394 -395 -396 -397 -398 -399 -400
v -401 -402 -403 -404 -405 -406 -407 -408 409 -410 -411 412 -413 414 -415 -416
v -417 418 -419 420 -421 -422 -423 -424 -425 -426 -427 -428 -429 -430 -431 432
v -433 -434 -435 -436 -437 -438 -439 -440 -441 442 443 -444 445 -446 -447 -448
v -449 -450 -451 -452 -453 -454 -455 -456 -457 -458 -459 -460 -461 -462 -463
v -464 -465 -466 -467 -468 -469 -470 -471 -472 -473 -474 -475 476 -477 478
v -479 480 -481 -482 -483 -484 485 -486 -487 488 489 -490 -491 -492 -493 -494
v -495 -496 -497 -498 -499 -500 -501 -502 -503 -504 -505 -506 -507 -508 -509
v -510 -511 -512 -513 514 515 -516 -517 -518 -519 -520 -521 -522 -523 524 -525
v -526 -527 -528 -529 -530 -531 -532 -533 -534 -535 -536 537 -538 -539 -540
v 541 -542 543 -544 -545 -546 -547 -548 -549 -550 -551 -552 -553 554 -555 556
v -557 -558 -559 -560 -561 -562 -563 -564 -565 -566 -567 -568 -569 570 -571
v -572 573 -574 -575 576 -577 -578 579 -580 -581 -582 -583 -584 -585 -586 -587
v -588 -589 -590 591 -592 -593 594 -595 -596 -597 -598 -599 -600 -601 -602 603
v -604 -605 -606 -607 -608 609 -610 -611 -612 -613 -614 -615 -616 -617 -618
v -619 -620 -621 -622 -623 -624 -625 -626 627 628 -629 -630 -631 -632 -633
v -634 -635 -636 -637 -638 -639 -640 -641 -642 -643 -644 -645 -646 -647 -648
v 649 -650 -651 652 -653 -654 -655 -656 -657 -658 -659 -660 -661 -662 -663 664
v -665 -666 -667 -668 -669 -670 -671 672 -673 -674 -675 -676 -677 -678 -679
v -680 -681 -682 683 -684 -685 -686 -687 -688 -689 -690 -691 -692 -693 -694
v -695 -696 -697 -698 -699 -700 -701 702 -703 -704 -705 -706 707 -708 -709
v -710 -711 -712 -713 -714 -715 716 -717 -718 -719 -720 -721 -722 -723 -724
v -725 -726 -727 -728 -729 -730 -731 -732 -733 -734 -735 736 -737 -738 739
v -740 -741 -742 743 744 -745 -746 747 -748 -749 -750 -751 -752 -753 -754 755
v -756 -757 -758 -759 -760 -761 -762 -763 -764 -765 -766 -767 -768 769 -770
v -771 -772 -773 -774 -775 -776 777 -778 -779 -780 -781 -782 -783 -784 -785
v -786 787 -788 -789 -790 -791 -792 793 -794 795 -796 -797 798 -799 -800 801
v -802 -803 -804 805 -806 -807 -808 809 810 -811 -812 813 -814 815 -816 817
v -818 -819 820 -821 -822 823 -824 -825 -826 827 -828 829 -830 -831 -832 -833
v 834 835 -836 -837 -838 839 -840 841 842 -843 -844 -845 -846 847 -848 849
v -850 -851 -852 853 854 -855 -856 857 -858 -859 860 -861 -862 -863 864 865
v -866 -867 868 -869 870 -871 -872 -873 874 -875 -876 877 -878 879 -880 -881
v 882 -883 884 -885 -886 -887 -888 889 890 -891 -892 893 -894 -895 -896 897
v 898 -899 -900 901 -902 -903 904 -905 906 -907 -908 -909 910 -911 -912 913
v 914 915 -916 -917 -918 919 -920 921 -922 -923 -924 -925 -926 -927 -928 -929
v -930 -931 -932 -933 -934 -935 -936 -937 -938 -939 -940 -941 -942 -943 -944
v -945 -946 -947 -948 -949 -950 -951 -952 -953 -954 -955 -956 -957 -958 -959
v -960 -961 -962 -963 -964 -965 -966 -967 -968 0
c 
c --- [ run-time profiling ] -------------------------------------------------
c 
c process time taken by individual solving procedures
c (percentage relative to process time for solving)
c 
c       139.89   60.42% simplify
c       129.79   56.05% congruence
c       129.67   56.00% preprocess
c        91.60   39.56% search
c        63.48   27.41% unstable
c        25.10   10.84% stable
c         3.33    1.44% vivify
c         3.01    1.30% walk
c         2.99    1.29% sweep
c         1.64    0.71% elim
c         0.90    0.39% parse
c         0.69    0.30% subsume
c         0.43    0.18% factor
c         0.33    0.14% probe
c         0.10    0.04% fastelim
c         0.04    0.02% ternary
c         0.01    0.00% lucky
c         0.00    0.00% backbone
c   =================================
c       231.55   99.61% solve
c 
c last line shows process time for solving
c (percentage relative to total process time)
c 
c --- [ statistics ] ---------------------------------------------------------
c 
c chronological:             52924        24.47 %  of conflicts
c conflicts:                216292       934.12    per second
c backbone:                 110318      4321.11 %  of vars
c decisions:                655747      2832.05    per second
c eliminated:                  322        12.61 %  of all variables
c factored:                   1585        75.76 %  of variables
c fixed:                       109         4.27 %  of all variables
c learned:                  211504        97.79 %  per conflict
c learned_lits:            6294523       100.00 %  learned literals
c minimized:                     0         0.00 %  learned literals
c shrunken:                1114162        17.70 %  learned literals
c minishrunken:             576941         9.17 %  learned literals
c otfs:                       1280         0.59 %  of conflict
c propagations:           28053540         0.12 M  per second
c reduced:                  130227        60.21 %  per conflict
c rephased:                     20     10814.60    interval
c restarts:                   9424        22.95    interval
c stabilizing:                   6        60.80 %  of conflicts
c substituted:                  56         2.19 %  of all variables
c subsumed:                 290958        10.54 %  of all clauses
c strengthened:              17116         0.62 %  of all clauses
c ticks:                9100008392       329.10    propagation
c vivified:                   2668         0.10 %  of all clauses
c walked:                        5     43258.40    interval
c weakened:                   1621         2.98    average size
c congruence:                    6     36048.67    interval
c 
c seconds are measured in process time for solving
c 
c --- [ glue usage ] ---------------------------------------------------------
c 
c focused glue 3 used 63023 clauses 20.23% accumulated 55.95% tier1
c focused glue 4 used 39028 clauses 12.53% accumulated 68.48%
c focused glue 5 used 25723 clauses 8.258% accumulated 76.74% tier2
c 
c stable glue 5 used 68244 clauses 7.703% accumulated 56.87% tier1
c stable glue 6 used 85361 clauses 9.635% accumulated 66.50%
c stable glue 7 used 68224 clauses 7.701% accumulated 74.20%
c stable glue 8 used 43555 clauses 4.916% accumulated 79.12%
c stable glue 9 used 31494 clauses 3.555% accumulated 82.67% tier2
c 
c 
c --- [ resources ] ----------------------------------------------------------
c 
c total process time since initialization:       232.44    seconds
c total real time since initialization:          232.58    seconds
c maximum resident set size of process:      2054960.00    MB
c 
c --- [ shutting down ] ------------------------------------------------------
c 
c exit 10
