c --- [ banner ] -------------------------------------------------------------
c 
c CaDiCaL SAT Solver
c Copyright (c) 2016-2025
c A. Biere, M. Fleury, N. Froleyks, K. Fazekas, F. Pollitt, T. Faller
c JKU Linz, University of Freiburg, TU Wien
c 
c Version 3.0.0 7b99c07f0bcab5824a5a3ce62c7066554017f641
c Apple clang version 21.0.0 (clang-2100.0.123.102) -Wall -Wextra -O3 -DNDEBUG -DNCLOSEFROM
c Thu Apr 23 22:35:47 PDT 2026 Darwin dada-mun-26.local 25.4.0 arm64
c 
c --- [ limit ] --------------------------------------------------------------
c 
c setting time limit to 300 seconds real time (due to '-t 300')
c 
c --- [ parsing input ] ------------------------------------------------------
c 
c reading DIMACS file from 'scratch/atail-force/unique-arm-whole-carrier-source-audit/cegar-live-20260726/round_004/opp1_5.cnf'
c opening file to read 'scratch/atail-force/unique-arm-whole-carrier-source-audit/cegar-live-20260726/round_004/opp1_5.cnf'
c found 'p cnf 968 2527626' header
c parsed 2527626 clauses in 0.90 seconds process time
c 
c --- [ options ] ------------------------------------------------------------
c 
c all options are set to their default value
c 
c --- [ solving ] ------------------------------------------------------------
c 
c time measured in process time since initialization
c 
c  seconds  reduction conflicts       size tier2        variables
c         MB    restarts   redundant    glue  trail         remaining
c          level     rate       size/glu tier1   irredundant
c 
c *  0.90  0  0 0   0  0    0    0 0.0 0 0 2 6  0% 2522870 863 89%
c (  0.90  0  0 0   0  0    0    0 0.0 0 0 2 6  0% 2522870 863 89%
c .  0.93  0  0 0   0  0    0    0 0.0 0 0 2 6  0% 2521130 863 89%
c c 130.86  0  0 0   0  0    0    0 0.0 0 0 2 6  0% 2299204 863 89%
c d 130.90  0  0 0   0  0    0    0 0.0 0 0 2 6  0% 2299134 843 87%
c 2 130.91  0  0 0   0  0    0    0 0.0 0 0 2 6  0% 2299124 843 87%
c f 131.09  0  0 0   0  0    0    0 0.0 0 0 2 6  0% 2278979 2594 268%
c e 131.21  0  0 0   0  0    0    0 0.0 0 0 2 6  0% 2278809 2371 245%
c P 131.28  0  0 0   0  0    0    0 0.0 0 0 2 6  0% 2278809 2371 245%
c ) 131.28  0  0 0   0  0    0    0 0.0 0 0 2 6  0% 2278809 2371 245%
c { 131.28  0  0 0   0  0    0    0 0.0 0 0 2 6  0% 2278809 2371 245%
c - 131.44  0 54 1  39  8  302  201 1.7 12 7 2 6 37% 2278809 2371 245%
c } 131.73  0 42 1  91  5 1002  864 1.9 14 7 2 6 36% 2278809 2371 245%
c [ 131.73  0  0 1  91  0 1002  864 0.0 0 0 2 6  0% 2278809 2371 245%
c O 131.74  0 15 1  91 16 1003  865 1.2 12 10 2 6 29% 2278809 2371 245%
c - 131.98  0 24 2  91  1 1327  762 1.7 18 11 2 6 37% 2278809 2371 245%
c I 132.34  0 25 2  92  1 3005 2280 1.7 20 12 2 6 12% 2278809 2371 245%
c - 132.55  0 28 3  93  1 3473 1406 1.6 21 13 2 6 36% 2278809 2371 245%
c ] 132.57  0 28 3  93  1 3542 1472 1.6 21 13 2 6 37% 2278809 2371 245%
c { 132.57  0 42 3  93  5 3542 1472 1.9 14 7 2 6 41% 2278809 2371 245%
c 
c  seconds   reduction conflicts       size  tier2        variables
c          MB    restarts   redundant     glue  trail          remaining
c           level     rate       size/glue tier1   irredundant
c 
c k 133.09  0 45 3 178  6 4100 2014 1.8 14 8 2 6 40% 2278847 2364 244%
c t 133.37  0 45 3 178  6 4100 2012 1.8 14 8 2 6 40% 2278825 2364 244%
c O 134.23  0 46 3 344  6 6006 3840 1.8 15 8 5 7 38% 2278825 2364 244%
c - 134.83  0 46 4 461  6 6946 3291 1.8 15 8 5 7 38% 2278825 2364 244%
c t 134.86  0 46 4 461  6 6946 3291 1.8 15 8 5 7 38% 2278791 2364 244%
c } 135.99  0 46 4 717  6 9638 5863 1.9 16 9 5 7 38% 2278791 2364 244%
c [ 135.99  0 28 4 717  1 9638 5863 1.6 21 13 2 6 37% 2278791 2364 244%
c B 136.11  0 28 4 717  1 10007 6201 1.6 21 13 2 6 38% 2278791 2364 244%
c - 136.61  0 36 5 718  1 11857 5262 1.6 24 15 2 6 38% 2278791 2364 244%
c t 136.99  0 36 5 718  1 11857 5262 1.6 24 15 2 6 38% 2278799 2364 244%
c f 137.04  0 36 5 718  1 11857 5262 1.6 24 15 2 6 36% 2278588 2516 260%
c W 137.92  0 34 5 720  1 15009 8109 1.6 25 15 6 13 40% 2278588 2516 260%
c ] 138.35  0 33 5 721  1 17150 10040 1.6 25 15 6 13 41% 2278588 2516 260%
c 1 138.35  0 33 5 721  1 17150 10040 1.6 25 15 6 13 41% 2278588 2516 260%
c 
c --- [ result ] -------------------------------------------------------------
c 
s SATISFIABLE
v -1 2 -3 -4 -5 6 -7 8 -9 -10 11 12 -13 14 15 -16 -17 -18 -19 -20 21 -22 -23
v 24 -25 26 -27 -28 29 -30 -31 -32 33 -34 35 36 -37 38 39 -40 -41 -42 -43 -44
v 45 -46 -47 48 -49 -50 51 52 -53 -54 -55 -56 -57 58 -59 60 -61 -62 63 -64 65
v -66 -67 68 -69 70 -71 -72 -73 -74 75 76 -77 -78 -79 -80 -81 -82 83 84 -85 86
v -87 88 89 90 -91 -92 93 -94 95 -96 -97 -98 -99 -100 -101 -102 103 -104 -105
v -106 107 108 -109 110 111 -112 113 -114 -115 116 -117 -118 119 -120 -121
v -122 -123 -124 125 -126 127 -128 -129 130 -131 -132 -133 -134 -135 -136 -137
v -138 -139 -140 -141 -142 -143 -144 -145 -146 -147 -148 -149 -150 -151 -152
v 153 -154 -155 156 -157 -158 -159 -160 -161 -162 163 -164 -165 -166 167 168
v -169 -170 -171 -172 -173 174 -175 176 -177 -178 -179 -180 -181 182 -183 -184
v -185 -186 -187 -188 189 -190 -191 -192 -193 -194 -195 -196 -197 -198 -199
v -200 -201 -202 203 -204 -205 -206 -207 -208 -209 -210 -211 -212 -213 -214
v -215 -216 -217 -218 -219 -220 221 -222 -223 224 -225 -226 -227 228 -229 -230
v 231 -232 -233 -234 235 -236 -237 -238 -239 -240 -241 -242 -243 -244 -245
v -246 -247 -248 -249 250 -251 -252 -253 -254 -255 -256 -257 -258 -259 -260
v -261 -262 -263 -264 -265 266 267 268 -269 -270 -271 -272 -273 274 275 -276
v -277 -278 -279 -280 281 -282 -283 -284 -285 -286 -287 -288 -289 -290 -291
v -292 -293 -294 -295 -296 -297 -298 -299 -300 -301 -302 -303 304 -305 306 307
v -308 -309 -310 -311 -312 -313 -314 -315 -316 -317 -318 -319 -320 -321 -322
v -323 -324 325 -326 327 328 -329 -330 -331 -332 -333 -334 -335 -336 337 -338
v -339 -340 -341 -342 -343 -344 -345 -346 -347 -348 -349 -350 -351 -352 -353
v -354 355 -356 -357 -358 -359 -360 -361 -362 -363 -364 365 -366 367 -368 369
v -370 -371 -372 -373 -374 -375 -376 -377 378 -379 380 -381 -382 -383 -384
v -385 -386 387 -388 -389 -390 -391 -392 -393 -394 -395 -396 -397 -398 -399
v -400 -401 402 -403 -404 -405 406 407 -408 -409 -410 -411 -412 -413 -414 -415
v -416 -417 -418 419 420 -421 -422 -423 -424 -425 -426 427 -428 -429 -430 -431
v -432 -433 434 -435 -436 -437 -438 -439 -440 -441 -442 -443 -444 -445 -446
v -447 -448 -449 -450 -451 -452 -453 -454 -455 -456 -457 -458 -459 -460 -461
v -462 -463 -464 -465 -466 -467 -468 -469 -470 -471 472 473 -474 475 476 -477
v 478 -479 480 -481 482 -483 -484 485 -486 487 -488 -489 -490 -491 -492 493
v -494 495 -496 -497 -498 -499 -500 -501 -502 -503 -504 -505 -506 -507 -508
v -509 -510 -511 -512 513 -514 -515 -516 -517 -518 -519 -520 -521 -522 -523
v -524 -525 -526 -527 -528 -529 -530 -531 -532 -533 -534 -535 -536 -537 -538
v -539 -540 -541 -542 -543 -544 -545 -546 547 -548 -549 -550 -551 -552 -553
v 554 555 556 -557 -558 -559 -560 -561 -562 -563 -564 -565 -566 -567 -568 569
v 570 571 -572 573 -574 -575 576 -577 -578 579 -580 -581 -582 -583 -584 -585
v -586 -587 -588 -589 -590 591 -592 -593 594 -595 -596 -597 -598 -599 -600
v -601 -602 -603 -604 -605 -606 -607 -608 609 -610 -611 -612 -613 -614 -615
v -616 -617 -618 -619 -620 -621 -622 -623 -624 -625 -626 627 628 -629 -630
v -631 -632 -633 -634 -635 -636 -637 -638 -639 -640 -641 -642 -643 -644 -645
v -646 -647 -648 649 -650 -651 -652 -653 -654 -655 -656 -657 -658 659 -660
v -661 -662 -663 -664 -665 -666 -667 -668 669 -670 -671 672 -673 -674 -675
v -676 -677 -678 -679 -680 -681 -682 -683 -684 -685 -686 -687 -688 -689 690
v -691 -692 -693 694 -695 -696 -697 -698 -699 -700 -701 -702 -703 -704 -705
v -706 -707 -708 -709 -710 -711 -712 -713 -714 715 -716 -717 -718 -719 -720
v -721 722 -723 -724 -725 -726 727 -728 -729 -730 -731 -732 -733 -734 -735
v -736 -737 -738 739 -740 -741 -742 743 -744 745 -746 -747 748 -749 -750 -751
v -752 -753 754 -755 -756 -757 -758 -759 -760 -761 -762 -763 -764 -765 -766
v -767 -768 -769 770 -771 -772 -773 -774 -775 -776 -777 778 -779 -780 -781
v -782 -783 -784 -785 -786 787 -788 -789 -790 -791 -792 793 -794 795 -796 -797
v 798 -799 -800 801 -802 -803 -804 805 -806 -807 -808 809 -810 811 -812 -813
v 814 815 -816 817 -818 -819 820 -821 -822 823 -824 -825 -826 -827 -828 829
v -830 -831 -832 833 834 -835 836 837 838 -839 -840 841 -842 843 -844 -845
v -846 -847 -848 849 -850 -851 -852 853 -854 855 -856 -857 858 -859 -860 -861
v -862 -863 864 865 -866 867 -868 869 -870 871 -872 -873 -874 875 -876 877
v -878 -879 880 881 -882 883 -884 -885 886 -887 -888 889 -890 -891 -892 893
v -894 895 -896 -897 -898 -899 900 901 -902 -903 904 -905 -906 -907 908 -909
v 910 -911 -912 913 914 -915 -916 917 -918 -919 920 921 -922 -923 -924 -925
v -926 -927 -928 -929 -930 -931 -932 -933 -934 -935 -936 -937 -938 -939 -940
v -941 -942 -943 -944 -945 -946 -947 -948 -949 -950 -951 -952 -953 -954 -955
v -956 -957 -958 -959 -960 -961 -962 -963 -964 -965 -966 -967 -968 0
c 
c --- [ run-time profiling ] -------------------------------------------------
c 
c process time taken by individual solving procedures
c (percentage relative to process time for solving)
c 
c       131.18   95.44% simplify
c       130.38   94.85% preprocess
c       130.12   94.66% congruence
c         6.22    4.52% search
c         3.45    2.51% unstable
c         2.51    1.82% stable
c         0.90    0.65% parse
c         0.53    0.38% sweep
c         0.25    0.18% walk
c         0.25    0.18% factor
c         0.10    0.08% fastelim
c         0.05    0.04% subsume
c         0.01    0.01% probe
c         0.01    0.01% lucky
c         0.00    0.00% backbone
c   =================================
c       137.45   99.35% solve
c 
c last line shows process time for solving
c (percentage relative to total process time)
c 
c --- [ statistics ] ---------------------------------------------------------
c 
c chronological:              4814        28.07 %  of conflicts
c conflicts:                 17150       124.77    per second
c backbone:                  30839      1074.16 %  of vars
c decisions:                 57865       420.99    per second
c eliminated:                  223         7.77 %  of all variables
c factored:                   1903        75.40 %  of variables
c fixed:                        68         2.37 %  of all variables
c learned:                   16780        97.84 %  per conflict
c learned_lits:             441491       100.00 %  learned literals
c minimized:                     0         0.00 %  learned literals
c shrunken:                  51486        11.66 %  learned literals
c minishrunken:              33331         7.55 %  learned literals
c otfs:                        114         0.66 %  of conflict
c propagations:            1894639         0.01 M  per second
c reduced:                    5870        34.23 %  per conflict
c rephased:                      5      3430.00    interval
c restarts:                    721        23.79    interval
c stabilizing:                   2        58.41 %  of conflicts
c substituted:                  20         0.70 %  of all variables
c subsumed:                 222916         8.69 %  of all clauses
c strengthened:                111         0.00 %  of all clauses
c ticks:                 663195595       358.99    propagation
c walked:                        1     17150.00    interval
c weakened:                    938         2.64    average size
c congruence:                    3      5716.67    interval
c 
c seconds are measured in process time for solving
c 
c --- [ glue usage ] ---------------------------------------------------------
c 
c focused glue 5 used 1816 clauses 12.80% accumulated 59.46% tier1
c focused glue 6 used 1536 clauses 10.83% accumulated 70.30%
c focused glue 7 used 1043 clauses 7.356% accumulated 77.66% tier2
c 
c stable glue 6 used 3730 clauses 9.043% accumulated 54.00% tier1
c stable glue 7 used 2406 clauses 5.833% accumulated 59.83%
c stable glue 8-11 used 7358 clauses 17.83% accumulated 77.67%
c stable glue 12 used 1146 clauses 2.778% accumulated 80.45%
c stable glue 13 used 913 clauses 2.213% accumulated 82.66% tier2
c 
c 
c --- [ resources ] ----------------------------------------------------------
c 
c total process time since initialization:       138.35    seconds
c total real time since initialization:          138.44    seconds
c maximum resident set size of process:      1771264.00    MB
c 
c --- [ shutting down ] ------------------------------------------------------
c 
c exit 10
